Component: ARM Compiler 5.06 update 6 (build 750) Tool: armlink [4d35ed]

==============================================================================

Section Cross References

    startup_stm32h743xx.o(RESET) refers to startup_stm32h743xx.o(STACK) for __initial_sp
    startup_stm32h743xx.o(RESET) refers to startup_stm32h743xx.o(.text) for Reset_Handler
    startup_stm32h743xx.o(RESET) refers to stm32h7xx_it.o(i.NMI_Handler) for NMI_Handler
    startup_stm32h743xx.o(RESET) refers to stm32h7xx_it.o(i.HardFault_Handler) for HardFault_Handler
    startup_stm32h743xx.o(RESET) refers to stm32h7xx_it.o(i.MemManage_Handler) for MemManage_Handler
    startup_stm32h743xx.o(RESET) refers to stm32h7xx_it.o(i.BusFault_Handler) for BusFault_Handler
    startup_stm32h743xx.o(RESET) refers to stm32h7xx_it.o(i.UsageFault_Handler) for UsageFault_Handler
    startup_stm32h743xx.o(RESET) refers to port.o(.emb_text) for SVC_Handler
    startup_stm32h743xx.o(RESET) refers to stm32h7xx_it.o(i.DebugMon_Handler) for DebugMon_Handler
    startup_stm32h743xx.o(RESET) refers to port.o(i.SysTick_Handler) for SysTick_Handler
    startup_stm32h743xx.o(RESET) refers to stm32h7xx_it.o(i.DMA1_Stream1_IRQHandler) for DMA1_Stream1_IRQHandler
    startup_stm32h743xx.o(RESET) refers to stm32h7xx_it.o(i.DMA1_Stream3_IRQHandler) for DMA1_Stream3_IRQHandler
    startup_stm32h743xx.o(RESET) refers to stm32h7xx_it.o(i.TIM1_UP_IRQHandler) for TIM1_UP_IRQHandler
    startup_stm32h743xx.o(RESET) refers to usart.o(i.USART1_IRQHandler) for USART1_IRQHandler
    startup_stm32h743xx.o(RESET) refers to stm32h7xx_it.o(i.USART3_IRQHandler) for USART3_IRQHandler
    startup_stm32h743xx.o(RESET) refers to stm32h7xx_it.o(i.TIM7_IRQHandler) for TIM7_IRQHandler
    startup_stm32h743xx.o(.text) refers to system_stm32h7xx.o(i.SystemInit) for SystemInit
    startup_stm32h743xx.o(.text) refers to entry.o(.ARM.Collect$$$$00000000) for __main
    system_stm32h7xx.o(i.SystemCoreClockUpdate) refers to system_stm32h7xx.o(.constdata) for D1CorePrescTable
    system_stm32h7xx.o(i.SystemCoreClockUpdate) refers to system_stm32h7xx.o(.data) for SystemD2Clock
    main.o(i.GetAxisPPR) refers to main.o(.bss) for axis
    main.o(i.HAL_TIM_PeriodElapsedCallback) refers to ethercatmain.o(i.ec_send_processdata) for ec_send_processdata
    main.o(i.HAL_TIM_PeriodElapsedCallback) refers to tasks.o(i.vTaskGenericNotifyGiveFromISR) for vTaskGenericNotifyGiveFromISR
    main.o(i.HAL_TIM_PeriodElapsedCallback) refers to stm32h7xx_hal.o(i.HAL_IncTick) for HAL_IncTick
    main.o(i.HAL_TIM_PeriodElapsedCallback) refers to tim.o(.bss) for htim1
    main.o(i.HAL_TIM_PeriodElapsedCallback) refers to main.o(.data) for dorun
    main.o(i.MPU_Config) refers to stm32h7xx_hal_cortex.o(i.HAL_MPU_Disable) for HAL_MPU_Disable
    main.o(i.MPU_Config) refers to stm32h7xx_hal_cortex.o(i.HAL_MPU_ConfigRegion) for HAL_MPU_ConfigRegion
    main.o(i.MPU_Config) refers to stm32h7xx_hal_cortex.o(i.HAL_MPU_Enable) for HAL_MPU_Enable
    main.o(i.Stm32_Clock_Init) refers to stm32h7xx_hal_rcc.o(i.HAL_RCC_OscConfig) for HAL_RCC_OscConfig
    main.o(i.Stm32_Clock_Init) refers to stm32h7xx_hal_rcc.o(i.HAL_RCC_ClockConfig) for HAL_RCC_ClockConfig
    main.o(i.Stm32_Clock_Init) refers to stm32h7xx_hal.o(i.HAL_EnableCompensationCell) for HAL_EnableCompensationCell
    main.o(i.main) refers to main.o(i.MPU_Config) for MPU_Config
    main.o(i.main) refers to main.o(i.Cache_Enable) for Cache_Enable
    main.o(i.main) refers to stm32h7xx_hal.o(i.HAL_Init) for HAL_Init
    main.o(i.main) refers to main.o(i.Stm32_Clock_Init) for Stm32_Clock_Init
    main.o(i.main) refers to gpio.o(i.MX_GPIO_Init) for MX_GPIO_Init
    main.o(i.main) refers to eth.o(i.MX_ETH_Init) for MX_ETH_Init
    main.o(i.main) refers to tim.o(i.MX_TIM1_Init) for MX_TIM1_Init
    main.o(i.main) refers to tim.o(i.MX_TIM2_Init) for MX_TIM2_Init
    main.o(i.main) refers to usart.o(i.DEBUG_USART_Config) for DEBUG_USART_Config
    main.o(i.main) refers to param_store.o(i.Param_LoadAll) for Param_LoadAll
    main.o(i.main) refers to param_store.o(i.Param_EnsureDefaults) for Param_EnsureDefaults
    main.o(i.main) refers to param_store.o(i.Param_GetVersion) for Param_GetVersion
    main.o(i.main) refers to printfa.o(i.__0printf) for __2printf
    main.o(i.main) refers to dm9000.o(i.DM9000_Init) for DM9000_Init
    main.o(i.main) refers to dm9000.o(i.dm9k_ReadID) for dm9k_ReadID
    main.o(i.main) refers to eth.o(i.PHY_Init) for PHY_Init
    main.o(i.main) refers to rs485.o(i.RS485_Init) for RS485_Init
    main.o(i.main) refers to modbus_slave.o(i.Modbus_Init) for Modbus_Init
    main.o(i.main) refers to fdcan.o(i.FDCAN1_Mode_Init) for FDCAN1_Mode_Init
    main.o(i.main) refers to stm32h7xx_hal_tim.o(i.HAL_TIM_Base_Start_IT) for HAL_TIM_Base_Start_IT
    main.o(i.main) refers to stm32h7xx_hal_eth.o(i.HAL_ETH_ReadPHYRegister) for HAL_ETH_ReadPHYRegister
    main.o(i.main) refers to dm9000.o(i.dm9k_ReadReg) for dm9k_ReadReg
[...]
    __decompress                             0x08100325   Thumb Code     0  __dczerorl2.o(.text)
    __decompress1                            0x08100325   Thumb Code    86  __dczerorl2.o(.text)
    Arc_Abort                                0x0810037d   Thumb Code    68  motion_api.o(i.Arc_Abort)
    Arc_ProcessStep                          0x081003c9   Thumb Code   456  motion_api.o(i.Arc_ProcessStep)
    Axis_ApplyVelocity                       0x08100599   Thumb Code   686  motion_api.o(i.Axis_ApplyVelocity)
    Axis_CheckHomingDone                     0x08100881   Thumb Code   510  motion_api.o(i.Axis_CheckHomingDone)
    Axis_NameToIndex                         0x08100acd   Thumb Code    68  serial_cmd.o(i.Axis_NameToIndex)
    Axis_ParsePosition                       0x08100b11   Thumb Code    94  serial_cmd.o(i.Axis_ParsePosition)
    Axis_ParseRpm                            0x08100b6f   Thumb Code   100  serial_cmd.o(i.Axis_ParseRpm)
    Axis_SetMoveSpeed                        0x08100bd5   Thumb Code    68  motion_api.o(i.Axis_SetMoveSpeed)
    Axis_StopOne                             0x08100c1d   Thumb Code   924  motion_api.o(i.Axis_StopOne)
    Axis_TrimSpaces                          0x08101009   Thumb Code    86  serial_cmd.o(i.Axis_TrimSpaces)
    Axis_UpdateModeGearRatio                 0x08101061   Thumb Code    92  ethercat_slave.o(i.Axis_UpdateModeGearRatio)
    Cache_Enable                             0x081010fd   Thumb Code   310  main.o(i.Cache_Enable)
    CmdExec_CheckTriggers                    0x0810123d   Thumb Code  3460  modbus_slave.o(i.CmdExec_CheckTriggers)
    DEBUG_USART_Config                       0x0810202d   Thumb Code   234  usart.o(i.DEBUG_USART_Config)
    DM9161_Init                              0x08102129   Thumb Code   322  dm9161.o(i.DM9161_Init)
    Delay_us                                 0x08102939   Thumb Code    28  bsp_timer.o(i.Delay_us)
    FDCAN1_Mode_Init                         0x08102a65   Thumb Code   158  fdcan.o(i.FDCAN1_Mode_Init)
    FMC_NORSRAM_Extended_Timing_Init         0x08102d2d   Thumb Code    62  stm32h7xx_ll_fmc.o(i.FMC_NORSRAM_Extended_Timing_Init)
    FMC_NORSRAM_Init                         0x08102d71   Thumb Code   160  stm32h7xx_ll_fmc.o(i.FMC_NORSRAM_Init)
    FMC_NORSRAM_Timing_Init                  0x08102e15   Thumb Code   102  stm32h7xx_ll_fmc.o(i.FMC_NORSRAM_Timing_Init)
    HAL_DMA_Abort_IT                         0x08102f0d   Thumb Code   906  stm32h7xx_hal_dma.o(i.HAL_DMA_Abort_IT)
    HAL_DMA_IRQHandler                       0x081032a5   Thumb Code  2800  stm32h7xx_hal_dma.o(i.HAL_DMA_IRQHandler)
    HAL_DMA_Init                             0x08103d9d   Thumb Code  1304  stm32h7xx_hal_dma.o(i.HAL_DMA_Init)
    HAL_DMA_Start_IT                         0x081042bd   Thumb Code   980  stm32h7xx_hal_dma.o(i.HAL_DMA_Start_IT)
    HAL_ETH_DescAssignMemory                 0x0810469d   Thumb Code    64  stm32h7xx_hal_eth.o(i.HAL_ETH_DescAssignMemory)
    HAL_ETH_GetRxDataBuffer                  0x081046dd   Thumb Code   192  stm32h7xx_hal_eth.o(i.HAL_ETH_GetRxDataBuffer)
    HAL_ETH_IsRxDataAvailable                0x0810479d   Thumb Code   274  stm32h7xx_hal_eth.o(i.HAL_ETH_IsRxDataAvailable)
    HAL_ETH_ReadPHYRegister                  0x081048af   Thumb Code   120  stm32h7xx_hal_eth.o(i.HAL_ETH_ReadPHYRegister)
    HAL_ETH_Start_IT                         0x08104927   Thumb Code   198  stm32h7xx_hal_eth.o(i.HAL_ETH_Start_IT)
    HAL_ETH_Transmit                         0x081049ed   Thumb Code   210  stm32h7xx_hal_eth.o(i.HAL_ETH_Transmit)
    HAL_FDCAN_ConfigFilter                   0x08104abf   Thumb Code   168  stm32h7xx_hal_fdcan.o(i.HAL_FDCAN_ConfigFilter)
    HAL_FDCAN_DeInit                         0x08104b67   Thumb Code    48  stm32h7xx_hal_fdcan.o(i.HAL_FDCAN_DeInit)
    HAL_FDCAN_MspInit                        0x08104b99   Thumb Code   114  fdcan.o(i.HAL_FDCAN_MspInit)
    HAL_FDCAN_Stop                           0x08104c15   Thumb Code   162  stm32h7xx_hal_fdcan.o(i.HAL_FDCAN_Stop)
    HAL_GPIO_Init                            0x08104cb9   Thumb Code   468  stm32h7xx_hal_gpio.o(i.HAL_GPIO_Init)
    HAL_MPU_ConfigRegion                     0x08104ec1   Thumb Code    88  stm32h7xx_hal_cortex.o(i.HAL_MPU_ConfigRegion)
    HAL_NVIC_SetPriorityGrouping             0x08104f1d   Thumb Code    32  stm32h7xx_hal_cortex.o(i.HAL_NVIC_SetPriorityGrouping)
    HAL_RCCEx_GetD3PCLK1Freq                 0x08104f45   Thumb Code    26  stm32h7xx_hal_rcc_ex.o(i.HAL_RCCEx_GetD3PCLK1Freq)
    HAL_RCCEx_GetPLL3ClockFreq               0x08104f69   Thumb Code   536  stm32h7xx_hal_rcc_ex.o(i.HAL_RCCEx_GetPLL3ClockFreq)
    HAL_RCCEx_PeriphCLKConfig                0x08105199   Thumb Code  2910  stm32h7xx_hal_rcc_ex.o(i.HAL_RCCEx_PeriphCLKConfig)
    HAL_RCC_GetHCLKFreq                      0x08105cfd   Thumb Code    60  stm32h7xx_hal_rcc.o(i.HAL_RCC_GetHCLKFreq)
    HAL_RCC_GetPCLK1Freq                     0x08105d49   Thumb Code    26  stm32h7xx_hal_rcc.o(i.HAL_RCC_GetPCLK1Freq)
    HAL_RCC_OscConfig                        0x08105d6d   Thumb Code  2010  stm32h7xx_hal_rcc.o(i.HAL_RCC_OscConfig)
    HAL_SRAM_Init                            0x08106551   Thumb Code   106  stm32h7xx_hal_sram.o(i.HAL_SRAM_Init)
    HAL_TIMEx_BreakCallback                  0x081065c1   Thumb Code     2  stm32h7xx_hal_tim_ex.o(i.HAL_TIMEx_BreakCallback)
    HAL_TIM_Base_Init                        0x081065c3   Thumb Code   110  stm32h7xx_hal_tim.o(i.HAL_TIM_Base_Init)
    HAL_TIM_Base_MspInit                     0x08106631   Thumb Code   140  tim.o(i.HAL_TIM_Base_MspInit)
    HAL_TIM_Base_Start_IT                    0x081066c9   Thumb Code   138  stm32h7xx_hal_tim.o(i.HAL_TIM_Base_Start_IT)
    HAL_TIM_ConfigClockSource                0x08106771   Thumb Code   300  stm32h7xx_hal_tim.o(i.HAL_TIM_ConfigClockSource)
    HAL_TIM_OC_DelayElapsedCallback          0x081068a1   Thumb Code     2  stm32h7xx_hal_tim.o(i.HAL_TIM_OC_DelayElapsedCallback)
    HAL_TIM_TriggerCallback                  0x081068a3   Thumb Code     2  stm32h7xx_hal_tim.o(i.HAL_TIM_TriggerCallback)
    HAL_UARTEx_ReceiveToIdle_DMA             0x081068a5   Thumb Code   102  stm32h7xx_hal_uart_ex.o(i.HAL_UARTEx_ReceiveToIdle_DMA)
    HAL_UARTEx_RxFifoFullCallback            0x0810690b   Thumb Code     2  stm32h7xx_hal_uart_ex.o(i.HAL_UARTEx_RxFifoFullCallback)
    HAL_UARTEx_WakeupCallback                0x0810690d   Thumb Code     2  stm32h7xx_hal_uart_ex.o(i.HAL_UARTEx_WakeupCallback)
    HAL_UART_Init                            0x0810690f   Thumb Code   120  stm32h7xx_hal_uart.o(i.HAL_UART_Init)
    HAL_UART_MspInit                         0x08106987   Thumb Code     2  stm32h7xx_hal_uart.o(i.HAL_UART_MspInit)
    HAL_UART_RxHalfCpltCallback              0x08106989   Thumb Code     2  stm32h7xx_hal_uart.o(i.HAL_UART_RxHalfCpltCallback)
    HAL_UART_TxCpltCallback                  0x0810698d   Thumb Code    36  rs485.o(i.HAL_UART_TxCpltCallback)
    Interp_ArcXY                             0x08106a79   Thumb Code   636  motion_api.o(i.Interp_ArcXY)
    Interp_Line                              0x08106d51   Thumb Code   808  motion_api.o(i.Interp_Line)
    MPU_Config                               0x081070c1   Thumb Code   254  main.o(i.MPU_Config)
    MX_ETH_Init                              0x081071c9   Thumb Code   100  eth.o(i.MX_ETH_Init)
    MX_GPIO_Init                             0x08107241   Thumb Code  1504  gpio.o(i.MX_GPIO_Init)
    Modbus_Init                              0x08107831   Thumb Code    48  modbus_slave.o(i.Modbus_Init)
    PHY_Init                                 0x08107899   Thumb Code   274  eth.o(i.PHY_Init)
    RS485_Init                               0x08108f3d   Thumb Code   374  rs485.o(i.RS485_Init)
    RS485_TC_CheckTimeout                    0x081090d5   Thumb Code    50  rs485.o(i.RS485_TC_CheckTimeout)
    RefreshAxisGearRatio                     0x08109115   Thumb Code   276  ethercat_slave.o(i.RefreshAxisGearRatio)
    SCurve_AutoAccJerk                       0x0810929d   Thumb Code    98  motion_api.o(i.SCurve_AutoAccJerk)
    SCurve_Init                              0x081092ff   Thumb Code    26  motion_profile.o(i.SCurve_Init)
    SCurve_Stop                              0x08109319   Thumb Code   332  motion_profile.o(i.SCurve_Stop)
    Servo_WriteAllGearRatios                 0x08109465   Thumb Code   526  ethercat_slave.o(i.Servo_WriteAllGearRatios)
    Servo_WriteGearRatio                     0x08109759   Thumb Code   190  ethercat_slave.o(i.Servo_WriteGearRatio)
    TIM_Base_SetConfig                       0x08109939   Thumb Code   170  stm32h7xx_hal_tim.o(i.TIM_Base_SetConfig)
    TIM_ETR_SetConfig                        0x08109a05   Thumb Code    22  stm32h7xx_hal_tim.o(i.TIM_ETR_SetConfig)
    UART_CheckIdleState                      0x08109a83   Thumb Code   118  stm32h7xx_hal_uart.o(i.UART_CheckIdleState)
    UART_Start_Receive_DMA                   0x08109c25   Thumb Code   146  stm32h7xx_hal_uart.o(i.UART_Start_Receive_DMA)
    __0printf                                0x08109cc5   Thumb Code    22  printfa.o(i.__0printf)
    __1printf                                0x08109cc5   Thumb Code     0  printfa.o(i.__0printf)
    __2printf                                0x08109cc5   Thumb Code     0  printfa.o(i.__0printf)
    __c89printf                              0x08109cc5   Thumb Code     0  printfa.o(i.__0printf)
    printf                                   0x08109cc5   Thumb Code     0  printfa.o(i.__0printf)
    __hardfp_sin                             0x08109cf9   Thumb Code   158  sin.o(i.__hardfp_sin)
    __hardfp_sqrt                            0x08109da9   Thumb Code   102  sqrt.o(i.__hardfp_sqrt)
    __ieee754_rem_pio2                       0x08109e11   Thumb Code   646  rred.o(i.__ieee754_rem_pio2)
    __kernel_cos                             0x0810a121   Thumb Code   182  cos_i.o(i.__kernel_cos)
    __kernel_sin                             0x0810a201   Thumb Code   144  sin_i.o(i.__kernel_sin)
    __mathlib_dbl_infnan2                    0x0810a2a9   Thumb Code     6  dunder.o(i.__mathlib_dbl_infnan2)
    __mathlib_dbl_underflow                  0x0810a2b1   Thumb Code    10  dunder.o(i.__mathlib_dbl_underflow)
    __set_errno                              0x0810a2c9   Thumb Code     6  errno.o(i.__set_errno)
    bfin_EMAC_recv                           0x0810ab41   Thumb Code   316  eth.o(i.bfin_EMAC_recv)
    bsp_GetTickCount                         0x0810ac95   Thumb Code    16  bsp_timer.o(i.bsp_GetTickCount)
    dm9k_WriteReg                            0x0810acad   Thumb Code    10  dm9000.o(i.dm9k_WriteReg)
    dm9k_hash_table                          0x0810acc1   Thumb Code    54  dm9000.o(i.dm9k_hash_table)
    dm9k_phy_write                           0x0810acfd   Thumb Code    72  dm9000.o(i.dm9k_phy_write)
    dm9k_send_packet                         0x0810ad45   Thumb Code   132  dm9000.o(i.dm9k_send_packet)
    ec_SDOwrite                              0x0810add1   Thumb Code    42  ethercatcoe.o(i.ec_SDOwrite)
    ec_config_map_group                      0x0810ae01   Thumb Code    18  ethercatconfig.o(i.ec_config_map_group)
    ec_dcsync0                               0x0810ae19   Thumb Code    32  ethercatdc.o(i.ec_dcsync0)
    ec_init                                  0x0810ae3d   Thumb Code    38  ethercatmain.o(i.ec_init)
    ec_nextmbxcnt                            0x0810ae71   Thumb Code    12  ethercatmain.o(i.ec_nextmbxcnt)
    ec_readstate                             0x0810ae7d   Thumb Code    10  ethercatmain.o(i.ec_readstate)
    ec_receive_processdata                   0x0810ae8d   Thumb Code    14  ethercatmain.o(i.ec_receive_processdata)
    ec_send_processdata_group                0x0810ae9d   Thumb Code    14  ethercatmain.o(i.ec_send_processdata_group)
    ec_setbufstat                            0x0810aeb1   Thumb Code    18  nicdrv.o(i.ec_setbufstat)
    ec_setupheader                           0x0810aec9   Thumb Code    68  nicdrv.o(i.ec_setupheader)
    ec_statecheck                            0x0810af11   Thumb Code    22  ethercatmain.o(i.ec_statecheck)
    ecx_APRD                                 0x0810af2d   Thumb Code   122  ethercatbase.o(i.ecx_APRD)
    ecx_APRDw                                0x0810afa7   Thumb Code    38  ethercatbase.o(i.ecx_APRDw)
    ecx_APWR                                 0x0810afcd   Thumb Code    86  ethercatbase.o(i.ecx_APWR)
    ecx_APWRw                                0x0810b023   Thumb Code    34  ethercatbase.o(i.ecx_APWRw)
    ecx_FPRD                                 0x0810b045   Thumb Code   122  ethercatbase.o(i.ecx_FPRD)
    ecx_FPWR                                 0x0810b0bf   Thumb Code    86  ethercatbase.o(i.ecx_FPWR)
    ecx_SDOwrite                             0x0810b115   Thumb Code  1018  ethercatcoe.o(i.ecx_SDOwrite)
    ecx_SoEread                              0x0810b50f   Thumb Code   550  ethercatsoe.o(i.ecx_SoEread)
    ecx_adddatagram                          0x0810b735   Thumb Code   140  ethercatbase.o(i.ecx_adddatagram)
    ecx_config_init                          0x0810b7d5   Thumb Code  2552  ethercatconfig.o(i.ecx_config_init)
    ecx_config_map_group                     0x0810c1d1   Thumb Code  3698  ethercatconfig.o(i.ecx_config_map_group)
    ecx_eeprom_waitnotbusyFP                 0x0810d075   Thumb Code   120  ethercatmain.o(i.ecx_eeprom_waitnotbusyFP)
    ecx_getindex                             0x0810d0ed   Thumb Code    94  nicdrv.o(i.ecx_getindex)
    ecx_inframe                              0x0810d14d   Thumb Code   326  nicdrv.o(i.ecx_inframe)
    ecx_mbxempty                             0x0810d843   Thumb Code   142  ethercatmain.o(i.ecx_mbxempty)
    ecx_mbxsend                              0x0810d903   Thumb Code   128  ethercatmain.o(i.ecx_mbxsend)
    ecx_outframe                             0x0810d983   Thumb Code    92  nicdrv.o(i.ecx_outframe)
    ecx_pusherror                            0x0810da6d   Thumb Code   120  ethercatmain.o(i.ecx_pusherror)
    ecx_readPDOmap                           0x0810db1d   Thumb Code   424  ethercatcoe.o(i.ecx_readPDOmap)
    ecx_readeeprom1                          0x0810dcc9   Thumb Code   164  ethercatmain.o(i.ecx_readeeprom1)
    ecx_readeepromFP                         0x0810dd6d   Thumb Code   324  ethercatmain.o(i.ecx_readeepromFP)
    ecx_readstate                            0x0810deb1   Thumb Code   492  ethercatmain.o(i.ecx_readstate)
    ecx_setbufstat                           0x0810e1ed   Thumb Code    38  nicdrv.o(i.ecx_setbufstat)
    ecx_setupnic                             0x0810e213   Thumb Code   280  nicdrv.o(i.ecx_setupnic)
    ecx_siiFMMU                              0x0810e32b   Thumb Code   196  ethercatmain.o(i.ecx_siiFMMU)
    ecx_siiSM                                0x0810e3ef   Thumb Code   262  ethercatmain.o(i.ecx_siiSM)
    ecx_siiSMnext                            0x0810e4f5   Thumb Code   214  ethercatmain.o(i.ecx_siiSMnext)
    ecx_siifind                              0x0810e5cb   Thumb Code   188  ethercatmain.o(i.ecx_siifind)
    ecx_siigetbyte                           0x0810e687   Thumb Code   258  ethercatmain.o(i.ecx_siigetbyte)
    ecx_siistring                            0x0810e789   Thumb Code   212  ethercatmain.o(i.ecx_siistring)
    ecx_waitinframe_red                      0x0810e85d   Thumb Code   430  nicdrv.o(i.ecx_waitinframe_red)
    ecx_writestate                           0x0810ea15   Thumb Code   106  ethercatmain.o(i.ecx_writestate)
    icbrt                                    0x0810ea7f   Thumb Code   154  motion_profile.o(i.icbrt)
    pvPortMalloc                             0x0810eeb9   Thumb Code   480  heap_4.o(i.pvPortMalloc)
    ulTaskGenericNotifyTake                  0x0810f0b5   Thumb Code   208  tasks.o(i.ulTaskGenericNotifyTake)
    uxTaskGetStackHighWaterMark              0x0810f18d   Thumb Code    66  tasks.o(i.uxTaskGetStackHighWaterMark)
    vApplicationGetIdleTaskMemory            0x0810f1d5   Thumb Code    16  main.o(i.vApplicationGetIdleTaskMemory)
    vListInitialiseItem                      0x0810f1ed   Thumb Code     6  list.o(i.vListInitialiseItem)
    vPortFree                                0x0810f1f5   Thumb Code   174  heap_4.o(i.vPortFree)
    vTaskGenericNotifyGiveFromISR            0x0810f2b5   Thumb Code   384  tasks.o(i.vTaskGenericNotifyGiveFromISR)
    vTaskStartScheduler                      0x0810f44d   Thumb Code    96  tasks.o(i.vTaskStartScheduler)
    vTaskSuspendAll                          0x0810f4bd   Thumb Code    12  tasks.o(i.vTaskSuspendAll)
    xTaskCreateStatic                        0x0810f4cd   Thumb Code    64  tasks.o(i.xTaskCreateStatic)
    xTaskIncrementTick                       0x0810f50d   Thumb Code   414  tasks.o(i.xTaskIncrementTick)
    D1CorePrescTable                         0x0810f6d8   Data          16  system_stm32h7xx.o(.constdata)
    UARTPrescTable                           0x0810f6e8   Data          24  stm32h7xx_hal_uart.o(.constdata)
    ec_configlist                            0x0810f78c   Data         156  ethercatconfig.o(.constdata)
    __mathlib_zero                           0x0810f8f0   Data           8  qnan.o(.constdata)
    SystemCoreClock                          0x24000000   Data           4  system_stm32h7xx.o(.data)
    SystemD2Clock                            0x24000004   Data           4  system_stm32h7xx.o(.data)
    xEtherCATTaskHandle                      0x24000008   Data           4  main.o(.data)
    vid                                      0x2400000c   Data           4  main.o(.data)
    dorun                                    0x24000010   Data           4  main.o(.data)
    fault_reset_requested                    0x24000014   Data           1  main.o(.data)
    socket_mode                              0x24000015   Data           1  main.o(.data)
    g_active_axes                            0x24000016   Data           1  main.o(.data)
    g_active_coupled                         0x24000017   Data           1  main.o(.data)
    g_active_aux                             0x24000018   Data           1  main.o(.data)
    len485                                   0x24000019   Data           1  main.o(.data)
    can_tx_buf                               0x2400001a   Data           8  main.o(.data)
    can_rx_buf                               0x24000022   Data           8  main.o(.data)
    RecvLength                               0x2400002c   Data           1  eth.o(.data)
    current_pbuf_idx                         0x24000030   Data           4  eth.o(.data)
    sendfinishflag                           0x24000034   Data           4  eth.o(.data)
    uwTick                                   0x24000038   Data           4  stm32h7xx_hal.o(.data)
    uwTickPrio                               0x2400003c   Data           4  stm32h7xx_hal.o(.data)
    uwTickFreq                               0x24000040   Data           1  stm32h7xx_hal.o(.data)
    SendPackOk                               0x24000048   Data           1  dm9000.o(.data)
    s_FSMC_Init_Ok                           0x24000049   Data           1  dm9000.o(.data)
    receiveLen_DM9000                        0x2400004a   Data           2  dm9000.o(.data)
    receiveLen                               0x2400004c   Data           2  dm9000.o(.data)
    g_iRunTime                               0x24000050   Data           4  bsp_timer.o(.data)
    RS485_RX_CNT                             0x24000054   Data           2  rs485.o(.data)
    RS485_Receive_Over                       0x24000056   Data           1  rs485.o(.data)
    RS485_TX_Busy                            0x24000057   Data           1  rs485.o(.data)
    RS485_TC_Timeout                         0x24000058   Data           4  rs485.o(.data)
    g_uptime_seconds                         0x2400005c   Data           4  modbus_slave.o(.data)
    g_move_rpm                               0x240000b4   Data           4  motion_api.o(.data)
    g_home_rpm                               0x240000b8   Data           4  motion_api.o(.data)
    homing_active                            0x240000bc   Data           1  motion_api.o(.data)
    zero_requested                           0x240000bd   Data           1  motion_api.o(.data)
    cmd_idx                                  0x240000fc   Data           1  serial_cmd.o(.data)
    cmd_ready                                0x240000fd   Data           1  serial_cmd.o(.data)
    xCmdTaskHandle                           0x24000100   Data           4  serial_cmd.o(.data)
    ec_slavecount                            0x24000128   Data           4  ethercatmain.o(.data)
    EcatError                                0x24000134   Data           1  ethercatmain.o(.data)
    ec_DCtime                                0x24000138   Data           8  ethercatmain.o(.data)
    ecx_context                              0x24000140   Data          80  ethercatmain.o(.data)
    pxCurrentTCB                             0x24000190   Data           4  tasks.o(.data)
    __stdout                                 0x240001f8   Data           4  stdout.o(.data)
    IOmap                                    0x2400065c   Data         512  main.o(.bss)
    axis                                     0x2400085c   Data        1632  main.o(.bss)
    rs485buf                                 0x24000ebc   Data          64  main.o(.bss)
    TxConfig                                 0x24000efc   Data          52  eth.o(.bss)
    heth                                     0x24000f30   Data         136  eth.o(.bss)
    htim1                                    0x24000fb8   Data          76  tim.o(.bss)
    htim2                                    0x24001004   Data          76  tim.o(.bss)
    htim3                                    0x24001050   Data          76  tim.o(.bss)
    UartHandle                               0x2400109c   Data         144  usart.o(.bss)
    htim7                                    0x2400112c   Data          76  stm32h7xx_hal_timebase_tim.o(.bss)
    receiveBuffer_DM9000                     0x24001178   Data        1528  dm9000.o(.bss)
    receiveBuffer                            0x24001770   Data        1528  dm9000.o(.bss)
    USART3_RS485Handler                      0x24001d68   Data         144  rs485.o(.bss)
    hdma_usart3_rx                           0x24001df8   Data         120  rs485.o(.bss)
    hdma_usart3_tx                           0x24001e70   Data         120  rs485.o(.bss)
    RS485_RX_BUF                             0x24001ee8   Data         260  rs485.o(.bss)
    RS485_TX_BUF                             0x24001fec   Data         260  rs485.o(.bss)
    FDCAN1_Handler                           0x240020f0   Data         160  fdcan.o(.bss)
    FDCAN1_RxHeader                          0x24002190   Data          40  fdcan.o(.bss)
    FDCAN1_TxHeader                          0x240021b8   Data          36  fdcan.o(.bss)
    mb_regs                                  0x240021dc   Data        1024  modbus_slave.o(.bss)
    param_ram                                0x240026e0   Data        1024  param_store.o(.bss)
    cmd_buf                                  0x24003590   Data          64  serial_cmd.o(.bss)
    ec_slave                                 0x240035d0   Data        2920  ethercatmain.o(.bss)
    ec_group                                 0x24004138   Data         592  ethercatmain.o(.bss)
    ecx_port                                 0x2400602c   Data       51852  ethercatmain.o(.bss)
    ecx_redport                              0x24012ab8   Data       25960  ethercatmain.o(.bss)
    __initial_sp                             0x24027128   Data           0  startup_stm32h743xx.o(STACK)
    DMARxDscrTab                             0x30040000   Data          96  eth.o(.ARM.__AT_0x30040000)
    DMATxDscrTab                             0x30040060   Data          96  eth.o(.ARM.__AT_0x30040060)
    Rx_Buff                                  0x30040200   Data        6112  eth.o(.ARM.__AT_0x30040200)
    Tx_Buff                                  0x30044000   Data        6112  eth.o(.ARM.__AT_0x30044000)



==============================================================================

Memory Map of the image

  Image Entry point : 0x08000299

  Load Region LR_IROM1 (Base: 0x08000000, Size: 0x0000fc9c, Max: 0x00100000, ABSOLUTE, COMPRESSED[0x0000fb20])

    Execution Region ER_IROM1 (Exec base: 0x08000000, Load base: 0x08000000, Size: 0x0000fa9c, Max: 0x00100000, ABSOLUTE)

    Exec Addr    Load Addr    Size         Type   Attr      Idx    E Section Name        Object

    0x08000000   0x08000000   0x00000298   Data   RO            3    RESET               startup_stm32h743xx.o
    0x08000298   0x08000298   0x00000000   Code   RO         9747  * .ARM.Collect$$$$00000000  mc_w.l(entry.o)
    0x08000298   0x08000298   0x00000004   Code   RO        10082    .ARM.Collect$$$$00000001  mc_w.l(entry2.o)
    0x0800029c   0x0800029c   0x00000004   Code   RO        10085    .ARM.Collect$$$$00000004  mc_w.l(entry5.o)
    0x080002a0   0x080002a0   0x00000000   Code   RO        10087    .ARM.Collect$$$$00000008  mc_w.l(entry7b.o)
    0x080002a0   0x080002a0   0x00000000   Code   RO        10089    .ARM.Collect$$$$0000000A  mc_w.l(entry8b.o)
    0x080002a0   0x080002a0   0x00000008   Code   RO        10090    .ARM.Collect$$$$0000000B  mc_w.l(entry9a.o)
    0x080002a8   0x080002a8   0x00000000   Code   RO        10092    .ARM.Collect$$$$0000000D  mc_w.l(entry10a.o)
    0x080002a8   0x080002a8   0x00000000   Code   RO        10094    .ARM.Collect$$$$0000000F  mc_w.l(entry11a.o)
    0x080002a8   0x080002a8   0x00000004   Code   RO        10083    .ARM.Collect$$$$00002712  mc_w.l(entry2.o)
    0x080002ac   0x080002ac   0x000000be   Code   RO         9534    .emb_text           port.o
    0x0800036a   0x0800036a   0x00000002   PAD
    0x0800036c   0x0800036c   0x00000024   Code   RO            4    .text               startup_stm32h743xx.o
    0x08000390   0x08000390   0x00000062   Code   RO         9750    .text               mc_w.l(uldiv.o)
    0x080003f2   0x080003f2   0x00000024   Code   RO         9754    .text               mc_w.l(memcpya.o)
    0x08000416   0x08000416   0x00000012   Code   RO         9766    .text               mc_w.l(strcpy.o)
    0x08000428   0x08000428   0x00000020   Code   RO        10101    .text               mc_w.l(llushr.o)
    0x08000448   0x08000448   0x0000014e   Code   RO        10113    .text               mf_w.l(dadd.o)
    0x08000596   0x08000596   0x000000de   Code   RO        10117    .text               mf_w.l(ddiv.o)
    0x08000674   0x08000674   0x00000030   Code   RO        10119    .text               mf_w.l(dfixul.o)
    0x080006a4   0x080006a4   0x00000024   Code   RO        10127    .text               mc_w.l(init.o)
    0x080006c8   0x080006c8   0x000001b0   Code   RO         6862    i.Axis_ApplyPosition  motion_api.o
    0x08000878   0x08000878   0x0000005c   Code   RO         6864    i.Axis_CancelHoming  motion_api.o
    0x080008d4   0x080008d4   0x00000bdc   Code   RO         6866    i.Axis_ControlCycle  motion_api.o
    0x080014b0   0x080014b0   0x000003b0   Code   RO         6871    i.Axis_EnableAll    motion_api.o
    0x08001860   0x08001860   0x00000210   Code   RO         6877    i.Axis_Init         motion_api.o
    0x08001a70   0x08001a70   0x00000050   Code   RO         6878    i.Axis_IsAtTarget   motion_api.o
    0x08001ac0   0x08001ac0   0x0000009c   Code   RO         6882    i.Axis_JogStep      motion_api.o
    0x08001b5c   0x08001b5c   0x000000a0   Code   RO         6883    i.Axis_JogVel       motion_api.o
    0x08001bfc   0x08001bfc   0x00000034   Code   RO         7287    i.Axis_StrIEq       serial_cmd.o
    0x08001c30   0x08001c30   0x0000008c   Code   RO         6890    i.Axis_SyncAllTargetsFromEncoder  motion_api.o
    0x08001cbc   0x08001cbc   0x00000040   Code   RO         6891    i.Axis_UpdateHomingActive  motion_api.o
    0x08001cfc   0x08001cfc   0x0000003c   Code   RO         6892    i.Axis_WriteTargetPos  motion_api.o
    0x08001d38   0x08001d38   0x00000004   Code   RO          663    i.BusFault_Handler  stm32h7xx_it.o
    0x08001d3c   0x08001d3c   0x00000020   Code   RO         7289    i.Cmd_CharIEq       serial_cmd.o
    0x08001d5c   0x08001d5c   0x00000016   Code   RO         7290    i.Cmd_ToUpper       serial_cmd.o
    0x08001d72   0x08001d72   0x00000054   Code   RO         6534    i.CycleVel_to_RPM   modbus_slave.o
    0x08001dc6   0x08001dc6   0x00000054   Code   RO         6893    i.CycleVel_to_RPM   motion_api.o
    0x08001e1a   0x08001e1a   0x00000002   PAD
    0x08001e1c   0x08001e1c   0x0000001c   Code   RO         6236    i.DM9000_Init       dm9000.o
    0x08001e38   0x08001e38   0x0000004a   Code   RO         6237    i.DM9000_Initnic    dm9000.o
    0x08001e82   0x08001e82   0x00000002   PAD
    0x08001e84   0x08001e84   0x0000012c   Code   RO         6197    i.DM9161_GetLinkState  dm9161.o
    0x08001fb0   0x08001fb0   0x00000010   Code   RO          664    i.DMA1_Stream1_IRQHandler  stm32h7xx_it.o
    0x08001fc0   0x08001fc0   0x00000010   Code   RO          665    i.DMA1_Stream3_IRQHandler  stm32h7xx_it.o
    0x08001fd0   0x08001fd0   0x000000ec   Code   RO         2127    i.DMA_CalcBaseAndBitshift  stm32h7xx_hal_dma.o
    0x080020bc   0x080020bc   0x000000c4   Code   RO         2128    i.DMA_CalcDMAMUXChannelBaseAndMask  stm32h7xx_hal_dma.o
    0x08002180   0x08002180   0x00000098   Code   RO         2129    i.DMA_CalcDMAMUXRequestGenBaseAndMask  stm32h7xx_hal_dma.o
    0x08002218   0x08002218   0x000000ae   Code   RO         2130    i.DMA_CheckFifoParam  stm32h7xx_hal_dma.o
    0x080022c6   0x080022c6   0x00000002   Code   RO          666    i.DebugMon_Handler  stm32h7xx_it.o
    0x080022c8   0x080022c8   0x0000000c   Code   RO         6355    i.Delay_ms          bsp_timer.o
    0x080022d4   0x080022d4   0x00000060   Code   RO          960    i.ETH_DMARxDescListInit  stm32h7xx_hal_eth.o
    0x08002334   0x08002334   0x00000106   Code   RO          962    i.ETH_MACDMAConfig  stm32h7xx_hal_eth.o
    0x0800243a   0x0800243a   0x00000002   PAD
    0x0800243c   0x0800243c   0x00000078   Code   RO          963    i.ETH_MAC_MDIO_ClkConfig  stm32h7xx_hal_eth.o
    0x080024b4   0x080024b4   0x00000380   Code   RO          964    i.ETH_Prepare_Tx_Descriptors  stm32h7xx_hal_eth.o
    0x08002834   0x08002834   0x00000194   Code   RO          966    i.ETH_SetMACConfig  stm32h7xx_hal_eth.o
    0x080029c8   0x080029c8   0x00000006   Code   RO          180    i.Error_Handler     main.o
    0x080029ce   0x080029ce   0x00000002   PAD
    0x080029d0   0x080029d0   0x00000048   Code   RO         6535    i.GetAxisPPR        modbus_slave.o
    0x08002a18   0x08002a18   0x00000048   Code   RO         6722    i.GetAxisPPR        param_store.o
    0x08002a60   0x08002a60   0x00000048   Code   RO         6894    i.GetAxisPPR        motion_api.o
    0x08002aa8   0x08002aa8   0x00000048   Code   RO         7292    i.GetAxisPPR        serial_cmd.o
    0x08002af0   0x08002af0   0x000004dc   Code   RO         2132    i.HAL_DMA_Abort     stm32h7xx_hal_dma.o
    0x08002fcc   0x08002fcc   0x00000028   Code   RO         2841    i.HAL_Delay         stm32h7xx_hal.o
    0x08002ff4   0x08002ff4   0x00000082   Code   RO          967    i.HAL_ETH_BuildRxDescriptors  stm32h7xx_hal_eth.o
    0x08003076   0x08003076   0x000001d6   Code   RO          977    i.HAL_ETH_GetMACConfig  stm32h7xx_hal_eth.o
    0x0800324c   0x0800324c   0x0000007c   Code   RO          979    i.HAL_ETH_GetMACFilterConfig  stm32h7xx_hal_eth.o
    0x080032c8   0x080032c8   0x00000040   Code   RO          983    i.HAL_ETH_GetRxDataLength  stm32h7xx_hal_eth.o
    0x08003308   0x08003308   0x00000150   Code   RO          986    i.HAL_ETH_Init      stm32h7xx_hal_eth.o
    0x08003458   0x08003458   0x00000148   Code   RO          416    i.HAL_ETH_MspInit   eth.o
    0x080035a0   0x080035a0   0x00000022   Code   RO          996    i.HAL_ETH_SetMACConfig  stm32h7xx_hal_eth.o
    0x080035c2   0x080035c2   0x00000002   PAD
    0x080035c4   0x080035c4   0x00000068   Code   RO          997    i.HAL_ETH_SetMACFilterConfig  stm32h7xx_hal_eth.o
    0x0800362c   0x0800362c   0x00000078   Code   RO          998    i.HAL_ETH_SetMDIOClockRange  stm32h7xx_hal_eth.o
    0x080036a4   0x080036a4   0x00000080   Code   RO         1010    i.HAL_ETH_WritePHYRegister  stm32h7xx_hal_eth.o
    0x08003724   0x08003724   0x00000014   Code   RO         2848    i.HAL_EnableCompensationCell  stm32h7xx_hal.o
    0x08003738   0x08003738   0x000000a8   Code   RO         5582    i.HAL_FDCAN_ActivateNotification  stm32h7xx_hal_fdcan.o
    0x080037e0   0x080037e0   0x000002e0   Code   RO         5631    i.HAL_FDCAN_Init    stm32h7xx_hal_fdcan.o
    0x08003ac0   0x08003ac0   0x0000001c   Code   RO         6480    i.HAL_FDCAN_MspDeInit  fdcan.o
    0x08003adc   0x08003adc   0x00000034   Code   RO         5643    i.HAL_FDCAN_Start   stm32h7xx_hal_fdcan.o
    0x08003b10   0x08003b10   0x0000000c   Code   RO         1984    i.HAL_GPIO_WritePin  stm32h7xx_hal_gpio.o
    0x08003b1c   0x08003b1c   0x0000000c   Code   RO         2852    i.HAL_GetREVID      stm32h7xx_hal.o
    0x08003b28   0x08003b28   0x0000000c   Code   RO         2853    i.HAL_GetTick       stm32h7xx_hal.o
    0x08003b34   0x08003b34   0x00000018   Code   RO         2859    i.HAL_IncTick       stm32h7xx_hal.o
    0x08003b4c   0x08003b4c   0x00000060   Code   RO         2860    i.HAL_Init          stm32h7xx_hal.o
    0x08003bac   0x08003bac   0x000000a0   Code   RO          775    i.HAL_InitTick      stm32h7xx_hal_timebase_tim.o
    0x08003c4c   0x08003c4c   0x0000002c   Code   RO          816    i.HAL_MPU_Disable   stm32h7xx_hal_cortex.o
    0x08003c78   0x08003c78   0x00000040   Code   RO          817    i.HAL_MPU_Enable    stm32h7xx_hal_cortex.o
    0x08003cb8   0x08003cb8   0x00000024   Code   RO          751    i.HAL_MspInit       stm32h7xx_hal_msp.o
    0x08003cdc   0x08003cdc   0x00000044   Code   RO          819    i.HAL_NVIC_DisableIRQ  stm32h7xx_hal_cortex.o
    0x08003d20   0x08003d20   0x00000028   Code   RO          820    i.HAL_NVIC_EnableIRQ  stm32h7xx_hal_cortex.o
    0x08003d48   0x08003d48   0x0000007a   Code   RO          826    i.HAL_NVIC_SetPriority  stm32h7xx_hal_cortex.o
    0x08003dc2   0x08003dc2   0x00000002   PAD
    0x08003dc4   0x08003dc4   0x00000230   Code   RO         1533    i.HAL_RCCEx_GetPLL2ClockFreq  stm32h7xx_hal_rcc_ex.o
    0x08003ff4   0x08003ff4   0x00000320   Code   RO         1416    i.HAL_RCC_ClockConfig  stm32h7xx_hal_rcc.o
    0x08004314   0x08004314   0x0000006c   Code   RO         1420    i.HAL_RCC_GetClockConfig  stm32h7xx_hal_rcc.o
    0x08004380   0x08004380   0x00000024   Code   RO         1424    i.HAL_RCC_GetPCLK2Freq  stm32h7xx_hal_rcc.o
    0x080043a4   0x080043a4   0x0000022c   Code   RO         1425    i.HAL_RCC_GetSysClockFreq  stm32h7xx_hal_rcc.o
    0x080045d0   0x080045d0   0x00000002   Code   RO         5450    i.HAL_SRAM_MspInit  stm32h7xx_hal_sram.o
    0x080045d2   0x080045d2   0x00000002   PAD
    0x080045d4   0x080045d4   0x00000014   Code   RO         2872    i.HAL_SYSCFG_ETHInterfaceSelect  stm32h7xx_hal.o
    0x080045e8   0x080045e8   0x00000002   Code   RO         4461    i.HAL_TIMEx_Break2Callback  stm32h7xx_hal_tim_ex.o
    0x080045ea   0x080045ea   0x00000002   Code   RO         4463    i.HAL_TIMEx_CommutCallback  stm32h7xx_hal_tim_ex.o
    0x080045ec   0x080045ec   0x000000c0   Code   RO         4483    i.HAL_TIMEx_MasterConfigSynchronization  stm32h7xx_hal_tim_ex.o
    0x080046ac   0x080046ac   0x00000002   Code   RO         3770    i.HAL_TIM_IC_CaptureCallback  stm32h7xx_hal_tim.o
    0x080046ae   0x080046ae   0x000001b8   Code   RO         3784    i.HAL_TIM_IRQHandler  stm32h7xx_hal_tim.o
    0x08004866   0x08004866   0x00000002   Code   RO         3814    i.HAL_TIM_PWM_PulseFinishedCallback  stm32h7xx_hal_tim.o
    0x08004868   0x08004868   0x00000070   Code   RO          182    i.HAL_TIM_PeriodElapsedCallback  main.o
    0x080048d8   0x080048d8   0x00000094   Code   RO         6400    i.HAL_UARTEx_RxEventCallback  rs485.o
    0x0800496c   0x0800496c   0x00000002   Code   RO         5188    i.HAL_UARTEx_TxFifoEmptyCallback  stm32h7xx_hal_uart_ex.o
    0x0800496e   0x0800496e   0x00000002   PAD
    0x08004970   0x08004970   0x0000003c   Code   RO         6401    i.HAL_UART_ErrorCallback  rs485.o
    0x080049ac   0x080049ac   0x000003d4   Code   RO         4780    i.HAL_UART_IRQHandler  stm32h7xx_hal_uart.o
    0x08004d80   0x08004d80   0x00000002   Code   RO         4788    i.HAL_UART_RxCpltCallback  stm32h7xx_hal_uart.o
    0x08004d82   0x08004d82   0x000000d6   Code   RO         4790    i.HAL_UART_Transmit  stm32h7xx_hal_uart.o
    0x08004e58   0x08004e58   0x000000b8   Code   RO         4791    i.HAL_UART_Transmit_DMA  stm32h7xx_hal_uart.o
    0x08004f10   0x08004f10   0x00000002   Code   RO         4794    i.HAL_UART_TxHalfCpltCallback  stm32h7xx_hal_uart.o
    0x08004f12   0x08004f12   0x00000002   PAD
    0x08004f14   0x08004f14   0x000000b8   Code   RO         6536    i.Handle_FC03       modbus_slave.o
    0x08004fcc   0x08004fcc   0x00000060   Code   RO         6537    i.Handle_FC06       modbus_slave.o
    0x0800502c   0x0800502c   0x00000004   Code   RO          667    i.HardFault_Handler  stm32h7xx_it.o
    0x08005030   0x08005030   0x00000064   Code   RO         6539    i.MB_Send           modbus_slave.o
    0x08005094   0x08005094   0x00000074   Code   RO          526    i.MX_TIM1_Init      tim.o
    0x08005108   0x08005108   0x00000044   Code   RO          527    i.MX_TIM2_Init      tim.o
    0x0800514c   0x0800514c   0x00000004   Code   RO          668    i.MemManage_Handler  stm32h7xx_it.o
    0x08005150   0x08005150   0x000003e4   Code   RO         6542    i.Modbus_Poll       modbus_slave.o
    0x08005534   0x08005534   0x00000974   Code   RO         6543    i.Modbus_UpdateRegs  modbus_slave.o
    0x08005ea8   0x08005ea8   0x00000038   Code   RO         6897    i.Motion_Abort      motion_api.o
    0x08005ee0   0x08005ee0   0x00000024   Code   RO         6898    i.Motion_FlushQueue  motion_api.o
    0x08005f04   0x08005f04   0x000000c8   Code   RO         6900    i.Motion_ProcessQueue  motion_api.o
    0x08005fcc   0x08005fcc   0x00000004   Code   RO          669    i.NMI_Handler       stm32h7xx_it.o
    0x08005fd0   0x08005fd0   0x00000178   Code   RO         6725    i.Param_EnsureDefaults  param_store.o
    0x08006148   0x08006148   0x0000001c   Code   RO         6726    i.Param_Get         param_store.o
    0x08006164   0x08006164   0x0000000c   Code   RO         6727    i.Param_GetVersion  param_store.o
    0x08006170   0x08006170   0x00000048   Code   RO         6728    i.Param_LoadAll     param_store.o
    0x080061b8   0x080061b8   0x00000028   Code   RO         6729    i.Param_LoadDefaults  param_store.o
    0x080061e0   0x080061e0   0x00000054   Code   RO         6730    i.Param_ResetFactory  param_store.o
    0x08006234   0x08006234   0x00000044   Code   RO         6732    i.Param_Set         param_store.o
    0x08006278   0x08006278   0x00000078   Code   RO         7293    i.ParseCSV          serial_cmd.o
    0x080062f0   0x080062f0   0x00000304   Code   RO         7295    i.ParseOneSegment   serial_cmd.o
    0x080065f4   0x080065f4   0x00000164   Code   RO         1543    i.RCCEx_PLL2_Config  stm32h7xx_hal_rcc_ex.o
    0x08006758   0x08006758   0x00000044   Code   RO         6904    i.RPM_to_CycleVel   motion_api.o
    0x0800679c   0x0800679c   0x000000a8   Code   RO         6405    i.RS485_Send_Data   rs485.o
    0x08006844   0x08006844   0x00000018   Code   RO         6407    i.RS485_TX_Set      rs485.o
    0x0800685c   0x0800685c   0x00000012   Code   RO         6640    i.SCurve_IsDone     motion_profile.o
    0x0800686e   0x0800686e   0x000002a6   Code   RO         6641    i.SCurve_Plan       motion_profile.o
    0x08006b14   0x08006b14   0x000000cc   Code   RO         6644    i.SCurve_SimulateDisp  motion_profile.o
    0x08006be0   0x08006be0   0x00000260   Code   RO         6645    i.SCurve_Step       motion_profile.o
    0x08006e40   0x08006e40   0x00000294   Code   RO         7178    i.Servosetup        ethercat_slave.o
    0x080070d4   0x080070d4   0x00000070   Code   RO         6647    i.SimAccelPhase     motion_profile.o
    0x08007144   0x08007144   0x00000110   Code   RO          184    i.Stm32_Clock_Init  main.o
    0x08007254   0x08007254   0x00000034   Code   RO         9535    i.SysTick_Handler   port.o
    0x08007288   0x08007288   0x00000104   Code   RO           14    i.SystemInit        system_stm32h7xx.o
    0x0800738c   0x0800738c   0x00000010   Code   RO          670    i.TIM1_UP_IRQHandler  stm32h7xx_it.o
    0x0800739c   0x0800739c   0x00000010   Code   RO          671    i.TIM7_IRQHandler   stm32h7xx_it.o
    0x080073ac   0x080073ac   0x000000f8   Code   RO         4795    i.UART_AdvFeatureConfig  stm32h7xx_hal_uart.o
    0x080074a4   0x080074a4   0x00000018   Code   RO         4797    i.UART_DMAAbortOnError  stm32h7xx_hal_uart.o
    0x080074bc   0x080074bc   0x0000005e   Code   RO         4798    i.UART_DMAError     stm32h7xx_hal_uart.o
    0x0800751a   0x0800751a   0x00000022   Code   RO         4808    i.UART_EndTransmit_IT  stm32h7xx_hal_uart.o
    0x0800753c   0x0800753c   0x0000058c   Code   RO         4814    i.UART_SetConfig    stm32h7xx_hal_uart.o
    0x08007ac8   0x08007ac8   0x000000be   Code   RO         4821    i.UART_WaitOnFlagUntilTimeout  stm32h7xx_hal_uart.o
    0x08007b86   0x08007b86   0x00000002   PAD
    0x08007b88   0x08007b88   0x000000a0   Code   RO          589    i.USART1_IRQHandler  usart.o
    0x08007c28   0x08007c28   0x00000010   Code   RO          672    i.USART3_IRQHandler  stm32h7xx_it.o
    0x08007c38   0x08007c38   0x00000004   Code   RO          673    i.UsageFault_Handler  stm32h7xx_it.o
    0x08007c3c   0x08007c3c   0x00000028   Code   RO        10005    i.__0sprintf        mc_w.l(printfa.o)
    0x08007c64   0x08007c64   0x00000030   Code   RO        10123    i.__ARM_fpclassify  m_wv.l(fpclassify.o)
    0x08007c94   0x08007c94   0x00000028   Code   RO          834    i.__NVIC_SetPriority  stm32h7xx_hal_cortex.o
    0x08007cbc   0x08007cbc   0x00000004   PAD
    0x08007cc0   0x08007cc0   0x00000200   Code   RO        10033    i.__hardfp_atan     m_wv.l(atan.o)
    0x08007ec0   0x08007ec0   0x000001c0   Code   RO         9687    i.__hardfp_atan2    m_wv.l(atan2.o)
    0x08008080   0x08008080   0x000000b0   Code   RO         9699    i.__hardfp_cos      m_wv.l(cos.o)
    0x08008130   0x08008130   0x0000003a   Code   RO         9735    i.__hardfp_sqrtf    m_wv.l(sqrtf.o)
    0x0800816a   0x0800816a   0x00000070   Code   RO        10125    i.__kernel_poly     m_wv.l(poly.o)
    0x080081da   0x080081da   0x00000006   Code   RO        10051    i.__mathlib_dbl_infnan  m_wv.l(dunder.o)
    0x080081e0   0x080081e0   0x00000018   Code   RO        10053    i.__mathlib_dbl_invalid  m_wv.l(dunder.o)
    0x080081f8   0x080081f8   0x0000000e   Code   RO        10133    i.__scatterload_copy  mc_w.l(handlers.o)
    0x08008206   0x08008206   0x00000002   Code   RO        10134    i.__scatterload_null  mc_w.l(handlers.o)
    0x08008208   0x08008208   0x0000000e   Code   RO        10135    i.__scatterload_zeroinit  mc_w.l(handlers.o)
    0x08008216   0x08008216   0x00000024   Code   RO        10012    i._printf_post_padding  mc_w.l(printfa.o)
    0x0800823a   0x0800823a   0x0000002e   Code   RO        10013    i._printf_pre_padding  mc_w.l(printfa.o)
    0x08008268   0x08008268   0x00000010   Code   RO        10035    i.atan              m_wv.l(atan.o)
    0x08008278   0x08008278   0x00000020   Code   RO          424    i.bfin_EMAC_send    eth.o
    0x08008298   0x08008298   0x00000030   Code   RO         6240    i.dm9k_ReadID       dm9000.o
    0x080082c8   0x080082c8   0x00000018   Code   RO         6241    i.dm9k_ReadReg      dm9000.o
    0x080082e0   0x080082e0   0x00000064   Code   RO         6243    i.dm9k_err_reset    dm9000.o
    0x08008344   0x08008344   0x0000013c   Code   RO         6248    i.dm9k_receive_packet  dm9000.o
    0x08008480   0x08008480   0x000000d0   Code   RO         6249    i.dm9k_reset        dm9000.o
    0x08008550   0x08008550   0x00000030   Code   RO         7623    i.ec_SDOread        ethercatcoe.o
    0x08008580   0x08008580   0x00000010   Code   RO         7915    i.ec_clearmbx       ethercatmain.o
    0x08008590   0x08008590   0x00000014   Code   RO         7773    i.ec_config_init    ethercatconfig.o
    0x080085a4   0x080085a4   0x0000000e   Code   RO         7774    i.ec_config_map     ethercatconfig.o
    0x080085b2   0x080085b2   0x00000002   PAD
    0x080085b4   0x080085b4   0x00000010   Code   RO         8233    i.ec_configdc       ethercatdc.o
    0x080085c4   0x080085c4   0x00000100   Code   RO         7776    i.ec_findconfig     ethercatconfig.o
    0x080086c4   0x080086c4   0x00000018   Code   RO         7920    i.ec_receive_processdata_group  ethercatmain.o
    0x080086dc   0x080086dc   0x0000000a   Code   RO         7921    i.ec_send_processdata  ethercatmain.o
    0x080086e6   0x080086e6   0x00000002   PAD
    0x080086e8   0x080086e8   0x00000014   Code   RO         7924    i.ec_writestate     ethercatmain.o
    0x080086fc   0x080086fc   0x0000007a   Code   RO         7411    i.ecx_BRD           ethercatbase.o
    0x08008776   0x08008776   0x00000056   Code   RO         7412    i.ecx_BWR           ethercatbase.o
    0x080087cc   0x080087cc   0x0000013c   Code   RO         7925    i.ecx_FPRD_multi    ethercatmain.o
    0x08008908   0x08008908   0x00000026   Code   RO         7414    i.ecx_FPRDw         ethercatbase.o
    0x0800892e   0x0800892e   0x00000022   Code   RO         7416    i.ecx_FPWRw         ethercatbase.o
    0x08008950   0x08008950   0x00000042   Code   RO         7627    i.ecx_SDOerror      ethercatcoe.o
    0x08008992   0x08008992   0x00000362   Code   RO         7628    i.ecx_SDOread       ethercatcoe.o
    0x08008cf4   0x08008cf4   0x0000003e   Code   RO         7717    i.ecx_SoEerror      ethercatsoe.o
    0x08008d32   0x08008d32   0x00000002   PAD
    0x08008d34   0x08008d34   0x000001ec   Code   RO         7780    i.ecx_config_from_table  ethercatconfig.o
    0x08008f20   0x08008f20   0x0000060a   Code   RO         8236    i.ecx_configdc      ethercatdc.o
    0x0800952a   0x0800952a   0x00000002   PAD
    0x0800952c   0x0800952c   0x00000144   Code   RO         8237    i.ecx_dcsync0       ethercatdc.o
    0x08009670   0x08009670   0x00000098   Code   RO         7783    i.ecx_detect_slaves  ethercatconfig.o
    0x08009708   0x08009708   0x000000a8   Code   RO         7927    i.ecx_eeprom2master  ethercatmain.o
    0x080097b0   0x080097b0   0x0000007a   Code   RO         7928    i.ecx_eeprom2pdi    ethercatmain.o
    0x0800982a   0x0800982a   0x0000000e   Code   RO         7931    i.ecx_init          ethercatmain.o
    0x08009838   0x08009838   0x00000054   Code   RO         7784    i.ecx_init_context  ethercatconfig.o
    0x0800988c   0x0800988c   0x00000078   Code   RO         7932    i.ecx_init_redundant  ethercatmain.o
    0x08009904   0x08009904   0x00000174   Code   RO         7785    i.ecx_lookup_mapping  ethercatconfig.o
    0x08009a78   0x08009a78   0x00000314   Code   RO         7786    i.ecx_lookup_prev_sii  ethercatconfig.o
    0x08009d8c   0x08009d8c   0x0000020c   Code   RO         7788    i.ecx_map_sii       ethercatconfig.o
    0x08009f98   0x08009f98   0x00000244   Code   RO         7937    i.ecx_mbxreceive    ethercatmain.o
    0x0800a1dc   0x0800a1dc   0x00000094   Code   RO         8354    i.ecx_outframe_red  nicdrv.o
    0x0800a270   0x0800a270   0x00000042   Code   RO         7939    i.ecx_packeterror   ethercatmain.o
    0x0800a2b2   0x0800a2b2   0x00000064   Code   RO         8239    i.ecx_parentport    ethercatdc.o
    0x0800a316   0x0800a316   0x000000a6   Code   RO         8241    i.ecx_prevport      ethercatdc.o
    0x0800a3bc   0x0800a3bc   0x00000170   Code   RO         7720    i.ecx_readIDNmap    ethercatsoe.o
    0x0800a52c   0x0800a52c   0x0000010c   Code   RO         7631    i.ecx_readPDOassign  ethercatcoe.o
    0x0800a638   0x0800a638   0x000000bc   Code   RO         7632    i.ecx_readPDOassignCA  ethercatcoe.o
    0x0800a6f4   0x0800a6f4   0x00000164   Code   RO         7634    i.ecx_readPDOmapCA  ethercatcoe.o
    0x0800a858   0x0800a858   0x00000066   Code   RO         7946    i.ecx_readeeprom2   ethercatmain.o
    0x0800a8be   0x0800a8be   0x00000196   Code   RO         7950    i.ecx_receive_processdata_group  ethercatmain.o
    0x0800aa54   0x0800aa54   0x0000005c   Code   RO         8355    i.ecx_recvpkt       nicdrv.o
    0x0800aab0   0x0800aab0   0x00000492   Code   RO         7951    i.ecx_send_processdata_group  ethercatmain.o
    0x0800af42   0x0800af42   0x0000005e   Code   RO         7423    i.ecx_setupdatagram  ethercatbase.o
    0x0800afa0   0x0800afa0   0x000001e6   Code   RO         7953    i.ecx_siiPDO        ethercatmain.o
    0x0800b186   0x0800b186   0x0000005a   Code   RO         8358    i.ecx_srconfirm     nicdrv.o
    0x0800b1e0   0x0800b1e0   0x000000d6   Code   RO         7959    i.ecx_statecheck    ethercatmain.o
    0x0800b2b6   0x0800b2b6   0x0000002a   Code   RO         8359    i.ecx_waitinframe   nicdrv.o
    0x0800b2e0   0x0800b2e0   0x0000004c   Code   RO         7424    i.ecx_writedatagramdata  ethercatbase.o
    0x0800b32c   0x0800b32c   0x00000018   Code   RO        10066    i.fabs              m_wv.l(fabs.o)
    0x0800b344   0x0800b344   0x0000001c   Code   RO          592    i.fputc             usart.o
    0x0800b360   0x0800b360   0x000000c0   Code   RO          426    i.low_level_output  eth.o
    0x0800b420   0x0800b420   0x00000a00   Code   RO          185    i.main              main.o
    0x0800be20   0x0800be20   0x000000f8   Code   RO         9101    i.prvAddNewTaskToReadyList  tasks.o
    0x0800bf18   0x0800bf18   0x00000048   Code   RO         9102    i.prvCheckTasksWaitingTermination  tasks.o
    0x0800bf60   0x0800bf60   0x0000009c   Code   RO         9103    i.prvCreateIdleTasks  tasks.o
    0x0800bffc   0x0800bffc   0x0000005e   Code   RO         9105    i.prvCreateTask     tasks.o
    0x0800c05a   0x0800c05a   0x00000050   Code   RO         9106    i.prvDeleteTCB      tasks.o
    0x0800c0aa   0x0800c0aa   0x00000002   PAD
    0x0800c0ac   0x0800c0ac   0x0000006c   Code   RO         9611    i.prvHeapInit       heap_4.o
    0x0800c118   0x0800c118   0x00000068   Code   RO         9109    i.prvInitialiseTaskLists  tasks.o
    0x0800c180   0x0800c180   0x00000030   Code   RO         9111    i.prvResetNextTaskUnblockTime  tasks.o
    0x0800c1b0   0x0800c1b0   0x00000014   Code   RO         9113    i.prvTaskCheckFreeStackSpace  tasks.o
    0x0800c1c4   0x0800c1c4   0x00000040   Code   RO         9536    i.prvTaskExitError  port.o
    0x0800c204   0x0800c204   0x00000078   Code   RO         9114    i.prvTaskIsTaskSuspended  tasks.o
    0x0800c27c   0x0800c27c   0x0000002c   Code   RO         9537    i.pxPortInitialiseStack  port.o
    0x0800c2a8   0x0800c2a8   0x00000028   Code   RO         8611    i.uxListRemove      list.o
    0x0800c2d0   0x0800c2d0   0x00000048   Code   RO          187    i.vApplicationStackOverflowHook  main.o
    0x0800c318   0x0800c318   0x00000058   Code   RO         7296    i.vCmd_Task         serial_cmd.o
    0x0800c370   0x0800c370   0x00000b4c   Code   RO         7248    i.vEtherCAT_Task    ethercat_task.o
    0x0800cebc   0x0800cebc   0x0000001a   Code   RO         8612    i.vListInitialise   list.o
    0x0800ced6   0x0800ced6   0x00000034   Code   RO         8614    i.vListInsert       list.o
    0x0800cf0a   0x0800cf0a   0x00000018   Code   RO         8615    i.vListInsertEnd    list.o
    0x0800cf22   0x0800cf22   0x00000002   PAD
    0x0800cf24   0x0800cf24   0x00000054   Code   RO         9539    i.vPortEnterCritical  port.o
    0x0800cf78   0x0800cf78   0x0000003c   Code   RO         9540    i.vPortExitCritical  port.o
    0x0800cfb4   0x0800cfb4   0x00000028   Code   RO         9541    i.vPortSetupTimerInterrupt  port.o
    0x0800cfdc   0x0800cfdc   0x00000078   Code   RO         9542    i.vPortValidateInterruptPriority  port.o
    0x0800d054   0x0800d054   0x000000d4   Code   RO         9140    i.vTaskResume       tasks.o
    0x0800d128   0x0800d128   0x00000124   Code   RO         9144    i.vTaskSuspend      tasks.o
    0x0800d24c   0x0800d24c   0x000000bc   Code   RO         9146    i.vTaskSwitchContext  tasks.o
    0x0800d308   0x0800d308   0x00000118   Code   RO         9543    i.xPortStartScheduler  port.o
    0x0800d420   0x0800d420   0x00000038   Code   RO         9149    i.xTaskCreate       tasks.o
    0x0800d458   0x0800d458   0x000000a4   Code   RO         9158    i.xTaskGetHandle    tasks.o
    0x0800d4fc   0x0800d4fc   0x0000019c   Code   RO         9167    i.xTaskResumeAll    tasks.o
    0x0800d698   0x0800d698   0x00000008   Data   RO         2144    .constdata          stm32h7xx_hal_dma.o
    0x0800d6a0   0x0800d6a0   0x0000001a   Data   RO         6545    .constdata          modbus_slave.o
    0x0800d6ba   0x0800d6ba   0x00000002   PAD
    0x0800d6bc   0x0800d6bc   0x00002002   Data   RO         6738    .constdata          param_store.o
    0x0800f6be   0x0800f6be   0x0000000c   Data   RO         8361    .constdata          nicdrv.o
    0x0800f6ca   0x0800f6ca   0x00000006   PAD
    0x0800f6d0   0x0800f6d0   0x000000c8   Data   RO        10073    .constdata          m_wv.l(rred.o)
    0x0800f798   0x0800f798   0x00000028   Data   RO        10077    .constdata          m_wv.l(sin_i.o)
    0x0800f7c0   0x0800f7c0   0x00000211   Data   RO         6739    .conststring        param_store.o
    0x0800f9d1   0x0800f9d1   0x00000003   PAD
    0x0800f9d4   0x0800f9d4   0x000000a6   Data   RO         6908    .conststring        motion_api.o
    0x0800fa7a   0x0800fa7a   0x00000002   PAD
    0x0800fa7c   0x0800fa7c   0x00000020   Data   RO        10131    Region$$Table       anon$$obj.o


    Execution Region RW_IRAM1 (Exec base: 0x20000000, Load base: 0x0800fa9c, Size: 0x00000000, Max: 0x00020000, ABSOLUTE)

    **** No section assigned to this execution region ****


    Execution Region RW_IRAM2 (Exec base: 0x24000000, Load base: 0x0800fa9c, Size: 0x00027128, Max: 0x00080000, ABSOLUTE, COMPRESSED[0x00000084])

    Exec Addr    Load Addr    Size         Type   Attr      Idx    E Section Name        Object

    0x24000000   COMPRESSED   0x00000008   Data   RW           16    .data               system_stm32h7xx.o
    0x24000008   COMPRESSED   0x00000022   Data   RW          189    .data               main.o
    0x2400002a   COMPRESSED   0x00000002   PAD
    0x2400002c   COMPRESSED   0x0000000c   Data   RW          432    .data               eth.o
    0x24000038   COMPRESSED   0x00000009   Data   RW         2882    .data               stm32h7xx_hal.o
    0x24000041   COMPRESSED   0x00000001   PAD
    0x24000042   COMPRESSED   0x0000000c   Data   RW         6252    .data               dm9000.o
    0x2400004e   COMPRESSED   0x00000002   PAD
    0x24000050   COMPRESSED   0x00000004   Data   RW         6359    .data               bsp_timer.o
    0x24000054   COMPRESSED   0x00000008   Data   RW         6409    .data               rs485.o
    0x2400005c   COMPRESSED   0x0000002a   Data   RW         6547    .data               modbus_slave.o
    0x24000086   COMPRESSED   0x00000002   PAD
    0x24000088   COMPRESSED   0x0000000c   Data   RW         6740    .data               param_store.o
    0x24000094   COMPRESSED   0x00000040   Data   RW         6909    .data               motion_api.o
    0x240000d4   COMPRESSED   0x00000026   Data   RW         7250    .data               ethercat_task.o
    0x240000fa   COMPRESSED   0x00000002   PAD
    0x240000fc   COMPRESSED   0x00000028   Data   RW         7299    .data               serial_cmd.o
    0x24000124   COMPRESSED   0x00000004   PAD
    0x24000128   COMPRESSED   0x00000068   Data   RW         7965    .data               ethercatmain.o
    0x24000190   COMPRESSED   0x00000040   Data   RW         9170    .data               tasks.o
    0x240001d0   COMPRESSED   0x0000000c   Data   RW         9544    .data               port.o
    0x240001dc   COMPRESSED   0x0000001c   Data   RW         9623    .data               heap_4.o
    0x240001f8   COMPRESSED   0x00000004   Data   RW        10096    .data               mc_w.l(stdout.o)
    0x240001fc   COMPRESSED   0x00000004   Data   RW        10106    .data               mc_w.l(errno.o)
    0x24000200        -       0x00000cfc   Zero   RW          188    .bss                main.o
    0x24000efc        -       0x000000bc   Zero   RW          431    .bss                eth.o
    0x24000fb8        -       0x000000e4   Zero   RW          529    .bss                tim.o
    0x2400109c        -       0x00000090   Zero   RW          593    .bss                usart.o
    0x2400112c        -       0x0000004c   Zero   RW          778    .bss                stm32h7xx_hal_timebase_tim.o
    0x24001178        -       0x00000bf0   Zero   RW         6251    .bss                dm9000.o
    0x24001d68        -       0x00000388   Zero   RW         6408    .bss                rs485.o
    0x240020f0        -       0x000000ec   Zero   RW         6482    .bss                fdcan.o
    0x240021dc        -       0x00000504   Zero   RW         6544    .bss                modbus_slave.o
    0x240026e0        -       0x00000420   Zero   RW         6737    .bss                param_store.o
    0x24002b00        -       0x00000a90   Zero   RW         6906    .bss                motion_api.o
    0x24003590        -       0x00000040   Zero   RW         7297    .bss                serial_cmd.o
    0x240035d0        -       0x00015a50   Zero   RW         7964    .bss                ethercatmain.o
    0x24019020        -       0x00000104   Zero   RW         9169    .bss                tasks.o
    0x24019124        -       0x00006000   Zero   RW         9622    .bss                heap_4.o
    0x2401f124   COMPRESSED   0x00000004   PAD
    0x2401f128        -       0x00008000   Zero   RW            1    STACK               startup_stm32h743xx.o



  Load Region LR_IROM2 (Base: 0x08100000, Size: 0x0000fa78, Max: 0x00100000, ABSOLUTE)

    Execution Region ER_IROM2 (Exec base: 0x08100000, Load base: 0x08100000, Size: 0x0000fa78, Max: 0x00100000, ABSOLUTE)

    Exec Addr    Load Addr    Size         Type   Attr      Idx    E Section Name        Object

    0x08100000   0x08100000   0x00000062   Code   RO         9752    .text               mc_w.l(ldiv.o)
    0x08100062   0x08100062   0x00000024   Code   RO         9758    .text               mc_w.l(memseta.o)
    0x08100086   0x08100086   0x00000018   Code   RO         9760    .text               mc_w.l(strncpy.o)
    0x0810009e   0x0810009e   0x00000014   Code   RO         9762    .text               mc_w.l(strchr.o)
    0x081000b2   0x081000b2   0x0000000e   Code   RO         9764    .text               mc_w.l(strlen.o)
    0x081000c0   0x081000c0   0x00000028   Code   RO        10031    .text               mf_w.l(dfltl.o)
    0x081000e8   0x081000e8   0x0000002c   Code   RO        10097    .text               mc_w.l(uidiv.o)
    0x08100114   0x08100114   0x0000001e   Code   RO        10099    .text               mc_w.l(llshl.o)
    0x08100132   0x08100132   0x00000000   Code   RO        10110    .text               mc_w.l(iusefp.o)
    0x08100132   0x08100132   0x000000ba   Code   RO        10111    .text               mf_w.l(depilogue.o)
    0x081001ec   0x081001ec   0x000000e4   Code   RO        10115    .text               mf_w.l(dmul.o)
    0x081002d0   0x081002d0   0x00000030   Code   RO        10121    .text               mf_w.l(cdrcmple.o)
    0x08100300   0x08100300   0x00000024   Code   RO        10129    .text               mc_w.l(llsshr.o)
    0x08100324   0x08100324   0x00000056   Code   RO        10139    .text               mc_w.l(__dczerorl2.o)
    0x0810037a   0x0810037a   0x00000002   PAD
    0x0810037c   0x0810037c   0x0000004c   Code   RO         6859    i.Arc_Abort         motion_api.o
    0x081003c8   0x081003c8   0x000001d0   Code   RO         6861    i.Arc_ProcessStep   motion_api.o
    0x08100598   0x08100598   0x000002e8   Code   RO         6863    i.Axis_ApplyVelocity  motion_api.o
    0x08100880   0x08100880   0x0000024c   Code   RO         6865    i.Axis_CheckHomingDone  motion_api.o
    0x08100acc   0x08100acc   0x00000044   Code   RO         7284    i.Axis_NameToIndex  serial_cmd.o
    0x08100b10   0x08100b10   0x0000005e   Code   RO         7285    i.Axis_ParsePosition  serial_cmd.o
    0x08100b6e   0x08100b6e   0x00000064   Code   RO         7286    i.Axis_ParseRpm     serial_cmd.o
    0x08100bd2   0x08100bd2   0x00000002   PAD
    0x08100bd4   0x08100bd4   0x00000048   Code   RO         6887    i.Axis_SetMoveSpeed  motion_api.o
    0x08100c1c   0x08100c1c   0x000003ec   Code   RO         6889    i.Axis_StopOne      motion_api.o
    0x08101008   0x08101008   0x00000056   Code   RO         7288    i.Axis_TrimSpaces   serial_cmd.o
    0x0810105e   0x0810105e   0x00000002   PAD
    0x08101060   0x08101060   0x00000060   Code   RO         7172    i.Axis_UpdateModeGearRatio  ethercat_slave.o
    0x081010c0   0x081010c0   0x0000003a   Code   RO         6532    i.CRC16             modbus_slave.o
    0x081010fa   0x081010fa   0x00000002   PAD
    0x081010fc   0x081010fc   0x00000140   Code   RO          179    i.Cache_Enable      main.o
    0x0810123c   0x0810123c   0x00000d9c   Code   RO         6533    i.CmdExec_CheckTriggers  modbus_slave.o
    0x08101fd8   0x08101fd8   0x00000054   Code   RO         7291    i.CycleVel_to_RPM   serial_cmd.o
    0x0810202c   0x0810202c   0x000000fc   Code   RO          588    i.DEBUG_USART_Config  usart.o
    0x08102128   0x08102128   0x000003cc   Code   RO         6198    i.DM9161_Init       dm9161.o
    0x081024f4   0x081024f4   0x00000138   Code   RO         6238    i.DM9K_CtrlLinesConfig  dm9000.o
    0x0810262c   0x0810262c   0x00000098   Code   RO         6239    i.DM9K_FSMCConfig   dm9000.o
    0x081026c4   0x081026c4   0x00000274   Code   RO         2131    i.DMA_SetConfig     stm32h7xx_hal_dma.o
    0x08102938   0x08102938   0x0000001c   Code   RO         6356    i.Delay_us          bsp_timer.o
    0x08102954   0x08102954   0x00000052   Code   RO          961    i.ETH_DMATxDescListInit  stm32h7xx_hal_eth.o
    0x081029a6   0x081029a6   0x00000002   PAD
    0x081029a8   0x081029a8   0x000000bc   Code   RO          965    i.ETH_SetDMAConfig  stm32h7xx_hal_eth.o
    0x08102a64   0x08102a64   0x000000a8   Code   RO         6477    i.FDCAN1_Mode_Init  fdcan.o
    0x08102b0c   0x08102b0c   0x00000220   Code   RO         5579    i.FDCAN_CalcultateRamBlockAddresses  stm32h7xx_hal_fdcan.o
    0x08102d2c   0x08102d2c   0x00000044   Code   RO         5302    i.FMC_NORSRAM_Extended_Timing_Init  stm32h7xx_ll_fmc.o
    0x08102d70   0x08102d70   0x000000a4   Code   RO         5303    i.FMC_NORSRAM_Init  stm32h7xx_ll_fmc.o
    0x08102e14   0x08102e14   0x00000066   Code   RO         5304    i.FMC_NORSRAM_Timing_Init  stm32h7xx_ll_fmc.o
    0x08102e7a   0x08102e7a   0x00000002   PAD
    0x08102e7c   0x08102e7c   0x00000048   Code   RO          181    i.GetAxisPPR        main.o
    0x08102ec4   0x08102ec4   0x00000048   Code   RO         7174    i.GetAxisPPR        ethercat_slave.o
    0x08102f0c   0x08102f0c   0x00000398   Code   RO         2133    i.HAL_DMA_Abort_IT  stm32h7xx_hal_dma.o
    0x081032a4   0x081032a4   0x00000af8   Code   RO         2137    i.HAL_DMA_IRQHandler  stm32h7xx_hal_dma.o
    0x08103d9c   0x08103d9c   0x00000520   Code   RO         2138    i.HAL_DMA_Init      stm32h7xx_hal_dma.o
    0x081042bc   0x081042bc   0x000003e0   Code   RO         2142    i.HAL_DMA_Start_IT  stm32h7xx_hal_dma.o
    0x0810469c   0x0810469c   0x00000040   Code   RO          970    i.HAL_ETH_DescAssignMemory  stm32h7xx_hal_eth.o
    0x081046dc   0x081046dc   0x000000c0   Code   RO          981    i.HAL_ETH_GetRxDataBuffer  stm32h7xx_hal_eth.o
    0x0810479c   0x0810479c   0x00000112   Code   RO          987    i.HAL_ETH_IsRxDataAvailable  stm32h7xx_hal_eth.o
    0x081048ae   0x081048ae   0x00000078   Code   RO          992    i.HAL_ETH_ReadPHYRegister  stm32h7xx_hal_eth.o
    0x08104926   0x08104926   0x000000c6   Code   RO         1003    i.HAL_ETH_Start_IT  stm32h7xx_hal_eth.o
    0x081049ec   0x081049ec   0x000000d2   Code   RO         1006    i.HAL_ETH_Transmit  stm32h7xx_hal_eth.o
    0x08104abe   0x08104abe   0x000000a8   Code   RO         5589    i.HAL_FDCAN_ConfigFilter  stm32h7xx_hal_fdcan.o
    0x08104b66   0x08104b66   0x00000030   Code   RO         5597    i.HAL_FDCAN_DeInit  stm32h7xx_hal_fdcan.o
    0x08104b96   0x08104b96   0x00000002   PAD
    0x08104b98   0x08104b98   0x0000007c   Code   RO         6481    i.HAL_FDCAN_MspInit  fdcan.o
    0x08104c14   0x08104c14   0x000000a2   Code   RO         5644    i.HAL_FDCAN_Stop    stm32h7xx_hal_fdcan.o
    0x08104cb6   0x08104cb6   0x00000002   PAD
    0x08104cb8   0x08104cb8   0x00000208   Code   RO         1980    i.HAL_GPIO_Init     stm32h7xx_hal_gpio.o
    0x08104ec0   0x08104ec0   0x0000005c   Code   RO          815    i.HAL_MPU_ConfigRegion  stm32h7xx_hal_cortex.o
    0x08104f1c   0x08104f1c   0x00000028   Code   RO          827    i.HAL_NVIC_SetPriorityGrouping  stm32h7xx_hal_cortex.o
    0x08104f44   0x08104f44   0x00000024   Code   RO         1531    i.HAL_RCCEx_GetD3PCLK1Freq  stm32h7xx_hal_rcc_ex.o
    0x08104f68   0x08104f68   0x00000230   Code   RO         1534    i.HAL_RCCEx_GetPLL3ClockFreq  stm32h7xx_hal_rcc_ex.o
    0x08105198   0x08105198   0x00000b64   Code   RO         1540    i.HAL_RCCEx_PeriphCLKConfig  stm32h7xx_hal_rcc_ex.o
    0x08105cfc   0x08105cfc   0x0000004c   Code   RO         1421    i.HAL_RCC_GetHCLKFreq  stm32h7xx_hal_rcc.o
    0x08105d48   0x08105d48   0x00000024   Code   RO         1423    i.HAL_RCC_GetPCLK1Freq  stm32h7xx_hal_rcc.o
    0x08105d6c   0x08105d6c   0x000007e4   Code   RO         1428    i.HAL_RCC_OscConfig  stm32h7xx_hal_rcc.o
    0x08106550   0x08106550   0x00000070   Code   RO         5448    i.HAL_SRAM_Init     stm32h7xx_hal_sram.o
    0x081065c0   0x081065c0   0x00000002   Code   RO         4462    i.HAL_TIMEx_BreakCallback  stm32h7xx_hal_tim_ex.o
    0x081065c2   0x081065c2   0x0000006e   Code   RO         3736    i.HAL_TIM_Base_Init  stm32h7xx_hal_tim.o
    0x08106630   0x08106630   0x00000098   Code   RO          525    i.HAL_TIM_Base_MspInit  tim.o
    0x081066c8   0x081066c8   0x000000a8   Code   RO         3741    i.HAL_TIM_Base_Start_IT  stm32h7xx_hal_tim.o
    0x08106770   0x08106770   0x00000130   Code   RO         3745    i.HAL_TIM_ConfigClockSource  stm32h7xx_hal_tim.o
    0x081068a0   0x081068a0   0x00000002   Code   RO         3787    i.HAL_TIM_OC_DelayElapsedCallback  stm32h7xx_hal_tim.o
    0x081068a2   0x081068a2   0x00000002   Code   RO         3827    i.HAL_TIM_TriggerCallback  stm32h7xx_hal_tim.o
    0x081068a4   0x081068a4   0x00000066   Code   RO         5182    i.HAL_UARTEx_ReceiveToIdle_DMA  stm32h7xx_hal_uart_ex.o
    0x0810690a   0x0810690a   0x00000002   Code   RO         5184    i.HAL_UARTEx_RxFifoFullCallback  stm32h7xx_hal_uart_ex.o
    0x0810690c   0x0810690c   0x00000002   Code   RO         5189    i.HAL_UARTEx_WakeupCallback  stm32h7xx_hal_uart_ex.o
    0x0810690e   0x0810690e   0x00000078   Code   RO         4781    i.HAL_UART_Init     stm32h7xx_hal_uart.o
    0x08106986   0x08106986   0x00000002   Code   RO         4783    i.HAL_UART_MspInit  stm32h7xx_hal_uart.o
    0x08106988   0x08106988   0x00000002   Code   RO         4789    i.HAL_UART_RxHalfCpltCallback  stm32h7xx_hal_uart.o
    0x0810698a   0x0810698a   0x00000002   PAD
    0x0810698c   0x0810698c   0x00000030   Code   RO         6402    i.HAL_UART_TxCpltCallback  rs485.o
    0x081069bc   0x081069bc   0x000000bc   Code   RO         6538    i.Handle_FC16       modbus_slave.o
    0x08106a78   0x08106a78   0x000002d8   Code   RO         6895    i.Interp_ArcXY      motion_api.o
    0x08106d50   0x08106d50   0x00000338   Code   RO         6896    i.Interp_Line       motion_api.o
    0x08107088   0x08107088   0x00000038   Code   RO         6540    i.MB_SendError      modbus_slave.o
    0x081070c0   0x081070c0   0x00000108   Code   RO          183    i.MPU_Config        main.o
    0x081071c8   0x081071c8   0x00000078   Code   RO          419    i.MX_ETH_Init       eth.o
    0x08107240   0x08107240   0x000005f0   Code   RO          391    i.MX_GPIO_Init      gpio.o
    0x08107830   0x08107830   0x0000003c   Code   RO         6541    i.Modbus_Init       modbus_slave.o
    0x0810786c   0x0810786c   0x0000002c   Code   RO          420    i.PHY_HardwareReset  eth.o
    0x08107898   0x08107898   0x0000024c   Code   RO          421    i.PHY_Init          eth.o
    0x08107ae4   0x08107ae4   0x0000010c   Code   RO          422    i.PHY_InitDM9161    eth.o
    0x08107bf0   0x08107bf0   0x000011e8   Code   RO         7294    i.ParseCommand      serial_cmd.o
    0x08108dd8   0x08108dd8   0x00000164   Code   RO         1544    i.RCCEx_PLL3_Config  stm32h7xx_hal_rcc_ex.o
    0x08108f3c   0x08108f3c   0x00000198   Code   RO         6403    i.RS485_Init        rs485.o
    0x081090d4   0x081090d4   0x00000040   Code   RO         6406    i.RS485_TC_CheckTimeout  rs485.o
    0x08109114   0x08109114   0x00000188   Code   RO         7175    i.RefreshAxisGearRatio  ethercat_slave.o
    0x0810929c   0x0810929c   0x00000062   Code   RO         6905    i.SCurve_AutoAccJerk  motion_api.o
    0x081092fe   0x081092fe   0x0000001a   Code   RO         6639    i.SCurve_Init       motion_profile.o
    0x08109318   0x08109318   0x0000014c   Code   RO         6646    i.SCurve_Stop       motion_profile.o
    0x08109464   0x08109464   0x000002f4   Code   RO         7176    i.Servo_WriteAllGearRatios  ethercat_slave.o
    0x08109758   0x08109758   0x0000016c   Code   RO         7177    i.Servo_WriteGearRatio  ethercat_slave.o
    0x081098c4   0x081098c4   0x00000074   Code   RO         6648    i.SimDecelDist      motion_profile.o
    0x08109938   0x08109938   0x000000cc   Code   RO         3829    i.TIM_Base_SetConfig  stm32h7xx_hal_tim.o
    0x08109a04   0x08109a04   0x00000016   Code   RO         3840    i.TIM_ETR_SetConfig  stm32h7xx_hal_tim.o
    0x08109a1a   0x08109a1a   0x00000002   PAD
    0x08109a1c   0x08109a1c   0x00000018   Code   RO         3841    i.TIM_ITRx_SetConfig  stm32h7xx_hal_tim.o
    0x08109a34   0x08109a34   0x00000026   Code   RO         3849    i.TIM_TI1_ConfigInputStage  stm32h7xx_hal_tim.o
    0x08109a5a   0x08109a5a   0x00000028   Code   RO         3851    i.TIM_TI2_ConfigInputStage  stm32h7xx_hal_tim.o
    0x08109a82   0x08109a82   0x00000076   Code   RO         4796    i.UART_CheckIdleState  stm32h7xx_hal_uart.o
    0x08109af8   0x08109af8   0x0000006a   Code   RO         4799    i.UART_DMAReceiveCplt  stm32h7xx_hal_uart.o
    0x08109b62   0x08109b62   0x00000022   Code   RO         4801    i.UART_DMARxHalfCplt  stm32h7xx_hal_uart.o
    0x08109b84   0x08109b84   0x00000036   Code   RO         4803    i.UART_DMATransmitCplt  stm32h7xx_hal_uart.o
    0x08109bba   0x08109bba   0x0000000e   Code   RO         4805    i.UART_DMATxHalfCplt  stm32h7xx_hal_uart.o
    0x08109bc8   0x08109bc8   0x0000003c   Code   RO         4807    i.UART_EndRxTransfer  stm32h7xx_hal_uart.o
    0x08109c04   0x08109c04   0x00000020   Code   RO         4809    i.UART_EndTxTransfer  stm32h7xx_hal_uart.o
    0x08109c24   0x08109c24   0x000000a0   Code   RO         4815    i.UART_Start_Receive_DMA  stm32h7xx_hal_uart.o
    0x08109cc4   0x08109cc4   0x00000020   Code   RO        10003    i.__0printf         mc_w.l(printfa.o)
    0x08109ce4   0x08109ce4   0x00000010   Code   RO          833    i.__NVIC_GetPriorityGrouping  stm32h7xx_hal_cortex.o
    0x08109cf4   0x08109cf4   0x00000004   PAD
    0x08109cf8   0x08109cf8   0x000000b0   Code   RO         9711    i.__hardfp_sin      m_wv.l(sin.o)
    0x08109da8   0x08109da8   0x00000066   Code   RO         9723    i.__hardfp_sqrt     m_wv.l(sqrt.o)
    0x08109e0e   0x08109e0e   0x00000002   PAD
    0x08109e10   0x08109e10   0x00000310   Code   RO        10071    i.__ieee754_rem_pio2  m_wv.l(rred.o)
    0x0810a120   0x0810a120   0x000000e0   Code   RO        10047    i.__kernel_cos      m_wv.l(cos_i.o)
    0x0810a200   0x0810a200   0x000000a8   Code   RO        10076    i.__kernel_sin      m_wv.l(sin_i.o)
    0x0810a2a8   0x0810a2a8   0x00000006   Code   RO        10052    i.__mathlib_dbl_infnan2  m_wv.l(dunder.o)
    0x0810a2ae   0x0810a2ae   0x00000002   PAD
    0x0810a2b0   0x0810a2b0   0x00000018   Code   RO        10056    i.__mathlib_dbl_underflow  m_wv.l(dunder.o)
    0x0810a2c8   0x0810a2c8   0x0000000c   Code   RO        10105    i.__set_errno       mc_w.l(errno.o)
    0x0810a2d4   0x0810a2d4   0x00000184   Code   RO        10010    i._fp_digits        mc_w.l(printfa.o)
    0x0810a458   0x0810a458   0x000006dc   Code   RO        10011    i._printf_core      mc_w.l(printfa.o)
    0x0810ab34   0x0810ab34   0x0000000a   Code   RO        10015    i._sputc            mc_w.l(printfa.o)
    0x0810ab3e   0x0810ab3e   0x00000002   PAD
    0x0810ab40   0x0810ab40   0x00000154   Code   RO          423    i.bfin_EMAC_recv    eth.o
    0x0810ac94   0x0810ac94   0x00000018   Code   RO         6357    i.bsp_GetTickCount  bsp_timer.o
    0x0810acac   0x0810acac   0x00000014   Code   RO         6242    i.dm9k_WriteReg     dm9000.o
    0x0810acc0   0x0810acc0   0x0000003c   Code   RO         6244    i.dm9k_hash_table   dm9000.o
    0x0810acfc   0x0810acfc   0x00000048   Code   RO         6247    i.dm9k_phy_write    dm9000.o
    0x0810ad44   0x0810ad44   0x0000008c   Code   RO         6250    i.dm9k_send_packet  dm9000.o
    0x0810add0   0x0810add0   0x00000030   Code   RO         7624    i.ec_SDOwrite       ethercatcoe.o
    0x0810ae00   0x0810ae00   0x00000018   Code   RO         7775    i.ec_config_map_group  ethercatconfig.o
    0x0810ae18   0x0810ae18   0x00000024   Code   RO         8234    i.ec_dcsync0        ethercatdc.o
    0x0810ae3c   0x0810ae3c   0x00000034   Code   RO         7916    i.ec_init           ethercatmain.o
    0x0810ae70   0x0810ae70   0x0000000c   Code   RO         7917    i.ec_nextmbxcnt     ethercatmain.o
    0x0810ae7c   0x0810ae7c   0x00000010   Code   RO         7918    i.ec_readstate      ethercatmain.o
    0x0810ae8c   0x0810ae8c   0x0000000e   Code   RO         7919    i.ec_receive_processdata  ethercatmain.o
    0x0810ae9a   0x0810ae9a   0x00000002   PAD
    0x0810ae9c   0x0810ae9c   0x00000014   Code   RO         7922    i.ec_send_processdata_group  ethercatmain.o
    0x0810aeb0   0x0810aeb0   0x00000018   Code   RO         8347    i.ec_setbufstat     nicdrv.o
    0x0810aec8   0x0810aec8   0x00000048   Code   RO         8348    i.ec_setupheader    nicdrv.o
    0x0810af10   0x0810af10   0x0000001c   Code   RO         7923    i.ec_statecheck     ethercatmain.o
    0x0810af2c   0x0810af2c   0x0000007a   Code   RO         7406    i.ecx_APRD          ethercatbase.o
    0x0810afa6   0x0810afa6   0x00000026   Code   RO         7407    i.ecx_APRDw         ethercatbase.o
    0x0810afcc   0x0810afcc   0x00000056   Code   RO         7408    i.ecx_APWR          ethercatbase.o
    0x0810b022   0x0810b022   0x00000022   Code   RO         7409    i.ecx_APWRw         ethercatbase.o
    0x0810b044   0x0810b044   0x0000007a   Code   RO         7413    i.ecx_FPRD          ethercatbase.o
    0x0810b0be   0x0810b0be   0x00000056   Code   RO         7415    i.ecx_FPWR          ethercatbase.o
    0x0810b114   0x0810b114   0x000003fa   Code   RO         7629    i.ecx_SDOwrite      ethercatcoe.o
    0x0810b50e   0x0810b50e   0x00000226   Code   RO         7718    i.ecx_SoEread       ethercatsoe.o
    0x0810b734   0x0810b734   0x0000008c   Code   RO         7422    i.ecx_adddatagram   ethercatbase.o
    0x0810b7c0   0x0810b7c0   0x00000014   Code   RO         8350    i.ecx_clear_rxbufstat  nicdrv.o
    0x0810b7d4   0x0810b7d4   0x000009fc   Code   RO         7781    i.ecx_config_init   ethercatconfig.o
    0x0810c1d0   0x0810c1d0   0x00000ea4   Code   RO         7782    i.ecx_config_map_group  ethercatconfig.o
    0x0810d074   0x0810d074   0x00000078   Code   RO         7930    i.ecx_eeprom_waitnotbusyFP  ethercatmain.o
    0x0810d0ec   0x0810d0ec   0x0000005e   Code   RO         8351    i.ecx_getindex      nicdrv.o
    0x0810d14a   0x0810d14a   0x00000002   PAD
    0x0810d14c   0x0810d14c   0x00000158   Code   RO         8352    i.ecx_inframe       nicdrv.o
    0x0810d2a4   0x0810d2a4   0x000001e4   Code   RO         7787    i.ecx_map_coe_soe   ethercatconfig.o
    0x0810d488   0x0810d488   0x00000368   Code   RO         7789    i.ecx_map_sm        ethercatconfig.o
    0x0810d7f0   0x0810d7f0   0x00000052   Code   RO         7934    i.ecx_mbxemergencyerror  ethercatmain.o
    0x0810d842   0x0810d842   0x0000008e   Code   RO         7935    i.ecx_mbxempty      ethercatmain.o
    0x0810d8d0   0x0810d8d0   0x00000032   Code   RO         7936    i.ecx_mbxerror      ethercatmain.o
    0x0810d902   0x0810d902   0x00000080   Code   RO         7938    i.ecx_mbxsend       ethercatmain.o
    0x0810d982   0x0810d982   0x0000005c   Code   RO         8353    i.ecx_outframe      nicdrv.o
    0x0810d9de   0x0810d9de   0x0000006c   Code   RO         8240    i.ecx_porttime      ethercatdc.o
    0x0810da4a   0x0810da4a   0x00000022   Code   RO         7941    i.ecx_pullindex     ethercatmain.o
    0x0810da6c   0x0810da6c   0x00000078   Code   RO         7942    i.ecx_pusherror     ethercatmain.o
    0x0810dae4   0x0810dae4   0x00000038   Code   RO         7943    i.ecx_pushindex     ethercatmain.o
    0x0810db1c   0x0810db1c   0x000001ac   Code   RO         7633    i.ecx_readPDOmap    ethercatcoe.o
    0x0810dcc8   0x0810dcc8   0x000000a4   Code   RO         7945    i.ecx_readeeprom1   ethercatmain.o
    0x0810dd6c   0x0810dd6c   0x00000144   Code   RO         7948    i.ecx_readeepromFP  ethercatmain.o
    0x0810deb0   0x0810deb0   0x000001ec   Code   RO         7949    i.ecx_readstate     ethercatmain.o
    0x0810e09c   0x0810e09c   0x00000150   Code   RO         7791    i.ecx_set_slaves_to_default  ethercatconfig.o
    0x0810e1ec   0x0810e1ec   0x00000026   Code   RO         8356    i.ecx_setbufstat    nicdrv.o
    0x0810e212   0x0810e212   0x00000118   Code   RO         8357    i.ecx_setupnic      nicdrv.o
    0x0810e32a   0x0810e32a   0x000000c4   Code   RO         7952    i.ecx_siiFMMU       ethercatmain.o
    0x0810e3ee   0x0810e3ee   0x00000106   Code   RO         7954    i.ecx_siiSM         ethercatmain.o
    0x0810e4f4   0x0810e4f4   0x000000d6   Code   RO         7955    i.ecx_siiSMnext     ethercatmain.o
    0x0810e5ca   0x0810e5ca   0x000000bc   Code   RO         7956    i.ecx_siifind       ethercatmain.o
    0x0810e686   0x0810e686   0x00000102   Code   RO         7957    i.ecx_siigetbyte    ethercatmain.o
    0x0810e788   0x0810e788   0x000000d4   Code   RO         7958    i.ecx_siistring     ethercatmain.o
    0x0810e85c   0x0810e85c   0x000001b8   Code   RO         8360    i.ecx_waitinframe_red  nicdrv.o
    0x0810ea14   0x0810ea14   0x0000006a   Code   RO         7963    i.ecx_writestate    ethercatmain.o
    0x0810ea7e   0x0810ea7e   0x0000009a   Code   RO         6649    i.icbrt             motion_profile.o
    0x0810eb18   0x0810eb18   0x000000cc   Code   RO         9100    i.prvAddCurrentTaskToDelayedList  tasks.o
    0x0810ebe4   0x0810ebe4   0x000000b8   Code   RO         9104    i.prvCreateStaticTask  tasks.o
    0x0810ec9c   0x0810ec9c   0x00000028   Code   RO         9107    i.prvIdleTask       tasks.o
    0x0810ecc4   0x0810ecc4   0x000000f6   Code   RO         9108    i.prvInitialiseNewTask  tasks.o
    0x0810edba   0x0810edba   0x00000002   PAD
    0x0810edbc   0x0810edbc   0x000000a0   Code   RO         9612    i.prvInsertBlockIntoFreeList  heap_4.o
    0x0810ee5c   0x0810ee5c   0x0000005c   Code   RO         9112    i.prvSearchForNameWithinSingleList  tasks.o
    0x0810eeb8   0x0810eeb8   0x000001fc   Code   RO         9614    i.pvPortMalloc      heap_4.o
    0x0810f0b4   0x0810f0b4   0x000000d8   Code   RO         9116    i.ulTaskGenericNotifyTake  tasks.o
    0x0810f18c   0x0810f18c   0x00000048   Code   RO         9121    i.uxTaskGetStackHighWaterMark  tasks.o
    0x0810f1d4   0x0810f1d4   0x00000018   Code   RO          186    i.vApplicationGetIdleTaskMemory  main.o
    0x0810f1ec   0x0810f1ec   0x00000006   Code   RO         8613    i.vListInitialiseItem  list.o
    0x0810f1f2   0x0810f1f2   0x00000002   PAD
    0x0810f1f4   0x0810f1f4   0x000000c0   Code   RO         9615    i.vPortFree         heap_4.o
    0x0810f2b4   0x0810f2b4   0x00000198   Code   RO         9130    i.vTaskGenericNotifyGiveFromISR  tasks.o
    0x0810f44c   0x0810f44c   0x00000070   Code   RO         9143    i.vTaskStartScheduler  tasks.o
    0x0810f4bc   0x0810f4bc   0x00000010   Code   RO         9145    i.vTaskSuspendAll   tasks.o
    0x0810f4cc   0x0810f4cc   0x00000040   Code   RO         9150    i.xTaskCreateStatic  tasks.o
    0x0810f50c   0x0810f50c   0x000001cc   Code   RO         9163    i.xTaskIncrementTick  tasks.o
    0x0810f6d8   0x0810f6d8   0x00000010   Data   RO           15    .constdata          system_stm32h7xx.o
    0x0810f6e8   0x0810f6e8   0x00000018   Data   RO         4822    .constdata          stm32h7xx_hal_uart.o
    0x0810f700   0x0810f700   0x0000005c   Data   RO         5679    .constdata          stm32h7xx_hal_fdcan.o
    0x0810f75c   0x0810f75c   0x0000002e   Data   RO         6907    .constdata          motion_api.o
    0x0810f78a   0x0810f78a   0x00000002   PAD
    0x0810f78c   0x0810f78c   0x0000009c   Data   RO         7792    .constdata          ethercatconfig.o
    0x0810f828   0x0810f828   0x00000098   Data   RO        10036    .constdata          m_wv.l(atan.o)
    0x0810f8c0   0x0810f8c0   0x00000030   Data   RO        10048    .constdata          m_wv.l(cos_i.o)
    0x0810f8f0   0x0810f8f0   0x00000008   Data   RO        10070    .constdata          m_wv.l(qnan.o)
    0x0810f8f8   0x0810f8f8   0x00000041   Data   RO         6199    .conststring        dm9161.o
    0x0810f939   0x0810f939   0x00000003   PAD
    0x0810f93c   0x0810f93c   0x0000004b   Data   RO         6546    .conststring        modbus_slave.o
    0x0810f987   0x0810f987   0x00000001   PAD
    0x0810f988   0x0810f988   0x00000065   Data   RO         7179    .conststring        ethercat_slave.o
    0x0810f9ed   0x0810f9ed   0x00000003   PAD
    0x0810f9f0   0x0810f9f0   0x00000042   Data   RO         7298    .conststring        serial_cmd.o
    0x0810fa32   0x0810fa32   0x00000002   PAD
    0x0810fa34   0x0810fa34   0x00000042   Data   RO         7793    .conststring        ethercatconfig.o



  Load Region LR$$.ARM.__AT_0x30040000 (Base: 0x30040000, Size: 0x00000000, Max: 0x00000060, ABSOLUTE)

    Execution Region ER$$.ARM.__AT_0x30040000 (Exec base: 0x30040000, Load base: 0x30040000, Size: 0x00000060, Max: 0x00000060, ABSOLUTE, UNINIT)

    Exec Addr    Load Addr    Size         Type   Attr      Idx    E Section Name        Object

    0x30040000        -       0x00000060   Zero   RW          427    .ARM.__AT_0x30040000  eth.o



  Load Region LR$$.ARM.__AT_0x30040060 (Base: 0x30040060, Size: 0x00000000, Max: 0x00000060, ABSOLUTE)

    Execution Region ER$$.ARM.__AT_0x30040060 (Exec base: 0x30040060, Load base: 0x30040060, Size: 0x00000060, Max: 0x00000060, ABSOLUTE, UNINIT)

    Exec Addr    Load Addr    Size         Type   Attr      Idx    E Section Name        Object

    0x30040060        -       0x00000060   Zero   RW          428    .ARM.__AT_0x30040060  eth.o



  Load Region LR$$.ARM.__AT_0x30040200 (Base: 0x30040200, Size: 0x00000000, Max: 0x000017e0, ABSOLUTE)

    Execution Region ER$$.ARM.__AT_0x30040200 (Exec base: 0x30040200, Load base: 0x30040200, Size: 0x000017e0, Max: 0x000017e0, ABSOLUTE, UNINIT)

    Exec Addr    Load Addr    Size         Type   Attr      Idx    E Section Name        Object

    0x30040200        -       0x000017e0   Zero   RW          429    .ARM.__AT_0x30040200  eth.o



  Load Region LR$$.ARM.__AT_0x30044000 (Base: 0x30044000, Size: 0x00000000, Max: 0x000017e0, ABSOLUTE)

    Execution Region ER$$.ARM.__AT_0x30044000 (Exec base: 0x30044000, Load base: 0x30044000, Size: 0x000017e0, Max: 0x000017e0, ABSOLUTE, UNINIT)

    Exec Addr    Load Addr    Size         Type   Attr      Idx    E Section Name        Object

    0x30044000        -       0x000017e0   Zero   RW          430    .ARM.__AT_0x30044000  eth.o


==============================================================================

Image component sizes


      Code (inc. data)   RO Data    RW Data    ZI Data      Debug   Object Name

        64          8          0          4          0       2254   bsp_timer.o
      1554        128          0         12       3056       9906   dm9000.o
      1272        698         65          0          0       1756   dm9161.o
      1912        560          0         12      12604      43212   eth.o
      2340        566        101          0          0       5045   ethercat_slave.o
      2892        780          0         38          0       3773   ethercat_task.o
      1078          0          0          0          0      11322   ethercatbase.o
      3286         32          0          0          0      15303   ethercatcoe.o
     10722        824        222          0          0      16343   ethercatconfig.o
      2296         16          0          0          0       6544   ethercatdc.o
      7124         60          0        104      88656      39201   ethercatmain.o
       980          6          0          0          0       5466   ethercatsoe.o
         0          0          0          0          0      42000   event_groups.o
       320         24          0          0        236       3022   fdcan.o
      1520         40          0          0          0       2631   gpio.o
       968         82          0         28      24576       6319   heap_4.o
       148          0          0          0          0       3634   list.o
      3702       1040          0         34       3324     104231   main.o
      7798        462        101         42       1284      21780   modbus_slave.o
     10806       1268        212         64       2704      26227   motion_api.o
      2248          8          0          0          0       9484   motion_profile.o
      1776         62         12          0          0      11505   nicdrv.o
       752        164       8723         12       1056      13211   param_store.o
       934         86          0         12          0      11861   port.o
       920        130          0          8        904      41930   rs485.o
      6174       1396         66         40         64      16694   serial_cmd.o
        36          8        664          0      32768        960   startup_stm32h743xx.o
       224         48          0          9          0      24002   stm32h7xx_hal.o
       526         44          0          0          0      42446   stm32h7xx_hal_cortex.o
      8662        166          8          0          0      13470   stm32h7xx_hal_dma.o
      4616         90          0          0          0      21382   stm32h7xx_hal_eth.o
      1878         28         92          0          0       8785   stm32h7xx_hal_fdcan.o
       532         52          0          0          0       2508   stm32h7xx_hal_gpio.o
        36          4          0          0          0        962   stm32h7xx_hal_msp.o
      3632        118          0          0          0       7709   stm32h7xx_hal_rcc.o
      4784        110          0          0          0       7361   stm32h7xx_hal_rcc_ex.o
       114          6          0          0          0       1931   stm32h7xx_hal_sram.o
      1358         82          0          0          0       9967   stm32h7xx_hal_tim.o
       198         26          0          0          0       3288   stm32h7xx_hal_tim_ex.o
       160         20          0          0         76       1691   stm32h7xx_hal_timebase_tim.o
      4094        170         24          0          0      36910   stm32h7xx_hal_uart.o
       108          0          0          0          0       3260   stm32h7xx_hal_uart_ex.o
       102         30          0          0          0       5456   stm32h7xx_it.o
       334         10          0          0          0       3896   stm32h7xx_ll_fmc.o
       260         40         16          8          0    1362646   system_stm32h7xx.o
      4380        382          0         64        260      36014   tasks.o
       336         26          0          0        228       2629   tim.o
       440         50          0          0        144      17131   usart.o

    ----------------------------------------------------------------------
    110464       9958      10364        504     171944    2089058   Object Totals
         0          0         32          0          0          0   (incl. Generated)
        68          8         26         13          4          0   (incl. Padding)

    ----------------------------------------------------------------------

      Code (inc. data)   RO Data    RW Data    ZI Data      Debug   Library Member Name

       528        110        152          0          0        348   atan.o
       448         68          0          0          0        180   atan2.o
       176         18          0          0          0        156   cos.o
       224         42         48          0          0        184   cos_i.o
        60         28          0          0          0        464   dunder.o
        24          0          0          0          0        124   fabs.o
        48          0          0          0          0        124   fpclassify.o
       112          0          0          0          0        116   poly.o
         0          0          8          0          0          0   qnan.o
       784        138        200          0          0        172   rred.o
       176         18          0          0          0        160   sin.o
       168         24         40          0          0        196   sin_i.o
       102          0          0          0          0        140   sqrt.o
        58          0          0          0          0        136   sqrtf.o
        86          0          0          0          0          0   __dczerorl2.o
         0          0          0          0          0          0   entry.o
         0          0          0          0          0          0   entry10a.o
         0          0          0          0          0          0   entry11a.o
         8          4          0          0          0          0   entry2.o
         4          0          0          0          0          0   entry5.o
         0          0          0          0          0          0   entry7b.o
         0          0          0          0          0          0   entry8b.o
         8          4          0          0          0          0   entry9a.o
        12          6          0          4          0         68   errno.o
        30          0          0          0          0          0   handlers.o
        36          8          0          0          0         68   init.o
         0          0          0          0          0          0   iusefp.o
        98          0          0          0          0         84   ldiv.o
        30          0          0          0          0         68   llshl.o
        36          0          0          0          0         68   llsshr.o
        32          0          0          0          0         68   llushr.o
        36          0          0          0          0         68   memcpya.o
        36          0          0          0          0        108   memseta.o
      2308         96          0          0          0        604   printfa.o
         0          0          0          4          0          0   stdout.o
        20          0          0          0          0         68   strchr.o
        18          0          0          0          0         68   strcpy.o
        14          0          0          0          0         68   strlen.o
        24          0          0          0          0         76   strncpy.o
        44          0          0          0          0         80   uidiv.o
        98          0          0          0          0         92   uldiv.o
        48          0          0          0          0         68   cdrcmple.o
       334          0          0          0          0        148   dadd.o
       222          0          0          0          0        100   ddiv.o
       186          0          0          0          0        176   depilogue.o
        48          0          0          0          0         68   dfixul.o
        40          0          0          0          0         80   dfltl.o
       228          0          0          0          0         96   dmul.o

    ----------------------------------------------------------------------
      7000        564        448          8          0       4892   Library Totals
         8          0          0          0          0          0   (incl. Padding)

    ----------------------------------------------------------------------

      Code (inc. data)   RO Data    RW Data    ZI Data      Debug   Library Name

      2908        446        448          0          0       2500   m_wv.l
      2978        118          0          8          0       1656   mc_w.l
      1106          0          0          0          0        736   mf_w.l

    ----------------------------------------------------------------------
      7000        564        448          8          0       4892   Library Totals

    ----------------------------------------------------------------------

==============================================================================


      Code (inc. data)   RO Data    RW Data    ZI Data      Debug   

    117464      10522      10812        512     171944    2051686   Grand Totals
    117464      10522      10812        132     171944    2051686   ELF Image Totals (compressed)
    117464      10522      10812        132          0          0   ROM Totals

==============================================================================

    Total RO  Size (Code + RO Data)               128276 ( 125.27kB)
    Total RW  Size (RW Data + ZI Data)            172456 ( 168.41kB)
    Total ROM Size (Code + RO Data + RW Data)     128408 ( 125.40kB)

==============================================================================

