<html>
<body>
<pre>
<h1>礦ision Build Log</h1>
<h2>Tool Versions:</h2>
IDE-Version: 礦ision V5.30.0.0
Copyright (C) 2020 ARM Ltd and ARM Germany GmbH. All rights reserved.
License Information: z 1709800349@qq.com, z, LIC=YA39H-W4NJ2-CXUU6-DKBVR-U2XW2-2ULLL
 
Tool Versions:
Toolchain:       MDK-ARM Plus  Version: 5.30.0.0
Toolchain Path:  D:\zenghngming\Keil\STM32\PACK\ARM\ARMCC\Bin
C Compiler:      Armcc.exe V5.06 update 6 (build 750)
Assembler:       Armasm.exe V5.06 update 6 (build 750)
Linker/Locator:  ArmLink.exe V5.06 update 6 (build 750)
Library Manager: ArmAr.exe V5.06 update 6 (build 750)
Hex Converter:   FromElf.exe V5.06 update 6 (build 750)
CPU DLL:         SARMCM3.DLL V5.30.0.0
Dialog DLL:      DCM.DLL V1.17.3.0
Target DLL:      Segger\JL2CM3.dll V2.99.38.0
Dialog DLL:      TCM.DLL V1.42.0.0
 
<h2>Project:</h2>
C:\Users\17098\Desktop\四轴机床\四轴驱动5\MDK-ARM\SOEM_STM32H7.uvprojx
Project File Date:  07/11/2026

<h2>Output:</h2>
*** Using Compiler 'V5.06 update 6 (build 750)', folder: 'D:\zenghngming\Keil\STM32\PACK\ARM\ARMCC\Bin'
Rebuild target 'SOEM_STM2H7'
assembling startup_stm32h743xx.s...
compiling system_stm32h7xx.c...
compiling stm32h7xx_hal_rcc.c...
compiling stm32h7xx_hal_msp.c...
compiling usart.c...
compiling stm32h7xx_hal_eth_ex.c...
compiling stm32h7xx_it.c...
compiling stm32h7xx_hal_cortex.c...
compiling stm32h7xx_hal_timebase_tim.c...
compiling main.c...
../Core/Src/main.c(184): warning:  #223-D: function "MPU_Config" declared implicitly
      MPU_Config();
../Core/Src/main.c(185): warning:  #223-D: function "Cache_Enable" declared implicitly
      Cache_Enable();
../Core/Src/main.c(192): warning:  #223-D: function "Stm32_Clock_Init" declared implicitly
      Stm32_Clock_Init(160, 5, 2, 4);
../Core/Src/main.c(298): warning:  #223-D: function "ec_configdc" declared implicitly
          ec_configdc();
../Core/Src/main.c(301): warning:  #223-D: function "ec_dcsync0" declared implicitly
              ec_dcsync0(slc, TRUE, SYNC0TIME, 250000);
../Core/Src/main.c(557): warning:  #159-D: declaration is incompatible with previous "Cache_Enable"  (declared at line 185)
  void Cache_Enable(void)
../Core/Src/main.c(585): warning:  #159-D: declaration is incompatible with previous "Stm32_Clock_Init"  (declared at line 192)
  void Stm32_Clock_Init(uint32_t plln, uint32_t pllm, uint32_t pllp, uint32_t pllq)
../Core/Src/main.c(656): warning:  #159-D: declaration is incompatible with previous "MPU_Config"  (declared at line 184)
  void MPU_Config(void)
../Core/Src/main.c: 8 warnings, 0 errors
compiling eth.c...
../Core/Src/eth.c(107): warning:  #223-D: function "printf" declared implicitly
              printf("[PHY] DM9161 retry %d: hardware reset\r\n", attempt);
../Core/Src/eth.c(124): warning:  #223-D: function "printf" declared implicitly
          printf("[PHY] DM9161 OK on attempt %d (PHYI1R=0x%04lX PHYI2R=0x%04lX)\r\n",
../Core/Src/eth.c(131): warning:  #223-D: function "printf" declared implicitly
      printf("[PHY] DM9161 init FAILED after 5 attempts\r\n");
../Core/Src/eth.c(320): warning:  #223-D: function "printf" declared implicitly
          printf("[PHY] WARNING: DM9161 not responding, continue link poll\r\n");
../Core/Src/eth.c(333): warning:  #223-D: function "printf" declared implicitly
          printf("DM9161_GetLinkState = %d\r\n", PHYLinkState);
../Core/Src/eth.c(355): warning:  #223-D: function "printf" declared implicitly
          printf("DM9161_STATUS_100MBITS_FULLDUPLEX\r\n");
../Core/Src/eth.c(472): warning:  #223-D: function "printf" declared implicitly
      printf("rx isr\r\n");  // ??????: ????????????
../Core/Src/eth.c(486): warning:  #223-D: function "printf" declared implicitly
      printf("tx isr\r\n");   // ??????: ????�???????
../Core/Src/eth.c: 8 warnings, 0 errors
compiling tim.c...
../Core/Src/tim.c(81): warning:  #177-D: variable "sClockSourceConfig"  was declared but never referenced
    TIM_ClockConfigTypeDef sClockSourceConfig = {0};
../Core/Src/tim.c(82): warning:  #177-D: variable "sMasterConfig"  was declared but never referenced
    TIM_MasterConfigTypeDef sMasterConfig = {0};
../Core/Src/tim.c: 2 warnings, 0 errors
compiling stm32h7xx_hal_flash_ex.c...
compiling stm32h7xx_hal_flash.c...
compiling gpio.c...
compiling stm32h7xx_hal_eth.c...
compiling stm32h7xx_hal_rcc_ex.c...
compiling stm32h7xx_hal_gpio.c...
compiling stm32h7xx_hal_hsem.c...
compiling stm32h7xx_hal_mdma.c...
compiling stm32h7xx_hal_pwr_ex.c...
compiling stm32h7xx_hal_dma_ex.c...
compiling stm32h7xx_hal_pwr.c...
compiling stm32h7xx_hal.c...
compiling stm32h7xx_hal_dma.c...
compiling stm32h7xx_hal_i2c_ex.c...
compiling stm32h7xx_hal_i2c.c...
compiling stm32h7xx_hal_exti.c...
compiling stm32h7xx_ll_fmc.c...
compiling stm32h7xx_hal_tim_ex.c...
compiling stm32h7xx_hal_uart_ex.c...
compiling stm32h7xx_hal_sram.c...
compiling stm32h7xx_hal_uart.c...
compiling stm32h7xx_hal_fdcan.c...
compiling stm32h7xx_hal_tim.c...
compiling ethercatbase.c...
compiling bsp_timer.c...
compiling fdcan.c...
compiling ethercatcoe.c...
compiling rs485.c...
..\HARDWARE\RS485\rs485.c(279): warning:  #188-D: enumerated type mixed with another type
      HAL_GPIO_WritePin(GPIOC, GPIO_PIN_12, en);
..\HARDWARE\RS485\rs485.c: 1 warning, 0 errors
compiling DM9161.c...
compiling DM9000.c...
..\User\Src\DM9000.c(225): warning:  #223-D: function "Error_Handler" declared implicitly
          Error_Handler(__FILE__, __LINE__);  // ??????????????? ??? ??????????????????
..\User\Src\DM9000.c: 1 warning, 0 errors
compiling modbus_slave.c...
compiling motion_profile.c...
compiling ethercatsoe.c...
compiling param_store.c...
..\User\Src\param_store.c(551): warning:  #188-D: enumerated type mixed with another type
      [0]  = { 0,  "Max RPM",      "RPM",     3000,  0,    3000,     64, 1, 0 },
..\User\Src\param_store.c(552): warning:  #188-D: enumerated type mixed with another type
      [1]  = { 1,  "Max Accel",    "cts/T^2", 1000,   0,    20000,    65, 1, 0 },
..\User\Src\param_store.c(553): warning:  #188-D: enumerated type mixed with another type
      [2]  = { 2,  "Max Jerk",     "cts/T^3", 100,    0,    2000,     66, 1, 0 },
..\User\Src\param_store.c(554): warning:  #188-D: enumerated type mixed with another type
      [3]  = { 3,  "Home Offset",  "pls",     0,    -2000000000, 2000000000, 67, 1, 0 },
..\User\Src\param_store.c(555): warning:  #188-D: enumerated type mixed with another type
      [4]  = { 4,  "SoftLimit +",  "pls",     2000000000, 0, 2000000000, 68, 1, 0 },
..\User\Src\param_store.c(556): warning:  #188-D: enumerated type mixed with another type
      [5]  = { 5,  "SoftLimit -",  "pls",    -2000000000, -2000000000, 0, 69, 1, 0 },
..\User\Src\param_store.c(557): warning:  #188-D: enumerated type mixed with another type
      [6]  = { 6,  "Backlash",     "pls",     0,     0,    10000,    70, 1, 0 },
..\User\Src\param_store.c(558): warning:  #188-D: enumerated type mixed with another type
      [7]  = { 7,  "Screw Pitch",  "um/rev",  5000,  100,  50000,    71, 1, 0 },
..\User\Src\param_store.c(559): warning:  #188-D: enumerated type mixed with another type
      [8]  = { 8,  "Gear Num",     "",        1,      1,    1000000, 72, 1, 0 },
..\User\Src\param_store.c(560): warning:  #188-D: enumerated type mixed with another type
      [9]  = { 9,  "Gear Den",     "",        1,      1,    1000000, 73, 1, 0 },
..\User\Src\param_store.c(561): warning:  #188-D: enumerated type mixed with another type
      [10] = { 10, "Invert Dir",   "",        0,     0,    1,        74, 1, 1 },
..\User\Src\param_store.c(562): warning:  #188-D: enumerated type mixed with another type
      [11] = { 11, "Jog Speed",    "RPM",     200,   1,    500,      75, 1, 0 },
..\User\Src\param_store.c(563): warning:  #188-D: enumerated type mixed with another type
      [12] = { 12, "Homing Speed", "RPM",     50,    1,    200,      76, 1, 0 },
..\User\Src\param_store.c(564): warning:  #188-D: enumerated type mixed with another type
      [13] = { 13, "Homing Accel", "cts/T^2", 33,    1,    100,      77, 1, 0 },
..\User\Src\param_store.c(565): warning:  #188-D: enumerated type mixed with another type
      [14] = { 14, "Arrive Win",   "pls",     833,   10,   100000,   78, 1, 0 },
..\User\Src\param_store.c(566): warning:  #188-D: enumerated type mixed with another type
      [15] = { 15, "Follow Err",   "pls",     100000,1,    2000000000,79, 1, 0 },
..\User\Src\param_store.c(569): warning:  #188-D: enumerated type mixed with another type
      [128] = { 128, "Default Vel",  "RPM",     100,   1,    3000,     80, 1, 0 },
..\User\Src\param_store.c(570): warning:  #188-D: enumerated type mixed with another type
      [129] = { 129, "Global Jog",   "RPM",     200,   1,    500,      81, 1, 0 },
..\User\Src\param_store.c(571): warning:  #188-D: enumerated type mixed with another type
      [130] = { 130, "Global Home",  "RPM",     50,    1,    200,      82, 1, 0 },
..\User\Src\param_store.c(572): warning:  #188-D: enumerated type mixed with another type
      [131] = { 131, "Home Method",  "",        35,    1,    35,       83, 1, 0 },
..\User\Src\param_store.c(573): warning:  #188-D: enumerated type mixed with another type
      [132] = { 132, "Home Accel",   "cts/T^2", 33,    1,    100,      84, 1, 0 },
..\User\Src\param_store.c(574): warning:  #188-D: enumerated type mixed with another type
      [133] = { 133, "Smooth Stop",  "",        1,     0,    1,        85, 1, 0 },
..\User\Src\param_store.c(575): warning:  #188-D: enumerated type mixed with another type
      [134] = { 134, "Feed Override","%",       100,   10,   200,      86, 1, 0 },
..\User\Src\param_store.c(576): warning:  #188-D: enumerated type mixed with another type
      [135] = { 135, "Rapid Override","%",      100,   10,   100,      87, 1, 0 },
..\User\Src\param_store.c(577): warning:  #188-D: enumerated type mixed with another type
      [136] = { 136, "Spindle Override","%",    100,   50,   150,      88, 1, 0 },
..\User\Src\param_store.c(580): warning:  #188-D: enumerated type mixed with another type
      [64] = { 64, "S Max RPM",      "RPM",     300,   0,    3000,     284, 1, 0 },
..\User\Src\param_store.c(581): warning:  #188-D: enumerated type mixed with another type
      [65] = { 65, "S Max Accel",    "cts/T^2", 1000,  0,    20000,    285, 1, 0 },
..\User\Src\param_store.c(582): warning:  #188-D: enumerated type mixed with another type
      [70] = { 70, "S Jog Speed",    "RPM",     100,   1,    500,      290, 1, 0 },
..\User\Src\param_store.c(583): warning:  #188-D: enumerated type mixed with another type
      [71] = { 71, "S Arrive Win",   "pls",     833,   10,   100000,   291, 1, 0 },
..\User\Src\param_store.c(584): warning:  #188-D: enumerated type mixed with another type
      [72] = { 72, "S Homing Speed", "RPM",     50,    1,    200,      292, 1, 0 },
..\User\Src\param_store.c(587): warning:  #188-D: enumerated type mixed with another type
      [80] = { 80, "W Max RPM",      "RPM",     500,   0,    3000,     300, 1, 0 },
..\User\Src\param_store.c(588): warning:  #188-D: enumerated type mixed with another type
      [81] = { 81, "W Max Accel",    "cts/T^2", 1000,  0,    20000,    301, 1, 0 },
..\User\Src\param_store.c(589): warning:  #188-D: enumerated type mixed with another type
      [85] = { 85, "W Pitch",        "um/rev",  5000,  100,  50000,    305, 1, 0 },
..\User\Src\param_store.c(590): warning:  #188-D: enumerated type mixed with another type
      [89] = { 89, "W Jog Speed",    "RPM",     200,   1,    500,      309, 1, 0 },
..\User\Src\param_store.c(591): warning:  #188-D: enumerated type mixed with another type
      [90] = { 90, "W Homing Speed", "RPM",     50,    1,    200,      310, 1, 0 },
..\User\Src\param_store.c(592): warning:  #188-D: enumerated type mixed with another type
      [91] = { 91, "W Arrive Win",   "pls",     833,   10,   100000,   311, 1, 0 },
..\User\Src\param_store.c(595): warning:  #188-D: enumerated type mixed with another type
      [96] = { 96, "U Osc Speed",    "RPM",     500,   0,    3000,     316, 1, 0 },
..\User\Src\param_store.c(596): warning:  #188-D: enumerated type mixed with another type
      [97] = { 97, "U Amplitude",    "pls",     1000,  0,    100000,   317, 1, 0 },
..\User\Src\param_store.c(597): warning:  #188-D: enumerated type mixed with another type
      [98] = { 98, "U Pitch",        "um/rev",  5000,  100,  50000,    318, 1, 0 },
..\User\Src\param_store.c(78): warning:  #550-D: variable "g_pf_has_valid"  was set but never used
  static uint8  g_pf_has_valid = 0;
..\User\Src\param_store.c(79): warning:  #177-D: variable "g_pf_counter"  was declared but never referenced
  static uint32 g_pf_counter   = 0;
..\User\Src\param_store.c(166): warning:  #177-D: function "ParamSlot_Read"  was declared but never referenced
  static int ParamSlot_Read(uint32 offset, ParamSlot_t *slot)
..\User\Src\param_store.c(186): warning:  #177-D: function "ParamSlot_EraseAndWrite"  was declared but never referenced
  static int ParamSlot_EraseAndWrite(uint32 offset, ParamSlot_t *slot)
..\User\Src\param_store.c(691): warning:  #177-D: function "Flash_IsErased32"  was declared but never referenced
  static uint8 Flash_IsErased32(uint32 addr) {
..\User\Src\param_store.c: 44 warnings, 0 errors
compiling ethercatprint.c...
compiling ethercatdc.c...
..\ETHERCAT\ethercatdc.h(64): warning:  #1295-D: Deprecated declaration ec_configdc - give arg types
  boolean ec_configdc();
..\ETHERCAT\ethercatdc.c(74): warning:  #550-D: variable "wc"  was set but never used
     uint16 wc, slaveh;
..\ETHERCAT\ethercatdc.c(127): warning:  #550-D: variable "wc"  was set but never used
     uint16 wc, slaveh;
..\ETHERCAT\ethercatdc.c(130): warning:  #177-D: variable "TrueCyclTime"  was declared but never referenced
     uint32 TrueCyclTime;
..\ETHERCAT\ethercatdc.c(279): warning:  #550-D: variable "wc"  was set but never used
     uint16 i, wc, slaveh, parent, child;
..\ETHERCAT\ethercatdc.c: 5 warnings, 0 errors
compiling croutine.c...
compiling serial_cmd.c...
compiling list.c...
compiling ethercat_slave.c...
..\ETHERCAT\ethercatdc.h(64): warning:  #1295-D: Deprecated declaration ec_configdc - give arg types
  boolean ec_configdc();
..\User\Src\ethercat_slave.c: 1 warning, 0 errors
compiling motion_api.c...
..\User\Src\motion_api.c(1114): warning:  #177-D: function "Axis_StartHoming"  was declared but never referenced
  static void Axis_StartHoming(void)
..\User\Src\motion_api.c: 1 warning, 0 errors
compiling ethercat_task.c...
..\User\Src\ethercat_task.c(131): warning:  #223-D: function "Motion_ProcessQueue" declared implicitly
          Motion_ProcessQueue();
..\User\Src\ethercat_task.c: 1 warning, 0 errors
compiling event_groups.c...
compiling queue.c...
compiling stream_buffer.c...
compiling tasks.c...
compiling ethercatconfig.c...
..\ETHERCAT\ethercatconfig.c(88): warning:  #1000-D: a storage class may not be specified here
  extern enum
..\ETHERCAT\ethercatconfig.c(725): warning:  #223-D: function "ecx_readIDNmap" declared implicitly
           rval = ecx_readIDNmap(context, slave, &Osize, &Isize);
..\ETHERCAT\ethercatconfig.c(846): warning:  #177-D: function "ecx_config_create_input_mappings"  was declared but never referenced
  static void ecx_config_create_input_mappings(ecx_contextt *context, void *pIOmap, 
..\ETHERCAT\ethercatconfig.c(984): warning:  #177-D: function "ecx_config_create_output_mappings"  was declared but never referenced
  static void ecx_config_create_output_mappings(ecx_contextt *context, void *pIOmap, 
..\ETHERCAT\ethercatconfig.c: 4 warnings, 0 errors
compiling nicdrv.c...
compiling ethercatmain.c...
..\ETHERCAT\ethercatmain.c(1307): warning:  #177-D: function "ecx_clearindex"  was declared but never referenced
  static void ecx_clearindex(ecx_contextt *context)  {
..\ETHERCAT\ethercatmain.c(1325): warning:  #177-D: function "ecx_main_send_processdata"  was declared but never referenced
  static int ecx_main_send_processdata(ecx_contextt *context, uint8 group, boolean use_overlap_io)
..\ETHERCAT\ethercatmain.c: 2 warnings, 0 errors
compiling timers.c...
compiling heap_4.c...
compiling port.c...
linking...
.\SOEM_H7_custom.sct(14): warning: L6329W: Pattern stm32h7xx_hal_flash.o(RO) only matches removed unused sections.
.\SOEM_H7_custom.sct(15): warning: L6329W: Pattern stm32h7xx_hal_flash_ex.o(RO) only matches removed unused sections.
Program Size: Code=117464 RO-data=10812 RW-data=512 ZI-data=171944  
Finished: 0 information, 2 warning and 0 error messages.
FromELF: creating hex file...
".\OUTPUT\SOEM_H7.axf" - 0 Error(s), 80 Warning(s).

<h2>Software Packages used:</h2>

Package Vendor: ARM
                http://www.keil.com/pack/ARM.CMSIS.5.7.0.pack
                ARM.CMSIS.5.7.0
                CMSIS (Cortex Microcontroller Software Interface Standard)
   * Component: CORE Version: 5.4.0

Package Vendor: Keil
                https://www.keil.com/pack/Keil.STM32H7xx_DFP.4.1.3.pack
                Keil.STM32H7xx_DFP.4.1.3
                STMicroelectronics STM32H7 Series Device Support

<h2>Collection of Component include folders:</h2>
  .\RTE\_SOEM_STM2H7
  D:\zenghngming\Keil\STM32\PACK\ARM\PACK\ARM\CMSIS\5.7.0\CMSIS\Core\Include

<h2>Collection of Component Files used:</h2>

   * Component: ARM::CMSIS:CORE:5.4.0
Build Time Elapsed:  00:00:05
</pre>
</body>
</html>
