Component: ARM Compiler 5.06 update 6 (build 750) Tool: armlink [4d35ed]

==============================================================================

Section Cross References

    startup_stm32h743xx.o(RESET) refers to startup_stm32h743xx.o(STACK) for __initial_sp
    startup_stm32h743xx.o(RESET) refers to startup_stm32h743xx.o(.text) for Reset_Handler
    startup_stm32h743xx.o(RESET) refers to stm32h7xx_it.o(i.NMI_Handler) for NMI_Handler
    startup_stm32h743xx.o(RESET) refers to stm32h7xx_it.o(i.HardFault_Handler) for HardFault_Handler
    startup_stm32h743xx.o(RESET) refers to stm32h7xx_it.o(i.MemManage_Handler) for MemManage_Handler
    startup_stm32h743xx.o(RESET) refers to stm32h7xx_it.o(i.BusFault_Handler) for BusFault_Handler
    startup_stm32h743xx.o(RESET) refers to stm32h7xx_it.o(i.UsageFault_Handler) for UsageFault_Handler
    startup_stm32h743xx.o(RESET) refers to port.o(.emb_text) for SVC_Handler
    startup_stm32h743xx.o(RESET) refers to stm32h7xx_it.o(i.DebugMon_Handler) for DebugMon_Handler
    startup_stm32h743xx.o(RESET) refers to port.o(i.SysTick_Handler) for SysTick_Handler
    startup_stm32h743xx.o(RESET) refers to stm32h7xx_it.o(i.DMA1_Stream1_IRQHandler) for DMA1_Stream1_IRQHandler
    startup_stm32h743xx.o(RESET) refers to stm32h7xx_it.o(i.DMA1_Stream3_IRQHandler) for DMA1_Stream3_IRQHandler
    startup_stm32h743xx.o(RESET) refers to stm32h7xx_it.o(i.TIM1_UP_IRQHandler) for TIM1_UP_IRQHandler
    startup_stm32h743xx.o(RESET) refers to usart.o(i.USART1_IRQHandler) for USART1_IRQHandler
    startup_stm32h743xx.o(RESET) refers to stm32h7xx_it.o(i.USART3_IRQHandler) for USART3_IRQHandler
    startup_stm32h743xx.o(RESET) refers to stm32h7xx_it.o(i.TIM7_IRQHandler) for TIM7_IRQHandler
    startup_stm32h743xx.o(.text) refers to system_stm32h7xx.o(i.SystemInit) for SystemInit
    startup_stm32h743xx.o(.text) refers to entry.o(.ARM.Collect$$$$00000000) for __main
    system_stm32h7xx.o(i.SystemCoreClockUpdate) refers to system_stm32h7xx.o(.constdata) for D1CorePrescTable
    system_stm32h7xx.o(i.SystemCoreClockUpdate) refers to system_stm32h7xx.o(.data) for SystemD2Clock
    main.o(i.GetAxisPPR) refers to main.o(.bss) for axis
    main.o(i.HAL_TIM_PeriodElapsedCallback) refers to ethercatmain.o(i.ec_send_processdata) for ec_send_processdata
    main.o(i.HAL_TIM_PeriodElapsedCallback) refers to tasks.o(i.vTaskGenericNotifyGiveFromISR) for vTaskGenericNotifyGiveFromISR
    main.o(i.HAL_TIM_PeriodElapsedCallback) refers to stm32h7xx_hal.o(i.HAL_IncTick) for HAL_IncTick
    main.o(i.HAL_TIM_PeriodElapsedCallback) refers to tim.o(.bss) for htim1
    main.o(i.HAL_TIM_PeriodElapsedCallback) refers to main.o(.data) for dorun
    main.o(i.MPU_Config) refers to stm32h7xx_hal_cortex.o(i.HAL_MPU_Disable) for HAL_MPU_Disable
    main.o(i.MPU_Config) refers to stm32h7xx_hal_cortex.o(i.HAL_MPU_ConfigRegion) for HAL_MPU_ConfigRegion
    main.o(i.MPU_Config) refers to stm32h7xx_hal_cortex.o(i.HAL_MPU_Enable) for HAL_MPU_Enable
    main.o(i.Stm32_Clock_Init) refers to stm32h7xx_hal_rcc.o(i.HAL_RCC_OscConfig) for HAL_RCC_OscConfig
    main.o(i.Stm32_Clock_Init) refers to stm32h7xx_hal_rcc.o(i.HAL_RCC_ClockConfig) for HAL_RCC_ClockConfig
    main.o(i.Stm32_Clock_Init) refers to stm32h7xx_hal.o(i.HAL_EnableCompensationCell) for HAL_EnableCompensationCell
    main.o(i.main) refers to main.o(i.MPU_Config) for MPU_Config
    main.o(i.main) refers to main.o(i.Cache_Enable) for Cache_Enable
    main.o(i.main) refers to stm32h7xx_hal.o(i.HAL_Init) for HAL_Init
    main.o(i.main) refers to main.o(i.Stm32_Clock_Init) for Stm32_Clock_Init
    main.o(i.main) refers to gpio.o(i.MX_GPIO_Init) for MX_GPIO_Init
    main.o(i.main) refers to eth.o(i.MX_ETH_Init) for MX_ETH_Init
    main.o(i.main) refers to tim.o(i.MX_TIM1_Init) for MX_TIM1_Init
    main.o(i.main) refers to tim.o(i.MX_TIM2_Init) for MX_TIM2_Init
    main.o(i.main) refers to usart.o(i.DEBUG_USART_Config) for DEBUG_USART_Config
    main.o(i.main) refers to param_store.o(i.Param_LoadAll) for Param_LoadAll
    main.o(i.main) refers to param_store.o(i.Param_EnsureDefaults) for Param_EnsureDefaults
    main.o(i.main) refers to param_store.o(i.Param_GetVersion) for Param_GetVersion
    main.o(i.main) refers to printfa.o(i.__0printf) for __2printf
    main.o(i.main) refers to dm9000.o(i.DM9000_Init) for DM9000_Init
    main.o(i.main) refers to dm9000.o(i.dm9k_ReadID) for dm9k_ReadID
    main.o(i.main) refers to eth.o(i.PHY_Init) for PHY_Init
    main.o(i.main) refers to rs485.o(i.RS485_Init) for RS485_Init
    main.o(i.main) refers to modbus_slave.o(i.Modbus_Init) for Modbus_Init
    main.o(i.main) refers to fdcan.o(i.FDCAN1_Mode_Init) for FDCAN1_Mode_Init
    main.o(i.main) refers to stm32h7xx_hal_tim.o(i.HAL_TIM_Base_Start_IT) for HAL_TIM_Base_Start_IT
    main.o(i.main) refers to stm32h7xx_hal_eth.o(i.HAL_ETH_ReadPHYRegister) for HAL_ETH_ReadPHYRegister
    main.o(i.main) refers to dm9000.o(i.dm9k_ReadReg) for dm9k_ReadReg
[...]
    Axis_CancelHoming                        0x08100509   Thumb Code    82  motion_api.o(i.Axis_CancelHoming)
    Axis_EnableAll                           0x08100565   Thumb Code   754  motion_api.o(i.Axis_EnableAll)
    Axis_JogStep                             0x08100965   Thumb Code   142  motion_api.o(i.Axis_JogStep)
    Axis_JogVel                              0x08100a01   Thumb Code   148  motion_api.o(i.Axis_JogVel)
    Axis_StrIEq                              0x08100aa1   Thumb Code    52  serial_cmd.o(i.Axis_StrIEq)
    Axis_SyncAllTargetsFromEncoder           0x08100ad5   Thumb Code   128  motion_api.o(i.Axis_SyncAllTargetsFromEncoder)
    Axis_WriteTargetPos                      0x08100ba1   Thumb Code    46  motion_api.o(i.Axis_WriteTargetPos)
    CmdExec_CheckTriggers                    0x08100bdd   Thumb Code  3460  modbus_slave.o(i.CmdExec_CheckTriggers)
    DM9000_Init                              0x08101a59   Thumb Code    22  dm9000.o(i.DM9000_Init)
    DM9000_Initnic                           0x08101a75   Thumb Code    74  dm9000.o(i.DM9000_Initnic)
    DM9161_GetLinkState                      0x08101ac1   Thumb Code   252  dm9161.o(i.DM9161_GetLinkState)
    Delay_ms                                 0x08101ee3   Thumb Code    12  bsp_timer.o(i.Delay_ms)
    Error_Handler                            0x08102261   Thumb Code     6  main.o(i.Error_Handler)
    HAL_DMA_IRQHandler                       0x08102561   Thumb Code  2800  stm32h7xx_hal_dma.o(i.HAL_DMA_IRQHandler)
    HAL_DMA_Init                             0x08103059   Thumb Code  1304  stm32h7xx_hal_dma.o(i.HAL_DMA_Init)
    HAL_ETH_BuildRxDescriptors               0x08103579   Thumb Code   130  stm32h7xx_hal_eth.o(i.HAL_ETH_BuildRxDescriptors)
    HAL_ETH_GetMACFilterConfig               0x081035fb   Thumb Code   124  stm32h7xx_hal_eth.o(i.HAL_ETH_GetMACFilterConfig)
    HAL_ETH_GetRxDataLength                  0x08103677   Thumb Code    64  stm32h7xx_hal_eth.o(i.HAL_ETH_GetRxDataLength)
    HAL_ETH_Init                             0x081036b9   Thumb Code   328  stm32h7xx_hal_eth.o(i.HAL_ETH_Init)
    HAL_ETH_MspInit                          0x08103809   Thumb Code   306  eth.o(i.HAL_ETH_MspInit)
    HAL_ETH_SetMACConfig                     0x08103951   Thumb Code    34  stm32h7xx_hal_eth.o(i.HAL_ETH_SetMACConfig)
    HAL_ETH_SetMACFilterConfig               0x08103975   Thumb Code    98  stm32h7xx_hal_eth.o(i.HAL_ETH_SetMACFilterConfig)
    HAL_ETH_SetMDIOClockRange                0x081039dd   Thumb Code   100  stm32h7xx_hal_eth.o(i.HAL_ETH_SetMDIOClockRange)
    HAL_ETH_WritePHYRegister                 0x08103a55   Thumb Code   118  stm32h7xx_hal_eth.o(i.HAL_ETH_WritePHYRegister)
    HAL_FDCAN_ActivateNotification           0x08103ad5   Thumb Code   158  stm32h7xx_hal_fdcan.o(i.HAL_FDCAN_ActivateNotification)
    HAL_FDCAN_MspDeInit                      0x08103b7d   Thumb Code    24  fdcan.o(i.HAL_FDCAN_MspDeInit)
    HAL_FDCAN_Start                          0x08103b99   Thumb Code    52  stm32h7xx_hal_fdcan.o(i.HAL_FDCAN_Start)
    HAL_GPIO_Init                            0x08103bcd   Thumb Code   468  stm32h7xx_hal_gpio.o(i.HAL_GPIO_Init)
    HAL_GPIO_WritePin                        0x08103dd5   Thumb Code    12  stm32h7xx_hal_gpio.o(i.HAL_GPIO_WritePin)
    HAL_InitTick                             0x08103de1   Thumb Code   140  stm32h7xx_hal_timebase_tim.o(i.HAL_InitTick)
    HAL_MPU_Disable                          0x08103e81   Thumb Code    38  stm32h7xx_hal_cortex.o(i.HAL_MPU_Disable)
    HAL_MPU_Enable                           0x08103ead   Thumb Code    58  stm32h7xx_hal_cortex.o(i.HAL_MPU_Enable)
    HAL_MspInit                              0x08103eed   Thumb Code    32  stm32h7xx_hal_msp.o(i.HAL_MspInit)
    HAL_NVIC_DisableIRQ                      0x08103f11   Thumb Code    62  stm32h7xx_hal_cortex.o(i.HAL_NVIC_DisableIRQ)
    HAL_NVIC_EnableIRQ                       0x08103f55   Thumb Code    40  stm32h7xx_hal_cortex.o(i.HAL_NVIC_EnableIRQ)
    HAL_NVIC_SetPriority                     0x08103f7d   Thumb Code   122  stm32h7xx_hal_cortex.o(i.HAL_NVIC_SetPriority)
    HAL_RCCEx_GetPLL3ClockFreq               0x08103ff9   Thumb Code   536  stm32h7xx_hal_rcc_ex.o(i.HAL_RCCEx_GetPLL3ClockFreq)
    HAL_RCCEx_PeriphCLKConfig                0x08104229   Thumb Code  2910  stm32h7xx_hal_rcc_ex.o(i.HAL_RCCEx_PeriphCLKConfig)
    HAL_RCC_GetClockConfig                   0x08104d8d   Thumb Code    98  stm32h7xx_hal_rcc.o(i.HAL_RCC_GetClockConfig)
    HAL_RCC_GetPCLK2Freq                     0x08104df9   Thumb Code    26  stm32h7xx_hal_rcc.o(i.HAL_RCC_GetPCLK2Freq)
    HAL_RCC_OscConfig                        0x08104e1d   Thumb Code  2010  stm32h7xx_hal_rcc.o(i.HAL_RCC_OscConfig)
    HAL_SRAM_MspInit                         0x08105601   Thumb Code     2  stm32h7xx_hal_sram.o(i.HAL_SRAM_MspInit)
    HAL_TIMEx_Break2Callback                 0x08105603   Thumb Code     2  stm32h7xx_hal_tim_ex.o(i.HAL_TIMEx_Break2Callback)
    HAL_TIMEx_CommutCallback                 0x08105605   Thumb Code     2  stm32h7xx_hal_tim_ex.o(i.HAL_TIMEx_CommutCallback)
    HAL_TIMEx_MasterConfigSynchronization    0x08105609   Thumb Code   166  stm32h7xx_hal_tim_ex.o(i.HAL_TIMEx_MasterConfigSynchronization)
    HAL_TIM_Base_Init                        0x081056c9   Thumb Code   110  stm32h7xx_hal_tim.o(i.HAL_TIM_Base_Init)
    HAL_TIM_IC_CaptureCallback               0x08105737   Thumb Code     2  stm32h7xx_hal_tim.o(i.HAL_TIM_IC_CaptureCallback)
    HAL_TIM_PWM_PulseFinishedCallback        0x08105739   Thumb Code     2  stm32h7xx_hal_tim.o(i.HAL_TIM_PWM_PulseFinishedCallback)
    HAL_UARTEx_RxEventCallback               0x0810573d   Thumb Code   128  rs485.o(i.HAL_UARTEx_RxEventCallback)
    HAL_UARTEx_TxFifoEmptyCallback           0x081057d1   Thumb Code     2  stm32h7xx_hal_uart_ex.o(i.HAL_UARTEx_TxFifoEmptyCallback)
    HAL_UART_ErrorCallback                   0x081057d5   Thumb Code    38  rs485.o(i.HAL_UART_ErrorCallback)
    HAL_UART_IRQHandler                      0x08105811   Thumb Code   960  stm32h7xx_hal_uart.o(i.HAL_UART_IRQHandler)
    HAL_UART_RxCpltCallback                  0x08105be5   Thumb Code     2  stm32h7xx_hal_uart.o(i.HAL_UART_RxCpltCallback)
    HAL_UART_Transmit                        0x08105be7   Thumb Code   214  stm32h7xx_hal_uart.o(i.HAL_UART_Transmit)
    HAL_UART_Transmit_DMA                    0x08105cbd   Thumb Code   172  stm32h7xx_hal_uart.o(i.HAL_UART_Transmit_DMA)
    HAL_UART_TxHalfCpltCallback              0x08105d75   Thumb Code     2  stm32h7xx_hal_uart.o(i.HAL_UART_TxHalfCpltCallback)
    Interp_ArcXY                             0x08105e91   Thumb Code   636  motion_api.o(i.Interp_ArcXY)
    MX_GPIO_Init                             0x081061cd   Thumb Code  1504  gpio.o(i.MX_GPIO_Init)
    MX_TIM1_Init                             0x081067bd   Thumb Code   106  tim.o(i.MX_TIM1_Init)
    MX_TIM2_Init                             0x08106831   Thumb Code    64  tim.o(i.MX_TIM2_Init)
    Modbus_Poll                              0x08106875   Thumb Code   940  modbus_slave.o(i.Modbus_Poll)
    Motion_Abort                             0x08106c59   Thumb Code    46  motion_api.o(i.Motion_Abort)
    Motion_FlushQueue                        0x08106c91   Thumb Code    20  motion_api.o(i.Motion_FlushQueue)
    Motion_ProcessQueue                      0x08106cb5   Thumb Code   166  motion_api.o(i.Motion_ProcessQueue)
    PHY_Init                                 0x08106d7d   Thumb Code   274  eth.o(i.PHY_Init)
    ParseCSV                                 0x08106fc9   Thumb Code   120  serial_cmd.o(i.ParseCSV)
    RS485_Init                               0x081086d5   Thumb Code   374  rs485.o(i.RS485_Init)
    RS485_Send_Data                          0x0810886d   Thumb Code   146  rs485.o(i.RS485_Send_Data)
    RS485_TX_Set                             0x08108915   Thumb Code    18  rs485.o(i.RS485_TX_Set)
    SCurve_IsDone                            0x0810892d   Thumb Code    18  motion_profile.o(i.SCurve_IsDone)
    Servo_WriteAllGearRatios                 0x08108a0d   Thumb Code   526  ethercat_slave.o(i.Servo_WriteAllGearRatios)
    Servosetup                               0x08108d01   Thumb Code   624  ethercat_slave.o(i.Servosetup)
    Stm32_Clock_Init                         0x08108f95   Thumb Code   260  main.o(i.Stm32_Clock_Init)
    SystemInit                               0x081090a5   Thumb Code   220  system_stm32h7xx.o(i.SystemInit)
    UART_AdvFeatureConfig                    0x081091a9   Thumb Code   248  stm32h7xx_hal_uart.o(i.UART_AdvFeatureConfig)
    UART_WaitOnFlagUntilTimeout              0x08109339   Thumb Code   190  stm32h7xx_hal_uart.o(i.UART_WaitOnFlagUntilTimeout)
    USART1_IRQHandler                        0x081093f9   Thumb Code   134  usart.o(i.USART1_IRQHandler)
    __0sprintf                               0x08109499   Thumb Code    34  printfa.o(i.__0sprintf)
    __1sprintf                               0x08109499   Thumb Code     0  printfa.o(i.__0sprintf)
    __2sprintf                               0x08109499   Thumb Code     0  printfa.o(i.__0sprintf)
    __c89sprintf                             0x08109499   Thumb Code     0  printfa.o(i.__0sprintf)
    sprintf                                  0x08109499   Thumb Code     0  printfa.o(i.__0sprintf)
    __ARM_fpclassify                         0x081094c1   Thumb Code    48  fpclassify.o(i.__ARM_fpclassify)
    __hardfp_cos                             0x08109519   Thumb Code   158  cos.o(i.__hardfp_cos)
    __hardfp_sqrtf                           0x081095c9   Thumb Code    58  sqrtf.o(i.__hardfp_sqrtf)
    __mathlib_dbl_infnan                     0x08109603   Thumb Code     6  dunder.o(i.__mathlib_dbl_infnan)
    __mathlib_dbl_invalid                    0x08109609   Thumb Code    10  dunder.o(i.__mathlib_dbl_invalid)
    atan                                     0x08109d4f   Thumb Code    16  atan.o(i.atan)
    bfin_EMAC_send                           0x08109d61   Thumb Code    28  eth.o(i.bfin_EMAC_send)
    dm9k_ReadID                              0x08109d81   Thumb Code    48  dm9000.o(i.dm9k_ReadID)
    dm9k_ReadReg                             0x08109db1   Thumb Code    14  dm9000.o(i.dm9k_ReadReg)
    dm9k_err_reset                           0x08109dc9   Thumb Code    94  dm9000.o(i.dm9k_err_reset)
    dm9k_receive_packet                      0x08109e2d   Thumb Code   300  dm9000.o(i.dm9k_receive_packet)
    dm9k_reset                               0x08109f69   Thumb Code   198  dm9000.o(i.dm9k_reset)
    ec_SDOread                               0x0810a039   Thumb Code    42  ethercatcoe.o(i.ec_SDOread)
    ec_clearmbx                              0x0810a069   Thumb Code    16  ethercatmain.o(i.ec_clearmbx)
    ec_config_init                           0x0810a079   Thumb Code    14  ethercatconfig.o(i.ec_config_init)
    ec_config_map                            0x0810a08d   Thumb Code    14  ethercatconfig.o(i.ec_config_map)
    ec_configdc                              0x0810a09d   Thumb Code    10  ethercatdc.o(i.ec_configdc)
    ec_findconfig                            0x0810a0ad   Thumb Code   154  ethercatconfig.o(i.ec_findconfig)
    ec_receive_processdata_group             0x0810a1ad   Thumb Code    18  ethercatmain.o(i.ec_receive_processdata_group)
    ec_send_processdata                      0x0810a1c5   Thumb Code    10  ethercatmain.o(i.ec_send_processdata)
    ec_writestate                            0x0810a1d1   Thumb Code    14  ethercatmain.o(i.ec_writestate)
    ecx_BRD                                  0x0810a1e5   Thumb Code   122  ethercatbase.o(i.ecx_BRD)
    ecx_BWR                                  0x0810a25f   Thumb Code    86  ethercatbase.o(i.ecx_BWR)
    ecx_FPRD_multi                           0x0810a2b5   Thumb Code   316  ethercatmain.o(i.ecx_FPRD_multi)
    ecx_FPRDw                                0x0810a3f1   Thumb Code    38  ethercatbase.o(i.ecx_FPRDw)
    ecx_FPWRw                                0x0810a417   Thumb Code    34  ethercatbase.o(i.ecx_FPWRw)
    ecx_SDOerror                             0x0810a439   Thumb Code    66  ethercatcoe.o(i.ecx_SDOerror)
    ecx_SDOread                              0x0810a47b   Thumb Code   866  ethercatcoe.o(i.ecx_SDOread)
    ecx_SDOwrite                             0x0810a7dd   Thumb Code  1018  ethercatcoe.o(i.ecx_SDOwrite)
    ecx_SoEerror                             0x0810abd7   Thumb Code    62  ethercatsoe.o(i.ecx_SoEerror)
    ecx_SoEread                              0x0810ac15   Thumb Code   550  ethercatsoe.o(i.ecx_SoEread)
    ecx_config_init                          0x0810ae3d   Thumb Code  2552  ethercatconfig.o(i.ecx_config_init)
    ecx_config_map_group                     0x0810b839   Thumb Code  3698  ethercatconfig.o(i.ecx_config_map_group)
    ecx_dcsync0                              0x0810c6dd   Thumb Code   318  ethercatdc.o(i.ecx_dcsync0)
    ecx_detect_slaves                        0x0810c821   Thumb Code   148  ethercatconfig.o(i.ecx_detect_slaves)
    ecx_eeprom2master                        0x0810c8b9   Thumb Code   168  ethercatmain.o(i.ecx_eeprom2master)
    ecx_eeprom2pdi                           0x0810c961   Thumb Code   122  ethercatmain.o(i.ecx_eeprom2pdi)
    ecx_init                                 0x0810c9db   Thumb Code    14  ethercatmain.o(i.ecx_init)
    ecx_init_context                         0x0810c9e9   Thumb Code    84  ethercatconfig.o(i.ecx_init_context)
    ecx_init_redundant                       0x0810ca3d   Thumb Code   114  ethercatmain.o(i.ecx_init_redundant)
    ecx_mbxreceive                           0x0810d489   Thumb Code   580  ethercatmain.o(i.ecx_mbxreceive)
    ecx_outframe_red                         0x0810d6cd   Thumb Code   140  nicdrv.o(i.ecx_outframe_red)
    ecx_packeterror                          0x0810d761   Thumb Code    66  ethercatmain.o(i.ecx_packeterror)
    ecx_readIDNmap                           0x0810d8ad   Thumb Code   362  ethercatsoe.o(i.ecx_readIDNmap)
    ecx_readPDOassign                        0x0810da1d   Thumb Code   262  ethercatcoe.o(i.ecx_readPDOassign)
    ecx_readPDOassignCA                      0x0810db29   Thumb Code   184  ethercatcoe.o(i.ecx_readPDOassignCA)
    ecx_readPDOmap                           0x0810dbe5   Thumb Code   424  ethercatcoe.o(i.ecx_readPDOmap)
    ecx_readPDOmapCA                         0x0810dd91   Thumb Code   350  ethercatcoe.o(i.ecx_readPDOmapCA)
    ecx_readeeprom2                          0x0810def5   Thumb Code   102  ethercatmain.o(i.ecx_readeeprom2)
    ecx_readstate                            0x0810df5b   Thumb Code   492  ethercatmain.o(i.ecx_readstate)
    ecx_receive_processdata_group            0x0810e147   Thumb Code   406  ethercatmain.o(i.ecx_receive_processdata_group)
    ecx_send_processdata_group               0x0810e339   Thumb Code  1170  ethercatmain.o(i.ecx_send_processdata_group)
    ecx_setupdatagram                        0x0810e7cb   Thumb Code    94  ethercatbase.o(i.ecx_setupdatagram)
    ecx_srconfirm                            0x0810e829   Thumb Code    90  nicdrv.o(i.ecx_srconfirm)
    ecx_statecheck                           0x0810e883   Thumb Code   214  ethercatmain.o(i.ecx_statecheck)
    ecx_waitinframe                          0x0810e959   Thumb Code    42  nicdrv.o(i.ecx_waitinframe)
    ecx_waitinframe_red                      0x0810e985   Thumb Code   430  nicdrv.o(i.ecx_waitinframe_red)
    fabs                                     0x0810eb89   Thumb Code    24  fabs.o(i.fabs)
    fputc                                    0x0810eba1   Thumb Code    22  usart.o(i.fputc)
    low_level_output                         0x0810ebbd   Thumb Code   172  eth.o(i.low_level_output)
    pvPortMalloc                             0x0810f099   Thumb Code   480  heap_4.o(i.pvPortMalloc)
    uxListRemove                             0x0810f295   Thumb Code    40  list.o(i.uxListRemove)
    vApplicationStackOverflowHook            0x0810f2bd   Thumb Code    32  main.o(i.vApplicationStackOverflowHook)
    vCmd_Task                                0x0810f305   Thumb Code    60  serial_cmd.o(i.vCmd_Task)
    vListInitialise                          0x0810f35d   Thumb Code    26  list.o(i.vListInitialise)
    vListInsert                              0x0810f377   Thumb Code    52  list.o(i.vListInsert)
    vListInsertEnd                           0x0810f3ab   Thumb Code    24  list.o(i.vListInsertEnd)
    vTaskResume                              0x0810f3c5   Thumb Code   194  tasks.o(i.vTaskResume)
    vTaskStartScheduler                      0x0810f499   Thumb Code    96  tasks.o(i.vTaskStartScheduler)
    vTaskSuspend                             0x0810f509   Thumb Code   260  tasks.o(i.vTaskSuspend)
    vTaskSwitchContext                       0x0810f62d   Thumb Code   168  tasks.o(i.vTaskSwitchContext)
    xTaskCreate                              0x0810f6e9   Thumb Code    56  tasks.o(i.xTaskCreate)
    xTaskGetHandle                           0x0810f721   Thumb Code   142  tasks.o(i.xTaskGetHandle)
    xTaskIncrementTick                       0x0810f7c5   Thumb Code   414  tasks.o(i.xTaskIncrementTick)
    priMAC                                   0x0810f9b2   Data           6  nicdrv.o(.constdata)
    secMAC                                   0x0810f9b8   Data           6  nicdrv.o(.constdata)
    SystemCoreClock                          0x24000000   Data           4  system_stm32h7xx.o(.data)
    SystemD2Clock                            0x24000004   Data           4  system_stm32h7xx.o(.data)
    xEtherCATTaskHandle                      0x24000008   Data           4  main.o(.data)
    vid                                      0x2400000c   Data           4  main.o(.data)
    dorun                                    0x24000010   Data           4  main.o(.data)
    fault_reset_requested                    0x24000014   Data           1  main.o(.data)
    socket_mode                              0x24000015   Data           1  main.o(.data)
    g_active_axes                            0x24000016   Data           1  main.o(.data)
    g_active_coupled                         0x24000017   Data           1  main.o(.data)
    g_active_aux                             0x24000018   Data           1  main.o(.data)
    len485                                   0x24000019   Data           1  main.o(.data)
    can_tx_buf                               0x2400001a   Data           8  main.o(.data)
    can_rx_buf                               0x24000022   Data           8  main.o(.data)
    RecvLength                               0x2400002c   Data           1  eth.o(.data)
    current_pbuf_idx                         0x24000030   Data           4  eth.o(.data)
    sendfinishflag                           0x24000034   Data           4  eth.o(.data)
    uwTick                                   0x24000038   Data           4  stm32h7xx_hal.o(.data)
    uwTickPrio                               0x2400003c   Data           4  stm32h7xx_hal.o(.data)
    uwTickFreq                               0x24000040   Data           1  stm32h7xx_hal.o(.data)
    SendPackOk                               0x24000048   Data           1  dm9000.o(.data)
    s_FSMC_Init_Ok                           0x24000049   Data           1  dm9000.o(.data)
    receiveLen_DM9000                        0x2400004a   Data           2  dm9000.o(.data)
    receiveLen                               0x2400004c   Data           2  dm9000.o(.data)
    g_iRunTime                               0x24000050   Data           4  bsp_timer.o(.data)
    RS485_RX_CNT                             0x24000054   Data           2  rs485.o(.data)
    RS485_Receive_Over                       0x24000056   Data           1  rs485.o(.data)
    RS485_TX_Busy                            0x24000057   Data           1  rs485.o(.data)
    RS485_TC_Timeout                         0x24000058   Data           4  rs485.o(.data)
    g_uptime_seconds                         0x2400005c   Data           4  modbus_slave.o(.data)
    g_move_rpm                               0x240000b4   Data           4  motion_api.o(.data)
    g_home_rpm                               0x240000b8   Data           4  motion_api.o(.data)
    homing_active                            0x240000bc   Data           1  motion_api.o(.data)
    zero_requested                           0x240000bd   Data           1  motion_api.o(.data)
    cmd_idx                                  0x240000fc   Data           1  serial_cmd.o(.data)
    cmd_ready                                0x240000fd   Data           1  serial_cmd.o(.data)
    xCmdTaskHandle                           0x24000100   Data           4  serial_cmd.o(.data)
    ec_slavecount                            0x24000128   Data           4  ethercatmain.o(.data)
    EcatError                                0x24000134   Data           1  ethercatmain.o(.data)
    ec_DCtime                                0x24000138   Data           8  ethercatmain.o(.data)
    ecx_context                              0x24000140   Data          80  ethercatmain.o(.data)
    pxCurrentTCB                             0x24000190   Data           4  tasks.o(.data)
    __stdout                                 0x240001f8   Data           4  stdout.o(.data)
    IOmap                                    0x2400065c   Data         512  main.o(.bss)
    axis                                     0x2400085c   Data        1632  main.o(.bss)
    rs485buf                                 0x24000ebc   Data          64  main.o(.bss)
    TxConfig                                 0x24000efc   Data          52  eth.o(.bss)
    heth                                     0x24000f30   Data         136  eth.o(.bss)
    htim1                                    0x24000fb8   Data          76  tim.o(.bss)
    htim2                                    0x24001004   Data          76  tim.o(.bss)
    htim3                                    0x24001050   Data          76  tim.o(.bss)
    UartHandle                               0x2400109c   Data         144  usart.o(.bss)
    htim7                                    0x2400112c   Data          76  stm32h7xx_hal_timebase_tim.o(.bss)
    receiveBuffer_DM9000                     0x24001178   Data        1528  dm9000.o(.bss)
    receiveBuffer                            0x24001770   Data        1528  dm9000.o(.bss)
    USART3_RS485Handler                      0x24001d68   Data         144  rs485.o(.bss)
    hdma_usart3_rx                           0x24001df8   Data         120  rs485.o(.bss)
    hdma_usart3_tx                           0x24001e70   Data         120  rs485.o(.bss)
    RS485_RX_BUF                             0x24001ee8   Data         260  rs485.o(.bss)
    RS485_TX_BUF                             0x24001fec   Data         260  rs485.o(.bss)
    FDCAN1_Handler                           0x240020f0   Data         160  fdcan.o(.bss)
    FDCAN1_RxHeader                          0x24002190   Data          40  fdcan.o(.bss)
    FDCAN1_TxHeader                          0x240021b8   Data          36  fdcan.o(.bss)
    mb_regs                                  0x240021dc   Data        1024  modbus_slave.o(.bss)
    param_ram                                0x240026e0   Data        1024  param_store.o(.bss)
    cmd_buf                                  0x24003590   Data          64  serial_cmd.o(.bss)
    ec_slave                                 0x240035d0   Data        2920  ethercatmain.o(.bss)
    ec_group                                 0x24004138   Data         592  ethercatmain.o(.bss)
    ecx_port                                 0x2400602c   Data       51852  ethercatmain.o(.bss)
    ecx_redport                              0x24012ab8   Data       25960  ethercatmain.o(.bss)
    __initial_sp                             0x24027128   Data           0  startup_stm32h743xx.o(STACK)
    DMARxDscrTab                             0x30040000   Data          96  eth.o(.ARM.__AT_0x30040000)
    DMATxDscrTab                             0x30040060   Data          96  eth.o(.ARM.__AT_0x30040060)
    Rx_Buff                                  0x30040200   Data        6112  eth.o(.ARM.__AT_0x30040200)
    Tx_Buff                                  0x30044000   Data        6112  eth.o(.ARM.__AT_0x30044000)



==============================================================================

Memory Map of the image

  Image Entry point : 0x08000299

  Load Region LR_IROM1 (Base: 0x08000000, Size: 0x0000fd2c, Max: 0x00100000, ABSOLUTE, COMPRESSED[0x0000fbb0])

    Execution Region ER_IROM1 (Exec base: 0x08000000, Load base: 0x08000000, Size: 0x0000fb2c, Max: 0x00100000, ABSOLUTE)

    Exec Addr    Load Addr    Size         Type   Attr      Idx    E Section Name        Object

    0x08000000   0x08000000   0x00000298   Data   RO            3    RESET               startup_stm32h743xx.o
    0x08000298   0x08000298   0x00000000   Code   RO         9737  * .ARM.Collect$$$$00000000  mc_w.l(entry.o)
    0x08000298   0x08000298   0x00000004   Code   RO        10072    .ARM.Collect$$$$00000001  mc_w.l(entry2.o)
    0x0800029c   0x0800029c   0x00000004   Code   RO        10075    .ARM.Collect$$$$00000004  mc_w.l(entry5.o)
    0x080002a0   0x080002a0   0x00000000   Code   RO        10077    .ARM.Collect$$$$00000008  mc_w.l(entry7b.o)
    0x080002a0   0x080002a0   0x00000000   Code   RO        10079    .ARM.Collect$$$$0000000A  mc_w.l(entry8b.o)
    0x080002a0   0x080002a0   0x00000008   Code   RO        10080    .ARM.Collect$$$$0000000B  mc_w.l(entry9a.o)
    0x080002a8   0x080002a8   0x00000000   Code   RO        10082    .ARM.Collect$$$$0000000D  mc_w.l(entry10a.o)
    0x080002a8   0x080002a8   0x00000000   Code   RO        10084    .ARM.Collect$$$$0000000F  mc_w.l(entry11a.o)
    0x080002a8   0x080002a8   0x00000004   Code   RO        10073    .ARM.Collect$$$$00002712  mc_w.l(entry2.o)
    0x080002ac   0x080002ac   0x000000be   Code   RO         9524    .emb_text           port.o
    0x0800036a   0x0800036a   0x00000062   Code   RO         9742    .text               mc_w.l(ldiv.o)
    0x080003cc   0x080003cc   0x00000024   Code   RO         9748    .text               mc_w.l(memseta.o)
    0x080003f0   0x080003f0   0x00000018   Code   RO         9750    .text               mc_w.l(strncpy.o)
    0x08000408   0x08000408   0x00000014   Code   RO         9752    .text               mc_w.l(strchr.o)
    0x0800041c   0x0800041c   0x0000000e   Code   RO         9754    .text               mc_w.l(strlen.o)
    0x0800042a   0x0800042a   0x00000028   Code   RO        10021    .text               mf_w.l(dfltl.o)
    0x08000452   0x08000452   0x0000002c   Code   RO        10087    .text               mc_w.l(uidiv.o)
    0x0800047e   0x0800047e   0x0000001e   Code   RO        10089    .text               mc_w.l(llshl.o)
    0x0800049c   0x0800049c   0x00000000   Code   RO        10100    .text               mc_w.l(iusefp.o)
    0x0800049c   0x0800049c   0x000000ba   Code   RO        10101    .text               mf_w.l(depilogue.o)
    0x08000556   0x08000556   0x000000e4   Code   RO        10105    .text               mf_w.l(dmul.o)
    0x0800063a   0x0800063a   0x00000002   PAD
    0x0800063c   0x0800063c   0x00000030   Code   RO        10111    .text               mf_w.l(cdrcmple.o)
    0x0800066c   0x0800066c   0x00000024   Code   RO        10117    .text               mc_w.l(init.o)
    0x08000690   0x08000690   0x00000024   Code   RO        10119    .text               mc_w.l(llsshr.o)
    0x080006b4   0x080006b4   0x00000056   Code   RO        10129    .text               mc_w.l(__dczerorl2.o)
    0x0800070a   0x0800070a   0x00000002   PAD
    0x0800070c   0x0800070c   0x0000004c   Code   RO         6849    i.Arc_Abort         motion_api.o
    0x08000758   0x08000758   0x000001b0   Code   RO         6852    i.Axis_ApplyPosition  motion_api.o
    0x08000908   0x08000908   0x000002e8   Code   RO         6853    i.Axis_ApplyVelocity  motion_api.o
    0x08000bf0   0x08000bf0   0x0000024c   Code   RO         6855    i.Axis_CheckHomingDone  motion_api.o
    0x08000e3c   0x08000e3c   0x00000bdc   Code   RO         6856    i.Axis_ControlCycle  motion_api.o
    0x08001a18   0x08001a18   0x00000210   Code   RO         6867    i.Axis_Init         motion_api.o
    0x08001c28   0x08001c28   0x00000044   Code   RO         7274    i.Axis_NameToIndex  serial_cmd.o
    0x08001c6c   0x08001c6c   0x0000005e   Code   RO         7275    i.Axis_ParsePosition  serial_cmd.o
    0x08001cca   0x08001cca   0x00000064   Code   RO         7276    i.Axis_ParseRpm     serial_cmd.o
    0x08001d2e   0x08001d2e   0x00000002   PAD
    0x08001d30   0x08001d30   0x00000048   Code   RO         6877    i.Axis_SetMoveSpeed  motion_api.o
    0x08001d78   0x08001d78   0x000003ec   Code   RO         6879    i.Axis_StopOne      motion_api.o
    0x08002164   0x08002164   0x00000056   Code   RO         7278    i.Axis_TrimSpaces   serial_cmd.o
    0x080021ba   0x080021ba   0x00000002   PAD
    0x080021bc   0x080021bc   0x00000060   Code   RO         7162    i.Axis_UpdateModeGearRatio  ethercat_slave.o
    0x0800221c   0x0800221c   0x00000004   Code   RO          663    i.BusFault_Handler  stm32h7xx_it.o
    0x08002220   0x08002220   0x0000003a   Code   RO         6532    i.CRC16             modbus_slave.o
    0x0800225a   0x0800225a   0x00000002   PAD
    0x0800225c   0x0800225c   0x00000140   Code   RO          179    i.Cache_Enable      main.o
    0x0800239c   0x0800239c   0x00000054   Code   RO         7281    i.CycleVel_to_RPM   serial_cmd.o
    0x080023f0   0x080023f0   0x000000fc   Code   RO          588    i.DEBUG_USART_Config  usart.o
    0x080024ec   0x080024ec   0x000003cc   Code   RO         6198    i.DM9161_Init       dm9161.o
    0x080028b8   0x080028b8   0x00000138   Code   RO         6238    i.DM9K_CtrlLinesConfig  dm9000.o
    0x080029f0   0x080029f0   0x00000098   Code   RO         6239    i.DM9K_FSMCConfig   dm9000.o
    0x08002a88   0x08002a88   0x00000010   Code   RO          664    i.DMA1_Stream1_IRQHandler  stm32h7xx_it.o
    0x08002a98   0x08002a98   0x00000010   Code   RO          665    i.DMA1_Stream3_IRQHandler  stm32h7xx_it.o
    0x08002aa8   0x08002aa8   0x00000274   Code   RO         2131    i.DMA_SetConfig     stm32h7xx_hal_dma.o
    0x08002d1c   0x08002d1c   0x00000002   Code   RO          666    i.DebugMon_Handler  stm32h7xx_it.o
    0x08002d1e   0x08002d1e   0x0000001c   Code   RO         6356    i.Delay_us          bsp_timer.o
    0x08002d3a   0x08002d3a   0x00000052   Code   RO          961    i.ETH_DMATxDescListInit  stm32h7xx_hal_eth.o
    0x08002d8c   0x08002d8c   0x00000380   Code   RO          964    i.ETH_Prepare_Tx_Descriptors  stm32h7xx_hal_eth.o
    0x0800310c   0x0800310c   0x000000bc   Code   RO          965    i.ETH_SetDMAConfig  stm32h7xx_hal_eth.o
    0x080031c8   0x080031c8   0x000000a8   Code   RO         6477    i.FDCAN1_Mode_Init  fdcan.o
    0x08003270   0x08003270   0x00000044   Code   RO         5302    i.FMC_NORSRAM_Extended_Timing_Init  stm32h7xx_ll_fmc.o
    0x080032b4   0x080032b4   0x000000a4   Code   RO         5303    i.FMC_NORSRAM_Init  stm32h7xx_ll_fmc.o
    0x08003358   0x08003358   0x00000066   Code   RO         5304    i.FMC_NORSRAM_Timing_Init  stm32h7xx_ll_fmc.o
    0x080033be   0x080033be   0x00000002   PAD
    0x080033c0   0x080033c0   0x00000048   Code   RO          181    i.GetAxisPPR        main.o
    0x08003408   0x08003408   0x00000048   Code   RO         6712    i.GetAxisPPR        param_store.o
    0x08003450   0x08003450   0x00000048   Code   RO         7164    i.GetAxisPPR        ethercat_slave.o
    0x08003498   0x08003498   0x000004dc   Code   RO         2132    i.HAL_DMA_Abort     stm32h7xx_hal_dma.o
    0x08003974   0x08003974   0x00000398   Code   RO         2133    i.HAL_DMA_Abort_IT  stm32h7xx_hal_dma.o
    0x08003d0c   0x08003d0c   0x000003e0   Code   RO         2142    i.HAL_DMA_Start_IT  stm32h7xx_hal_dma.o
    0x080040ec   0x080040ec   0x00000028   Code   RO         2841    i.HAL_Delay         stm32h7xx_hal.o
    0x08004114   0x08004114   0x00000040   Code   RO          970    i.HAL_ETH_DescAssignMemory  stm32h7xx_hal_eth.o
    0x08004154   0x08004154   0x000001d6   Code   RO          977    i.HAL_ETH_GetMACConfig  stm32h7xx_hal_eth.o
    0x0800432a   0x0800432a   0x000000c0   Code   RO          981    i.HAL_ETH_GetRxDataBuffer  stm32h7xx_hal_eth.o
    0x080043ea   0x080043ea   0x00000112   Code   RO          987    i.HAL_ETH_IsRxDataAvailable  stm32h7xx_hal_eth.o
    0x080044fc   0x080044fc   0x00000078   Code   RO          992    i.HAL_ETH_ReadPHYRegister  stm32h7xx_hal_eth.o
    0x08004574   0x08004574   0x000000c6   Code   RO         1003    i.HAL_ETH_Start_IT  stm32h7xx_hal_eth.o
    0x0800463a   0x0800463a   0x000000d2   Code   RO         1006    i.HAL_ETH_Transmit  stm32h7xx_hal_eth.o
    0x0800470c   0x0800470c   0x00000014   Code   RO         2848    i.HAL_EnableCompensationCell  stm32h7xx_hal.o
    0x08004720   0x08004720   0x000000a8   Code   RO         5589    i.HAL_FDCAN_ConfigFilter  stm32h7xx_hal_fdcan.o
    0x080047c8   0x080047c8   0x00000030   Code   RO         5597    i.HAL_FDCAN_DeInit  stm32h7xx_hal_fdcan.o
    0x080047f8   0x080047f8   0x000002e0   Code   RO         5631    i.HAL_FDCAN_Init    stm32h7xx_hal_fdcan.o
    0x08004ad8   0x08004ad8   0x0000007c   Code   RO         6481    i.HAL_FDCAN_MspInit  fdcan.o
    0x08004b54   0x08004b54   0x000000a2   Code   RO         5644    i.HAL_FDCAN_Stop    stm32h7xx_hal_fdcan.o
    0x08004bf6   0x08004bf6   0x00000002   PAD
    0x08004bf8   0x08004bf8   0x0000000c   Code   RO         2852    i.HAL_GetREVID      stm32h7xx_hal.o
    0x08004c04   0x08004c04   0x0000000c   Code   RO         2853    i.HAL_GetTick       stm32h7xx_hal.o
    0x08004c10   0x08004c10   0x00000018   Code   RO         2859    i.HAL_IncTick       stm32h7xx_hal.o
    0x08004c28   0x08004c28   0x00000060   Code   RO         2860    i.HAL_Init          stm32h7xx_hal.o
    0x08004c88   0x08004c88   0x0000005c   Code   RO          815    i.HAL_MPU_ConfigRegion  stm32h7xx_hal_cortex.o
    0x08004ce4   0x08004ce4   0x00000028   Code   RO          827    i.HAL_NVIC_SetPriorityGrouping  stm32h7xx_hal_cortex.o
    0x08004d0c   0x08004d0c   0x00000024   Code   RO         1531    i.HAL_RCCEx_GetD3PCLK1Freq  stm32h7xx_hal_rcc_ex.o
    0x08004d30   0x08004d30   0x00000230   Code   RO         1533    i.HAL_RCCEx_GetPLL2ClockFreq  stm32h7xx_hal_rcc_ex.o
    0x08004f60   0x08004f60   0x00000320   Code   RO         1416    i.HAL_RCC_ClockConfig  stm32h7xx_hal_rcc.o
    0x08005280   0x08005280   0x0000004c   Code   RO         1421    i.HAL_RCC_GetHCLKFreq  stm32h7xx_hal_rcc.o
    0x080052cc   0x080052cc   0x00000024   Code   RO         1423    i.HAL_RCC_GetPCLK1Freq  stm32h7xx_hal_rcc.o
    0x080052f0   0x080052f0   0x0000022c   Code   RO         1425    i.HAL_RCC_GetSysClockFreq  stm32h7xx_hal_rcc.o
    0x0800551c   0x0800551c   0x00000070   Code   RO         5448    i.HAL_SRAM_Init     stm32h7xx_hal_sram.o
    0x0800558c   0x0800558c   0x00000014   Code   RO         2872    i.HAL_SYSCFG_ETHInterfaceSelect  stm32h7xx_hal.o
    0x080055a0   0x080055a0   0x00000002   Code   RO         4462    i.HAL_TIMEx_BreakCallback  stm32h7xx_hal_tim_ex.o
    0x080055a2   0x080055a2   0x00000002   PAD
    0x080055a4   0x080055a4   0x00000098   Code   RO          525    i.HAL_TIM_Base_MspInit  tim.o
    0x0800563c   0x0800563c   0x000000a8   Code   RO         3741    i.HAL_TIM_Base_Start_IT  stm32h7xx_hal_tim.o
    0x080056e4   0x080056e4   0x00000130   Code   RO         3745    i.HAL_TIM_ConfigClockSource  stm32h7xx_hal_tim.o
    0x08005814   0x08005814   0x000001b8   Code   RO         3784    i.HAL_TIM_IRQHandler  stm32h7xx_hal_tim.o
    0x080059cc   0x080059cc   0x00000002   Code   RO         3787    i.HAL_TIM_OC_DelayElapsedCallback  stm32h7xx_hal_tim.o
    0x080059ce   0x080059ce   0x00000002   PAD
    0x080059d0   0x080059d0   0x00000070   Code   RO          182    i.HAL_TIM_PeriodElapsedCallback  main.o
    0x08005a40   0x08005a40   0x00000002   Code   RO         3827    i.HAL_TIM_TriggerCallback  stm32h7xx_hal_tim.o
    0x08005a42   0x08005a42   0x00000066   Code   RO         5182    i.HAL_UARTEx_ReceiveToIdle_DMA  stm32h7xx_hal_uart_ex.o
    0x08005aa8   0x08005aa8   0x00000002   Code   RO         5184    i.HAL_UARTEx_RxFifoFullCallback  stm32h7xx_hal_uart_ex.o
    0x08005aaa   0x08005aaa   0x00000002   Code   RO         5189    i.HAL_UARTEx_WakeupCallback  stm32h7xx_hal_uart_ex.o
    0x08005aac   0x08005aac   0x00000078   Code   RO         4781    i.HAL_UART_Init     stm32h7xx_hal_uart.o
    0x08005b24   0x08005b24   0x00000002   Code   RO         4783    i.HAL_UART_MspInit  stm32h7xx_hal_uart.o
    0x08005b26   0x08005b26   0x00000002   Code   RO         4789    i.HAL_UART_RxHalfCpltCallback  stm32h7xx_hal_uart.o
    0x08005b28   0x08005b28   0x00000030   Code   RO         6402    i.HAL_UART_TxCpltCallback  rs485.o
    0x08005b58   0x08005b58   0x000000bc   Code   RO         6538    i.Handle_FC16       modbus_slave.o
    0x08005c14   0x08005c14   0x00000004   Code   RO          667    i.HardFault_Handler  stm32h7xx_it.o
    0x08005c18   0x08005c18   0x00000338   Code   RO         6886    i.Interp_Line       motion_api.o
    0x08005f50   0x08005f50   0x00000038   Code   RO         6540    i.MB_SendError      modbus_slave.o
    0x08005f88   0x08005f88   0x00000108   Code   RO          183    i.MPU_Config        main.o
    0x08006090   0x08006090   0x00000078   Code   RO          419    i.MX_ETH_Init       eth.o
    0x08006108   0x08006108   0x00000004   Code   RO          668    i.MemManage_Handler  stm32h7xx_it.o
    0x0800610c   0x0800610c   0x0000003c   Code   RO         6541    i.Modbus_Init       modbus_slave.o
    0x08006148   0x08006148   0x00000974   Code   RO         6543    i.Modbus_UpdateRegs  modbus_slave.o
    0x08006abc   0x08006abc   0x00000004   Code   RO          669    i.NMI_Handler       stm32h7xx_it.o
    0x08006ac0   0x08006ac0   0x0000002c   Code   RO          420    i.PHY_HardwareReset  eth.o
    0x08006aec   0x08006aec   0x0000010c   Code   RO          422    i.PHY_InitDM9161    eth.o
    0x08006bf8   0x08006bf8   0x00000178   Code   RO         6715    i.Param_EnsureDefaults  param_store.o
    0x08006d70   0x08006d70   0x0000001c   Code   RO         6716    i.Param_Get         param_store.o
    0x08006d8c   0x08006d8c   0x0000000c   Code   RO         6717    i.Param_GetVersion  param_store.o
    0x08006d98   0x08006d98   0x00000048   Code   RO         6718    i.Param_LoadAll     param_store.o
    0x08006de0   0x08006de0   0x00000028   Code   RO         6719    i.Param_LoadDefaults  param_store.o
    0x08006e08   0x08006e08   0x00000054   Code   RO         6720    i.Param_ResetFactory  param_store.o
    0x08006e5c   0x08006e5c   0x00000044   Code   RO         6722    i.Param_Set         param_store.o
    0x08006ea0   0x08006ea0   0x00000164   Code   RO         1544    i.RCCEx_PLL3_Config  stm32h7xx_hal_rcc_ex.o
    0x08007004   0x08007004   0x00000040   Code   RO         6406    i.RS485_TC_CheckTimeout  rs485.o
    0x08007044   0x08007044   0x00000188   Code   RO         7165    i.RefreshAxisGearRatio  ethercat_slave.o
    0x080071cc   0x080071cc   0x00000062   Code   RO         6895    i.SCurve_AutoAccJerk  motion_api.o
    0x0800722e   0x0800722e   0x0000001a   Code   RO         6639    i.SCurve_Init       motion_profile.o
    0x08007248   0x08007248   0x000004fc   Code   RO         6641    i.SCurve_Plan       motion_profile.o
    0x08007744   0x08007744   0x00000260   Code   RO         6645    i.SCurve_Step       motion_profile.o
    0x080079a4   0x080079a4   0x0000014c   Code   RO         6646    i.SCurve_Stop       motion_profile.o
    0x08007af0   0x08007af0   0x0000016c   Code   RO         7167    i.Servo_WriteGearRatio  ethercat_slave.o
    0x08007c5c   0x08007c5c   0x00000034   Code   RO         9525    i.SysTick_Handler   port.o
    0x08007c90   0x08007c90   0x00000010   Code   RO          670    i.TIM1_UP_IRQHandler  stm32h7xx_it.o
    0x08007ca0   0x08007ca0   0x00000010   Code   RO          671    i.TIM7_IRQHandler   stm32h7xx_it.o
    0x08007cb0   0x08007cb0   0x000000cc   Code   RO         3829    i.TIM_Base_SetConfig  stm32h7xx_hal_tim.o
    0x08007d7c   0x08007d7c   0x00000016   Code   RO         3840    i.TIM_ETR_SetConfig  stm32h7xx_hal_tim.o
    0x08007d92   0x08007d92   0x00000002   PAD
    0x08007d94   0x08007d94   0x00000018   Code   RO         3841    i.TIM_ITRx_SetConfig  stm32h7xx_hal_tim.o
    0x08007dac   0x08007dac   0x00000026   Code   RO         3849    i.TIM_TI1_ConfigInputStage  stm32h7xx_hal_tim.o
    0x08007dd2   0x08007dd2   0x00000028   Code   RO         3851    i.TIM_TI2_ConfigInputStage  stm32h7xx_hal_tim.o
    0x08007dfa   0x08007dfa   0x00000076   Code   RO         4796    i.UART_CheckIdleState  stm32h7xx_hal_uart.o
    0x08007e70   0x08007e70   0x0000006a   Code   RO         4799    i.UART_DMAReceiveCplt  stm32h7xx_hal_uart.o
    0x08007eda   0x08007eda   0x00000022   Code   RO         4801    i.UART_DMARxHalfCplt  stm32h7xx_hal_uart.o
    0x08007efc   0x08007efc   0x00000036   Code   RO         4803    i.UART_DMATransmitCplt  stm32h7xx_hal_uart.o
    0x08007f32   0x08007f32   0x0000000e   Code   RO         4805    i.UART_DMATxHalfCplt  stm32h7xx_hal_uart.o
    0x08007f40   0x08007f40   0x0000003c   Code   RO         4807    i.UART_EndRxTransfer  stm32h7xx_hal_uart.o
    0x08007f7c   0x08007f7c   0x00000020   Code   RO         4809    i.UART_EndTxTransfer  stm32h7xx_hal_uart.o
    0x08007f9c   0x08007f9c   0x0000058c   Code   RO         4814    i.UART_SetConfig    stm32h7xx_hal_uart.o
    0x08008528   0x08008528   0x000000a0   Code   RO         4815    i.UART_Start_Receive_DMA  stm32h7xx_hal_uart.o
    0x080085c8   0x080085c8   0x00000010   Code   RO          672    i.USART3_IRQHandler  stm32h7xx_it.o
    0x080085d8   0x080085d8   0x00000004   Code   RO          673    i.UsageFault_Handler  stm32h7xx_it.o
    0x080085dc   0x080085dc   0x00000020   Code   RO         9993    i.__0printf         mc_w.l(printfa.o)
    0x080085fc   0x080085fc   0x00000010   Code   RO          833    i.__NVIC_GetPriorityGrouping  stm32h7xx_hal_cortex.o
    0x0800860c   0x0800860c   0x00000004   PAD
    0x08008610   0x08008610   0x00000200   Code   RO        10023    i.__hardfp_atan     m_wv.l(atan.o)
    0x08008810   0x08008810   0x000001c0   Code   RO         9677    i.__hardfp_atan2    m_wv.l(atan2.o)
    0x080089d0   0x080089d0   0x000000b0   Code   RO         9701    i.__hardfp_sin      m_wv.l(sin.o)
    0x08008a80   0x08008a80   0x00000066   Code   RO         9713    i.__hardfp_sqrt     m_wv.l(sqrt.o)
    0x08008ae6   0x08008ae6   0x00000002   PAD
    0x08008ae8   0x08008ae8   0x00000310   Code   RO        10061    i.__ieee754_rem_pio2  m_wv.l(rred.o)
    0x08008df8   0x08008df8   0x000000e0   Code   RO        10037    i.__kernel_cos      m_wv.l(cos_i.o)
    0x08008ed8   0x08008ed8   0x00000070   Code   RO        10115    i.__kernel_poly     m_wv.l(poly.o)
    0x08008f48   0x08008f48   0x000000a8   Code   RO        10066    i.__kernel_sin      m_wv.l(sin_i.o)
    0x08008ff0   0x08008ff0   0x00000006   Code   RO        10042    i.__mathlib_dbl_infnan2  m_wv.l(dunder.o)
    0x08008ff6   0x08008ff6   0x00000002   PAD
    0x08008ff8   0x08008ff8   0x00000018   Code   RO        10046    i.__mathlib_dbl_underflow  m_wv.l(dunder.o)
    0x08009010   0x08009010   0x0000000e   Code   RO        10123    i.__scatterload_copy  mc_w.l(handlers.o)
    0x0800901e   0x0800901e   0x00000002   Code   RO        10124    i.__scatterload_null  mc_w.l(handlers.o)
    0x08009020   0x08009020   0x0000000e   Code   RO        10125    i.__scatterload_zeroinit  mc_w.l(handlers.o)
    0x0800902e   0x0800902e   0x00000002   PAD
    0x08009030   0x08009030   0x0000000c   Code   RO        10095    i.__set_errno       mc_w.l(errno.o)
    0x0800903c   0x0800903c   0x00000184   Code   RO        10000    i._fp_digits        mc_w.l(printfa.o)
    0x080091c0   0x080091c0   0x0000000a   Code   RO        10005    i._sputc            mc_w.l(printfa.o)
    0x080091ca   0x080091ca   0x00000002   PAD
    0x080091cc   0x080091cc   0x00000154   Code   RO          423    i.bfin_EMAC_recv    eth.o
    0x08009320   0x08009320   0x00000018   Code   RO         6357    i.bsp_GetTickCount  bsp_timer.o
    0x08009338   0x08009338   0x00000014   Code   RO         6242    i.dm9k_WriteReg     dm9000.o
    0x0800934c   0x0800934c   0x0000003c   Code   RO         6244    i.dm9k_hash_table   dm9000.o
    0x08009388   0x08009388   0x00000048   Code   RO         6247    i.dm9k_phy_write    dm9000.o
    0x080093d0   0x080093d0   0x0000008c   Code   RO         6250    i.dm9k_send_packet  dm9000.o
    0x0800945c   0x0800945c   0x00000030   Code   RO         7614    i.ec_SDOwrite       ethercatcoe.o
    0x0800948c   0x0800948c   0x00000018   Code   RO         7765    i.ec_config_map_group  ethercatconfig.o
    0x080094a4   0x080094a4   0x00000024   Code   RO         8224    i.ec_dcsync0        ethercatdc.o
    0x080094c8   0x080094c8   0x00000034   Code   RO         7906    i.ec_init           ethercatmain.o
    0x080094fc   0x080094fc   0x0000000c   Code   RO         7907    i.ec_nextmbxcnt     ethercatmain.o
    0x08009508   0x08009508   0x00000010   Code   RO         7908    i.ec_readstate      ethercatmain.o
    0x08009518   0x08009518   0x0000000e   Code   RO         7909    i.ec_receive_processdata  ethercatmain.o
    0x08009526   0x08009526   0x00000002   PAD
    0x08009528   0x08009528   0x00000014   Code   RO         7912    i.ec_send_processdata_group  ethercatmain.o
    0x0800953c   0x0800953c   0x00000018   Code   RO         8337    i.ec_setbufstat     nicdrv.o
    0x08009554   0x08009554   0x00000048   Code   RO         8338    i.ec_setupheader    nicdrv.o
    0x0800959c   0x0800959c   0x0000001c   Code   RO         7913    i.ec_statecheck     ethercatmain.o
    0x080095b8   0x080095b8   0x0000007a   Code   RO         7396    i.ecx_APRD          ethercatbase.o
    0x08009632   0x08009632   0x00000026   Code   RO         7397    i.ecx_APRDw         ethercatbase.o
    0x08009658   0x08009658   0x00000056   Code   RO         7398    i.ecx_APWR          ethercatbase.o
    0x080096ae   0x080096ae   0x00000022   Code   RO         7399    i.ecx_APWRw         ethercatbase.o
    0x080096d0   0x080096d0   0x0000007a   Code   RO         7403    i.ecx_FPRD          ethercatbase.o
    0x0800974a   0x0800974a   0x00000056   Code   RO         7405    i.ecx_FPWR          ethercatbase.o
    0x080097a0   0x080097a0   0x0000008c   Code   RO         7412    i.ecx_adddatagram   ethercatbase.o
    0x0800982c   0x0800982c   0x00000014   Code   RO         8340    i.ecx_clear_rxbufstat  nicdrv.o
    0x08009840   0x08009840   0x000001ec   Code   RO         7770    i.ecx_config_from_table  ethercatconfig.o
    0x08009a2c   0x08009a2c   0x0000060a   Code   RO         8226    i.ecx_configdc      ethercatdc.o
    0x0800a036   0x0800a036   0x00000078   Code   RO         7920    i.ecx_eeprom_waitnotbusyFP  ethercatmain.o
    0x0800a0ae   0x0800a0ae   0x0000005e   Code   RO         8341    i.ecx_getindex      nicdrv.o
    0x0800a10c   0x0800a10c   0x00000158   Code   RO         8342    i.ecx_inframe       nicdrv.o
    0x0800a264   0x0800a264   0x0000020c   Code   RO         7778    i.ecx_map_sii       ethercatconfig.o
    0x0800a470   0x0800a470   0x00000052   Code   RO         7924    i.ecx_mbxemergencyerror  ethercatmain.o
    0x0800a4c2   0x0800a4c2   0x0000008e   Code   RO         7925    i.ecx_mbxempty      ethercatmain.o
    0x0800a550   0x0800a550   0x00000032   Code   RO         7926    i.ecx_mbxerror      ethercatmain.o
    0x0800a582   0x0800a582   0x00000080   Code   RO         7928    i.ecx_mbxsend       ethercatmain.o
    0x0800a602   0x0800a602   0x0000005c   Code   RO         8343    i.ecx_outframe      nicdrv.o
    0x0800a65e   0x0800a65e   0x0000006c   Code   RO         8230    i.ecx_porttime      ethercatdc.o
    0x0800a6ca   0x0800a6ca   0x00000022   Code   RO         7931    i.ecx_pullindex     ethercatmain.o
    0x0800a6ec   0x0800a6ec   0x00000078   Code   RO         7932    i.ecx_pusherror     ethercatmain.o
    0x0800a764   0x0800a764   0x00000038   Code   RO         7933    i.ecx_pushindex     ethercatmain.o
    0x0800a79c   0x0800a79c   0x000000a4   Code   RO         7935    i.ecx_readeeprom1   ethercatmain.o
    0x0800a840   0x0800a840   0x00000144   Code   RO         7938    i.ecx_readeepromFP  ethercatmain.o
    0x0800a984   0x0800a984   0x00000150   Code   RO         7781    i.ecx_set_slaves_to_default  ethercatconfig.o
    0x0800aad4   0x0800aad4   0x00000026   Code   RO         8346    i.ecx_setbufstat    nicdrv.o
    0x0800aafa   0x0800aafa   0x00000118   Code   RO         8347    i.ecx_setupnic      nicdrv.o
    0x0800ac12   0x0800ac12   0x000000c4   Code   RO         7942    i.ecx_siiFMMU       ethercatmain.o
    0x0800acd6   0x0800acd6   0x000001e6   Code   RO         7943    i.ecx_siiPDO        ethercatmain.o
    0x0800aebc   0x0800aebc   0x00000106   Code   RO         7944    i.ecx_siiSM         ethercatmain.o
    0x0800afc2   0x0800afc2   0x000000d6   Code   RO         7945    i.ecx_siiSMnext     ethercatmain.o
    0x0800b098   0x0800b098   0x000000bc   Code   RO         7946    i.ecx_siifind       ethercatmain.o
    0x0800b154   0x0800b154   0x00000102   Code   RO         7947    i.ecx_siigetbyte    ethercatmain.o
    0x0800b256   0x0800b256   0x000000d4   Code   RO         7948    i.ecx_siistring     ethercatmain.o
    0x0800b32a   0x0800b32a   0x0000006a   Code   RO         7953    i.ecx_writestate    ethercatmain.o
    0x0800b394   0x0800b394   0x0000009a   Code   RO         6647    i.icbrt             motion_profile.o
    0x0800b42e   0x0800b42e   0x00000002   PAD
    0x0800b430   0x0800b430   0x00000a00   Code   RO          185    i.main              main.o
    0x0800be30   0x0800be30   0x000000cc   Code   RO         9090    i.prvAddCurrentTaskToDelayedList  tasks.o
    0x0800befc   0x0800befc   0x000000b8   Code   RO         9094    i.prvCreateStaticTask  tasks.o
    0x0800bfb4   0x0800bfb4   0x00000028   Code   RO         9097    i.prvIdleTask       tasks.o
    0x0800bfdc   0x0800bfdc   0x000000f6   Code   RO         9098    i.prvInitialiseNewTask  tasks.o
    0x0800c0d2   0x0800c0d2   0x00000002   PAD
    0x0800c0d4   0x0800c0d4   0x000000a0   Code   RO         9602    i.prvInsertBlockIntoFreeList  heap_4.o
    0x0800c174   0x0800c174   0x0000005c   Code   RO         9102    i.prvSearchForNameWithinSingleList  tasks.o
    0x0800c1d0   0x0800c1d0   0x00000040   Code   RO         9526    i.prvTaskExitError  port.o
    0x0800c210   0x0800c210   0x0000002c   Code   RO         9527    i.pxPortInitialiseStack  port.o
    0x0800c23c   0x0800c23c   0x000000d8   Code   RO         9106    i.ulTaskGenericNotifyTake  tasks.o
    0x0800c314   0x0800c314   0x00000048   Code   RO         9111    i.uxTaskGetStackHighWaterMark  tasks.o
    0x0800c35c   0x0800c35c   0x00000018   Code   RO          186    i.vApplicationGetIdleTaskMemory  main.o
    0x0800c374   0x0800c374   0x00000b4c   Code   RO         7238    i.vEtherCAT_Task    ethercat_task.o
    0x0800cec0   0x0800cec0   0x00000006   Code   RO         8603    i.vListInitialiseItem  list.o
    0x0800cec6   0x0800cec6   0x00000002   PAD
    0x0800cec8   0x0800cec8   0x00000054   Code   RO         9529    i.vPortEnterCritical  port.o
    0x0800cf1c   0x0800cf1c   0x0000003c   Code   RO         9530    i.vPortExitCritical  port.o
    0x0800cf58   0x0800cf58   0x000000c0   Code   RO         9605    i.vPortFree         heap_4.o
    0x0800d018   0x0800d018   0x00000028   Code   RO         9531    i.vPortSetupTimerInterrupt  port.o
    0x0800d040   0x0800d040   0x00000078   Code   RO         9532    i.vPortValidateInterruptPriority  port.o
    0x0800d0b8   0x0800d0b8   0x00000198   Code   RO         9120    i.vTaskGenericNotifyGiveFromISR  tasks.o
    0x0800d250   0x0800d250   0x00000010   Code   RO         9135    i.vTaskSuspendAll   tasks.o
    0x0800d260   0x0800d260   0x00000118   Code   RO         9533    i.xPortStartScheduler  port.o
    0x0800d378   0x0800d378   0x00000040   Code   RO         9140    i.xTaskCreateStatic  tasks.o
    0x0800d3b8   0x0800d3b8   0x0000019c   Code   RO         9157    i.xTaskResumeAll    tasks.o
    0x0800d554   0x0800d554   0x00000010   Data   RO           15    .constdata          system_stm32h7xx.o
    0x0800d564   0x0800d564   0x00000018   Data   RO         4822    .constdata          stm32h7xx_hal_uart.o
    0x0800d57c   0x0800d57c   0x0000005c   Data   RO         5679    .constdata          stm32h7xx_hal_fdcan.o
    0x0800d5d8   0x0800d5d8   0x00002002   Data   RO         6728    .constdata          param_store.o
    0x0800f5da   0x0800f5da   0x00000002   PAD
    0x0800f5dc   0x0800f5dc   0x0000002e   Data   RO         6897    .constdata          motion_api.o
    0x0800f60a   0x0800f60a   0x00000002   PAD
    0x0800f60c   0x0800f60c   0x0000009c   Data   RO         7782    .constdata          ethercatconfig.o
    0x0800f6a8   0x0800f6a8   0x00000098   Data   RO        10026    .constdata          m_wv.l(atan.o)
    0x0800f740   0x0800f740   0x00000030   Data   RO        10038    .constdata          m_wv.l(cos_i.o)
    0x0800f770   0x0800f770   0x00000008   Data   RO        10060    .constdata          m_wv.l(qnan.o)
    0x0800f778   0x0800f778   0x00000041   Data   RO         6199    .conststring        dm9161.o
    0x0800f7b9   0x0800f7b9   0x00000003   PAD
    0x0800f7bc   0x0800f7bc   0x0000004b   Data   RO         6546    .conststring        modbus_slave.o
    0x0800f807   0x0800f807   0x00000001   PAD
    0x0800f808   0x0800f808   0x00000211   Data   RO         6729    .conststring        param_store.o
    0x0800fa19   0x0800fa19   0x00000003   PAD
    0x0800fa1c   0x0800fa1c   0x00000065   Data   RO         7169    .conststring        ethercat_slave.o
    0x0800fa81   0x0800fa81   0x00000003   PAD
    0x0800fa84   0x0800fa84   0x00000042   Data   RO         7288    .conststring        serial_cmd.o
    0x0800fac6   0x0800fac6   0x00000002   PAD
    0x0800fac8   0x0800fac8   0x00000042   Data   RO         7783    .conststring        ethercatconfig.o
    0x0800fb0a   0x0800fb0a   0x00000002   PAD
    0x0800fb0c   0x0800fb0c   0x00000020   Data   RO        10121    Region$$Table       anon$$obj.o


    Execution Region RW_IRAM1 (Exec base: 0x20000000, Load base: 0x0800fb2c, Size: 0x00000000, Max: 0x00020000, ABSOLUTE)

    **** No section assigned to this execution region ****


    Execution Region RW_IRAM2 (Exec base: 0x24000000, Load base: 0x0800fb2c, Size: 0x00027128, Max: 0x00080000, ABSOLUTE, COMPRESSED[0x00000084])

    Exec Addr    Load Addr    Size         Type   Attr      Idx    E Section Name        Object

    0x24000000   COMPRESSED   0x00000008   Data   RW           16    .data               system_stm32h7xx.o
    0x24000008   COMPRESSED   0x00000022   Data   RW          189    .data               main.o
    0x2400002a   COMPRESSED   0x00000002   PAD
    0x2400002c   COMPRESSED   0x0000000c   Data   RW          432    .data               eth.o
    0x24000038   COMPRESSED   0x00000009   Data   RW         2882    .data               stm32h7xx_hal.o
    0x24000041   COMPRESSED   0x00000001   PAD
    0x24000042   COMPRESSED   0x0000000c   Data   RW         6252    .data               dm9000.o
    0x2400004e   COMPRESSED   0x00000002   PAD
    0x24000050   COMPRESSED   0x00000004   Data   RW         6359    .data               bsp_timer.o
    0x24000054   COMPRESSED   0x00000008   Data   RW         6409    .data               rs485.o
    0x2400005c   COMPRESSED   0x0000002a   Data   RW         6547    .data               modbus_slave.o
    0x24000086   COMPRESSED   0x00000002   PAD
    0x24000088   COMPRESSED   0x0000000c   Data   RW         6730    .data               param_store.o
    0x24000094   COMPRESSED   0x00000040   Data   RW         6899    .data               motion_api.o
    0x240000d4   COMPRESSED   0x00000026   Data   RW         7240    .data               ethercat_task.o
    0x240000fa   COMPRESSED   0x00000002   PAD
    0x240000fc   COMPRESSED   0x00000028   Data   RW         7289    .data               serial_cmd.o
    0x24000124   COMPRESSED   0x00000004   PAD
    0x24000128   COMPRESSED   0x00000068   Data   RW         7955    .data               ethercatmain.o
    0x24000190   COMPRESSED   0x00000040   Data   RW         9160    .data               tasks.o
    0x240001d0   COMPRESSED   0x0000000c   Data   RW         9534    .data               port.o
    0x240001dc   COMPRESSED   0x0000001c   Data   RW         9613    .data               heap_4.o
    0x240001f8   COMPRESSED   0x00000004   Data   RW        10086    .data               mc_w.l(stdout.o)
    0x240001fc   COMPRESSED   0x00000004   Data   RW        10096    .data               mc_w.l(errno.o)
    0x24000200        -       0x00000cfc   Zero   RW          188    .bss                main.o
    0x24000efc        -       0x000000bc   Zero   RW          431    .bss                eth.o
    0x24000fb8        -       0x000000e4   Zero   RW          529    .bss                tim.o
    0x2400109c        -       0x00000090   Zero   RW          593    .bss                usart.o
    0x2400112c        -       0x0000004c   Zero   RW          778    .bss                stm32h7xx_hal_timebase_tim.o
    0x24001178        -       0x00000bf0   Zero   RW         6251    .bss                dm9000.o
    0x24001d68        -       0x00000388   Zero   RW         6408    .bss                rs485.o
    0x240020f0        -       0x000000ec   Zero   RW         6482    .bss                fdcan.o
    0x240021dc        -       0x00000504   Zero   RW         6544    .bss                modbus_slave.o
    0x240026e0        -       0x00000420   Zero   RW         6727    .bss                param_store.o
    0x24002b00        -       0x00000a90   Zero   RW         6896    .bss                motion_api.o
    0x24003590        -       0x00000040   Zero   RW         7287    .bss                serial_cmd.o
    0x240035d0        -       0x00015a50   Zero   RW         7954    .bss                ethercatmain.o
    0x24019020        -       0x00000104   Zero   RW         9159    .bss                tasks.o
    0x24019124        -       0x00006000   Zero   RW         9612    .bss                heap_4.o
    0x2401f124   COMPRESSED   0x00000004   PAD
    0x2401f128        -       0x00008000   Zero   RW            1    STACK               startup_stm32h743xx.o



  Load Region LR_IROM2 (Base: 0x08100000, Size: 0x0000fb58, Max: 0x00100000, ABSOLUTE)

    Execution Region ER_IROM2 (Exec base: 0x08100000, Load base: 0x08100000, Size: 0x0000fb58, Max: 0x00100000, ABSOLUTE)

    Exec Addr    Load Addr    Size         Type   Attr      Idx    E Section Name        Object

    0x08100000   0x08100000   0x00000024   Code   RO            4    .text               startup_stm32h743xx.o
    0x08100024   0x08100024   0x00000062   Code   RO         9740    .text               mc_w.l(uldiv.o)
    0x08100086   0x08100086   0x00000024   Code   RO         9744    .text               mc_w.l(memcpya.o)
    0x081000aa   0x081000aa   0x00000012   Code   RO         9756    .text               mc_w.l(strcpy.o)
    0x081000bc   0x081000bc   0x00000020   Code   RO        10091    .text               mc_w.l(llushr.o)
    0x081000dc   0x081000dc   0x0000014e   Code   RO        10103    .text               mf_w.l(dadd.o)
    0x0810022a   0x0810022a   0x000000de   Code   RO        10107    .text               mf_w.l(ddiv.o)
    0x08100308   0x08100308   0x00000030   Code   RO        10109    .text               mf_w.l(dfixul.o)
    0x08100338   0x08100338   0x000001d0   Code   RO         6851    i.Arc_ProcessStep   motion_api.o
    0x08100508   0x08100508   0x0000005c   Code   RO         6854    i.Axis_CancelHoming  motion_api.o
    0x08100564   0x08100564   0x000003b0   Code   RO         6861    i.Axis_EnableAll    motion_api.o
    0x08100914   0x08100914   0x00000050   Code   RO         6868    i.Axis_IsAtTarget   motion_api.o
    0x08100964   0x08100964   0x0000009c   Code   RO         6872    i.Axis_JogStep      motion_api.o
    0x08100a00   0x08100a00   0x000000a0   Code   RO         6873    i.Axis_JogVel       motion_api.o
    0x08100aa0   0x08100aa0   0x00000034   Code   RO         7277    i.Axis_StrIEq       serial_cmd.o
    0x08100ad4   0x08100ad4   0x0000008c   Code   RO         6880    i.Axis_SyncAllTargetsFromEncoder  motion_api.o
    0x08100b60   0x08100b60   0x00000040   Code   RO         6881    i.Axis_UpdateHomingActive  motion_api.o
    0x08100ba0   0x08100ba0   0x0000003c   Code   RO         6882    i.Axis_WriteTargetPos  motion_api.o
    0x08100bdc   0x08100bdc   0x00000d9c   Code   RO         6533    i.CmdExec_CheckTriggers  modbus_slave.o
    0x08101978   0x08101978   0x00000020   Code   RO         7279    i.Cmd_CharIEq       serial_cmd.o
    0x08101998   0x08101998   0x00000016   Code   RO         7280    i.Cmd_ToUpper       serial_cmd.o
    0x081019ae   0x081019ae   0x00000054   Code   RO         6534    i.CycleVel_to_RPM   modbus_slave.o
    0x08101a02   0x08101a02   0x00000054   Code   RO         6883    i.CycleVel_to_RPM   motion_api.o
    0x08101a56   0x08101a56   0x00000002   PAD
    0x08101a58   0x08101a58   0x0000001c   Code   RO         6236    i.DM9000_Init       dm9000.o
    0x08101a74   0x08101a74   0x0000004a   Code   RO         6237    i.DM9000_Initnic    dm9000.o
    0x08101abe   0x08101abe   0x00000002   PAD
    0x08101ac0   0x08101ac0   0x0000012c   Code   RO         6197    i.DM9161_GetLinkState  dm9161.o
    0x08101bec   0x08101bec   0x000000ec   Code   RO         2127    i.DMA_CalcBaseAndBitshift  stm32h7xx_hal_dma.o
    0x08101cd8   0x08101cd8   0x000000c4   Code   RO         2128    i.DMA_CalcDMAMUXChannelBaseAndMask  stm32h7xx_hal_dma.o
    0x08101d9c   0x08101d9c   0x00000098   Code   RO         2129    i.DMA_CalcDMAMUXRequestGenBaseAndMask  stm32h7xx_hal_dma.o
    0x08101e34   0x08101e34   0x000000ae   Code   RO         2130    i.DMA_CheckFifoParam  stm32h7xx_hal_dma.o
    0x08101ee2   0x08101ee2   0x0000000c   Code   RO         6355    i.Delay_ms          bsp_timer.o
    0x08101eee   0x08101eee   0x00000060   Code   RO          960    i.ETH_DMARxDescListInit  stm32h7xx_hal_eth.o
    0x08101f4e   0x08101f4e   0x00000106   Code   RO          962    i.ETH_MACDMAConfig  stm32h7xx_hal_eth.o
    0x08102054   0x08102054   0x00000078   Code   RO          963    i.ETH_MAC_MDIO_ClkConfig  stm32h7xx_hal_eth.o
    0x081020cc   0x081020cc   0x00000194   Code   RO          966    i.ETH_SetMACConfig  stm32h7xx_hal_eth.o
    0x08102260   0x08102260   0x00000006   Code   RO          180    i.Error_Handler     main.o
    0x08102266   0x08102266   0x00000002   PAD
    0x08102268   0x08102268   0x00000220   Code   RO         5579    i.FDCAN_CalcultateRamBlockAddresses  stm32h7xx_hal_fdcan.o
    0x08102488   0x08102488   0x00000048   Code   RO         6535    i.GetAxisPPR        modbus_slave.o
    0x081024d0   0x081024d0   0x00000048   Code   RO         6884    i.GetAxisPPR        motion_api.o
    0x08102518   0x08102518   0x00000048   Code   RO         7282    i.GetAxisPPR        serial_cmd.o
    0x08102560   0x08102560   0x00000af8   Code   RO         2137    i.HAL_DMA_IRQHandler  stm32h7xx_hal_dma.o
    0x08103058   0x08103058   0x00000520   Code   RO         2138    i.HAL_DMA_Init      stm32h7xx_hal_dma.o
    0x08103578   0x08103578   0x00000082   Code   RO          967    i.HAL_ETH_BuildRxDescriptors  stm32h7xx_hal_eth.o
    0x081035fa   0x081035fa   0x0000007c   Code   RO          979    i.HAL_ETH_GetMACFilterConfig  stm32h7xx_hal_eth.o
    0x08103676   0x08103676   0x00000040   Code   RO          983    i.HAL_ETH_GetRxDataLength  stm32h7xx_hal_eth.o
    0x081036b6   0x081036b6   0x00000002   PAD
    0x081036b8   0x081036b8   0x00000150   Code   RO          986    i.HAL_ETH_Init      stm32h7xx_hal_eth.o
    0x08103808   0x08103808   0x00000148   Code   RO          416    i.HAL_ETH_MspInit   eth.o
    0x08103950   0x08103950   0x00000022   Code   RO          996    i.HAL_ETH_SetMACConfig  stm32h7xx_hal_eth.o
    0x08103972   0x08103972   0x00000002   PAD
    0x08103974   0x08103974   0x00000068   Code   RO          997    i.HAL_ETH_SetMACFilterConfig  stm32h7xx_hal_eth.o
    0x081039dc   0x081039dc   0x00000078   Code   RO          998    i.HAL_ETH_SetMDIOClockRange  stm32h7xx_hal_eth.o
    0x08103a54   0x08103a54   0x00000080   Code   RO         1010    i.HAL_ETH_WritePHYRegister  stm32h7xx_hal_eth.o
    0x08103ad4   0x08103ad4   0x000000a8   Code   RO         5582    i.HAL_FDCAN_ActivateNotification  stm32h7xx_hal_fdcan.o
    0x08103b7c   0x08103b7c   0x0000001c   Code   RO         6480    i.HAL_FDCAN_MspDeInit  fdcan.o
    0x08103b98   0x08103b98   0x00000034   Code   RO         5643    i.HAL_FDCAN_Start   stm32h7xx_hal_fdcan.o
    0x08103bcc   0x08103bcc   0x00000208   Code   RO         1980    i.HAL_GPIO_Init     stm32h7xx_hal_gpio.o
    0x08103dd4   0x08103dd4   0x0000000c   Code   RO         1984    i.HAL_GPIO_WritePin  stm32h7xx_hal_gpio.o
    0x08103de0   0x08103de0   0x000000a0   Code   RO          775    i.HAL_InitTick      stm32h7xx_hal_timebase_tim.o
    0x08103e80   0x08103e80   0x0000002c   Code   RO          816    i.HAL_MPU_Disable   stm32h7xx_hal_cortex.o
    0x08103eac   0x08103eac   0x00000040   Code   RO          817    i.HAL_MPU_Enable    stm32h7xx_hal_cortex.o
    0x08103eec   0x08103eec   0x00000024   Code   RO          751    i.HAL_MspInit       stm32h7xx_hal_msp.o
    0x08103f10   0x08103f10   0x00000044   Code   RO          819    i.HAL_NVIC_DisableIRQ  stm32h7xx_hal_cortex.o
    0x08103f54   0x08103f54   0x00000028   Code   RO          820    i.HAL_NVIC_EnableIRQ  stm32h7xx_hal_cortex.o
    0x08103f7c   0x08103f7c   0x0000007a   Code   RO          826    i.HAL_NVIC_SetPriority  stm32h7xx_hal_cortex.o
    0x08103ff6   0x08103ff6   0x00000002   PAD
    0x08103ff8   0x08103ff8   0x00000230   Code   RO         1534    i.HAL_RCCEx_GetPLL3ClockFreq  stm32h7xx_hal_rcc_ex.o
    0x08104228   0x08104228   0x00000b64   Code   RO         1540    i.HAL_RCCEx_PeriphCLKConfig  stm32h7xx_hal_rcc_ex.o
    0x08104d8c   0x08104d8c   0x0000006c   Code   RO         1420    i.HAL_RCC_GetClockConfig  stm32h7xx_hal_rcc.o
    0x08104df8   0x08104df8   0x00000024   Code   RO         1424    i.HAL_RCC_GetPCLK2Freq  stm32h7xx_hal_rcc.o
    0x08104e1c   0x08104e1c   0x000007e4   Code   RO         1428    i.HAL_RCC_OscConfig  stm32h7xx_hal_rcc.o
    0x08105600   0x08105600   0x00000002   Code   RO         5450    i.HAL_SRAM_MspInit  stm32h7xx_hal_sram.o
    0x08105602   0x08105602   0x00000002   Code   RO         4461    i.HAL_TIMEx_Break2Callback  stm32h7xx_hal_tim_ex.o
    0x08105604   0x08105604   0x00000002   Code   RO         4463    i.HAL_TIMEx_CommutCallback  stm32h7xx_hal_tim_ex.o
    0x08105606   0x08105606   0x00000002   PAD
    0x08105608   0x08105608   0x000000c0   Code   RO         4483    i.HAL_TIMEx_MasterConfigSynchronization  stm32h7xx_hal_tim_ex.o
    0x081056c8   0x081056c8   0x0000006e   Code   RO         3736    i.HAL_TIM_Base_Init  stm32h7xx_hal_tim.o
    0x08105736   0x08105736   0x00000002   Code   RO         3770    i.HAL_TIM_IC_CaptureCallback  stm32h7xx_hal_tim.o
    0x08105738   0x08105738   0x00000002   Code   RO         3814    i.HAL_TIM_PWM_PulseFinishedCallback  stm32h7xx_hal_tim.o
    0x0810573a   0x0810573a   0x00000002   PAD
    0x0810573c   0x0810573c   0x00000094   Code   RO         6400    i.HAL_UARTEx_RxEventCallback  rs485.o
    0x081057d0   0x081057d0   0x00000002   Code   RO         5188    i.HAL_UARTEx_TxFifoEmptyCallback  stm32h7xx_hal_uart_ex.o
    0x081057d2   0x081057d2   0x00000002   PAD
    0x081057d4   0x081057d4   0x0000003c   Code   RO         6401    i.HAL_UART_ErrorCallback  rs485.o
    0x08105810   0x08105810   0x000003d4   Code   RO         4780    i.HAL_UART_IRQHandler  stm32h7xx_hal_uart.o
    0x08105be4   0x08105be4   0x00000002   Code   RO         4788    i.HAL_UART_RxCpltCallback  stm32h7xx_hal_uart.o
    0x08105be6   0x08105be6   0x000000d6   Code   RO         4790    i.HAL_UART_Transmit  stm32h7xx_hal_uart.o
    0x08105cbc   0x08105cbc   0x000000b8   Code   RO         4791    i.HAL_UART_Transmit_DMA  stm32h7xx_hal_uart.o
    0x08105d74   0x08105d74   0x00000002   Code   RO         4794    i.HAL_UART_TxHalfCpltCallback  stm32h7xx_hal_uart.o
    0x08105d76   0x08105d76   0x00000002   PAD
    0x08105d78   0x08105d78   0x000000b8   Code   RO         6536    i.Handle_FC03       modbus_slave.o
    0x08105e30   0x08105e30   0x00000060   Code   RO         6537    i.Handle_FC06       modbus_slave.o
    0x08105e90   0x08105e90   0x000002d8   Code   RO         6885    i.Interp_ArcXY      motion_api.o
    0x08106168   0x08106168   0x00000064   Code   RO         6539    i.MB_Send           modbus_slave.o
    0x081061cc   0x081061cc   0x000005f0   Code   RO          391    i.MX_GPIO_Init      gpio.o
    0x081067bc   0x081067bc   0x00000074   Code   RO          526    i.MX_TIM1_Init      tim.o
    0x08106830   0x08106830   0x00000044   Code   RO          527    i.MX_TIM2_Init      tim.o
    0x08106874   0x08106874   0x000003e4   Code   RO         6542    i.Modbus_Poll       modbus_slave.o
    0x08106c58   0x08106c58   0x00000038   Code   RO         6887    i.Motion_Abort      motion_api.o
    0x08106c90   0x08106c90   0x00000024   Code   RO         6888    i.Motion_FlushQueue  motion_api.o
    0x08106cb4   0x08106cb4   0x000000c8   Code   RO         6890    i.Motion_ProcessQueue  motion_api.o
    0x08106d7c   0x08106d7c   0x0000024c   Code   RO          421    i.PHY_Init          eth.o
    0x08106fc8   0x08106fc8   0x00000078   Code   RO         7283    i.ParseCSV          serial_cmd.o
    0x08107040   0x08107040   0x000011e8   Code   RO         7284    i.ParseCommand      serial_cmd.o
    0x08108228   0x08108228   0x00000304   Code   RO         7285    i.ParseOneSegment   serial_cmd.o
    0x0810852c   0x0810852c   0x00000164   Code   RO         1543    i.RCCEx_PLL2_Config  stm32h7xx_hal_rcc_ex.o
    0x08108690   0x08108690   0x00000044   Code   RO         6894    i.RPM_to_CycleVel   motion_api.o
    0x081086d4   0x081086d4   0x00000198   Code   RO         6403    i.RS485_Init        rs485.o
    0x0810886c   0x0810886c   0x000000a8   Code   RO         6405    i.RS485_Send_Data   rs485.o
    0x08108914   0x08108914   0x00000018   Code   RO         6407    i.RS485_TX_Set      rs485.o
    0x0810892c   0x0810892c   0x00000012   Code   RO         6640    i.SCurve_IsDone     motion_profile.o
    0x0810893e   0x0810893e   0x000000cc   Code   RO         6644    i.SCurve_SimulateDisp  motion_profile.o
    0x08108a0a   0x08108a0a   0x00000002   PAD
    0x08108a0c   0x08108a0c   0x000002f4   Code   RO         7166    i.Servo_WriteAllGearRatios  ethercat_slave.o
    0x08108d00   0x08108d00   0x00000294   Code   RO         7168    i.Servosetup        ethercat_slave.o
    0x08108f94   0x08108f94   0x00000110   Code   RO          184    i.Stm32_Clock_Init  main.o
    0x081090a4   0x081090a4   0x00000104   Code   RO           14    i.SystemInit        system_stm32h7xx.o
    0x081091a8   0x081091a8   0x000000f8   Code   RO         4795    i.UART_AdvFeatureConfig  stm32h7xx_hal_uart.o
    0x081092a0   0x081092a0   0x00000018   Code   RO         4797    i.UART_DMAAbortOnError  stm32h7xx_hal_uart.o
    0x081092b8   0x081092b8   0x0000005e   Code   RO         4798    i.UART_DMAError     stm32h7xx_hal_uart.o
    0x08109316   0x08109316   0x00000022   Code   RO         4808    i.UART_EndTransmit_IT  stm32h7xx_hal_uart.o
    0x08109338   0x08109338   0x000000be   Code   RO         4821    i.UART_WaitOnFlagUntilTimeout  stm32h7xx_hal_uart.o
    0x081093f6   0x081093f6   0x00000002   PAD
    0x081093f8   0x081093f8   0x000000a0   Code   RO          589    i.USART1_IRQHandler  usart.o
    0x08109498   0x08109498   0x00000028   Code   RO         9995    i.__0sprintf        mc_w.l(printfa.o)
    0x081094c0   0x081094c0   0x00000030   Code   RO        10113    i.__ARM_fpclassify  m_wv.l(fpclassify.o)
    0x081094f0   0x081094f0   0x00000028   Code   RO          834    i.__NVIC_SetPriority  stm32h7xx_hal_cortex.o
    0x08109518   0x08109518   0x000000b0   Code   RO         9689    i.__hardfp_cos      m_wv.l(cos.o)
    0x081095c8   0x081095c8   0x0000003a   Code   RO         9725    i.__hardfp_sqrtf    m_wv.l(sqrtf.o)
    0x08109602   0x08109602   0x00000006   Code   RO        10041    i.__mathlib_dbl_infnan  m_wv.l(dunder.o)
    0x08109608   0x08109608   0x00000018   Code   RO        10043    i.__mathlib_dbl_invalid  m_wv.l(dunder.o)
    0x08109620   0x08109620   0x000006dc   Code   RO        10001    i._printf_core      mc_w.l(printfa.o)
    0x08109cfc   0x08109cfc   0x00000024   Code   RO        10002    i._printf_post_padding  mc_w.l(printfa.o)
    0x08109d20   0x08109d20   0x0000002e   Code   RO        10003    i._printf_pre_padding  mc_w.l(printfa.o)
    0x08109d4e   0x08109d4e   0x00000010   Code   RO        10025    i.atan              m_wv.l(atan.o)
    0x08109d5e   0x08109d5e   0x00000002   PAD
    0x08109d60   0x08109d60   0x00000020   Code   RO          424    i.bfin_EMAC_send    eth.o
    0x08109d80   0x08109d80   0x00000030   Code   RO         6240    i.dm9k_ReadID       dm9000.o
    0x08109db0   0x08109db0   0x00000018   Code   RO         6241    i.dm9k_ReadReg      dm9000.o
    0x08109dc8   0x08109dc8   0x00000064   Code   RO         6243    i.dm9k_err_reset    dm9000.o
    0x08109e2c   0x08109e2c   0x0000013c   Code   RO         6248    i.dm9k_receive_packet  dm9000.o
    0x08109f68   0x08109f68   0x000000d0   Code   RO         6249    i.dm9k_reset        dm9000.o
    0x0810a038   0x0810a038   0x00000030   Code   RO         7613    i.ec_SDOread        ethercatcoe.o
    0x0810a068   0x0810a068   0x00000010   Code   RO         7905    i.ec_clearmbx       ethercatmain.o
    0x0810a078   0x0810a078   0x00000014   Code   RO         7763    i.ec_config_init    ethercatconfig.o
    0x0810a08c   0x0810a08c   0x0000000e   Code   RO         7764    i.ec_config_map     ethercatconfig.o
    0x0810a09a   0x0810a09a   0x00000002   PAD
    0x0810a09c   0x0810a09c   0x00000010   Code   RO         8223    i.ec_configdc       ethercatdc.o
    0x0810a0ac   0x0810a0ac   0x00000100   Code   RO         7766    i.ec_findconfig     ethercatconfig.o
    0x0810a1ac   0x0810a1ac   0x00000018   Code   RO         7910    i.ec_receive_processdata_group  ethercatmain.o
    0x0810a1c4   0x0810a1c4   0x0000000a   Code   RO         7911    i.ec_send_processdata  ethercatmain.o
    0x0810a1ce   0x0810a1ce   0x00000002   PAD
    0x0810a1d0   0x0810a1d0   0x00000014   Code   RO         7914    i.ec_writestate     ethercatmain.o
    0x0810a1e4   0x0810a1e4   0x0000007a   Code   RO         7401    i.ecx_BRD           ethercatbase.o
    0x0810a25e   0x0810a25e   0x00000056   Code   RO         7402    i.ecx_BWR           ethercatbase.o
    0x0810a2b4   0x0810a2b4   0x0000013c   Code   RO         7915    i.ecx_FPRD_multi    ethercatmain.o
    0x0810a3f0   0x0810a3f0   0x00000026   Code   RO         7404    i.ecx_FPRDw         ethercatbase.o
    0x0810a416   0x0810a416   0x00000022   Code   RO         7406    i.ecx_FPWRw         ethercatbase.o
    0x0810a438   0x0810a438   0x00000042   Code   RO         7617    i.ecx_SDOerror      ethercatcoe.o
    0x0810a47a   0x0810a47a   0x00000362   Code   RO         7618    i.ecx_SDOread       ethercatcoe.o
    0x0810a7dc   0x0810a7dc   0x000003fa   Code   RO         7619    i.ecx_SDOwrite      ethercatcoe.o
    0x0810abd6   0x0810abd6   0x0000003e   Code   RO         7707    i.ecx_SoEerror      ethercatsoe.o
    0x0810ac14   0x0810ac14   0x00000226   Code   RO         7708    i.ecx_SoEread       ethercatsoe.o
    0x0810ae3a   0x0810ae3a   0x00000002   PAD
    0x0810ae3c   0x0810ae3c   0x000009fc   Code   RO         7771    i.ecx_config_init   ethercatconfig.o
    0x0810b838   0x0810b838   0x00000ea4   Code   RO         7772    i.ecx_config_map_group  ethercatconfig.o
    0x0810c6dc   0x0810c6dc   0x00000144   Code   RO         8227    i.ecx_dcsync0       ethercatdc.o
    0x0810c820   0x0810c820   0x00000098   Code   RO         7773    i.ecx_detect_slaves  ethercatconfig.o
    0x0810c8b8   0x0810c8b8   0x000000a8   Code   RO         7917    i.ecx_eeprom2master  ethercatmain.o
    0x0810c960   0x0810c960   0x0000007a   Code   RO         7918    i.ecx_eeprom2pdi    ethercatmain.o
    0x0810c9da   0x0810c9da   0x0000000e   Code   RO         7921    i.ecx_init          ethercatmain.o
    0x0810c9e8   0x0810c9e8   0x00000054   Code   RO         7774    i.ecx_init_context  ethercatconfig.o
    0x0810ca3c   0x0810ca3c   0x00000078   Code   RO         7922    i.ecx_init_redundant  ethercatmain.o
    0x0810cab4   0x0810cab4   0x00000174   Code   RO         7775    i.ecx_lookup_mapping  ethercatconfig.o
    0x0810cc28   0x0810cc28   0x00000314   Code   RO         7776    i.ecx_lookup_prev_sii  ethercatconfig.o
    0x0810cf3c   0x0810cf3c   0x000001e4   Code   RO         7777    i.ecx_map_coe_soe   ethercatconfig.o
    0x0810d120   0x0810d120   0x00000368   Code   RO         7779    i.ecx_map_sm        ethercatconfig.o
    0x0810d488   0x0810d488   0x00000244   Code   RO         7927    i.ecx_mbxreceive    ethercatmain.o
    0x0810d6cc   0x0810d6cc   0x00000094   Code   RO         8344    i.ecx_outframe_red  nicdrv.o
    0x0810d760   0x0810d760   0x00000042   Code   RO         7929    i.ecx_packeterror   ethercatmain.o
    0x0810d7a2   0x0810d7a2   0x00000064   Code   RO         8229    i.ecx_parentport    ethercatdc.o
    0x0810d806   0x0810d806   0x000000a6   Code   RO         8231    i.ecx_prevport      ethercatdc.o
    0x0810d8ac   0x0810d8ac   0x00000170   Code   RO         7710    i.ecx_readIDNmap    ethercatsoe.o
    0x0810da1c   0x0810da1c   0x0000010c   Code   RO         7621    i.ecx_readPDOassign  ethercatcoe.o
    0x0810db28   0x0810db28   0x000000bc   Code   RO         7622    i.ecx_readPDOassignCA  ethercatcoe.o
    0x0810dbe4   0x0810dbe4   0x000001ac   Code   RO         7623    i.ecx_readPDOmap    ethercatcoe.o
    0x0810dd90   0x0810dd90   0x00000164   Code   RO         7624    i.ecx_readPDOmapCA  ethercatcoe.o
    0x0810def4   0x0810def4   0x00000066   Code   RO         7936    i.ecx_readeeprom2   ethercatmain.o
    0x0810df5a   0x0810df5a   0x000001ec   Code   RO         7939    i.ecx_readstate     ethercatmain.o
    0x0810e146   0x0810e146   0x00000196   Code   RO         7940    i.ecx_receive_processdata_group  ethercatmain.o
    0x0810e2dc   0x0810e2dc   0x0000005c   Code   RO         8345    i.ecx_recvpkt       nicdrv.o
    0x0810e338   0x0810e338   0x00000492   Code   RO         7941    i.ecx_send_processdata_group  ethercatmain.o
    0x0810e7ca   0x0810e7ca   0x0000005e   Code   RO         7413    i.ecx_setupdatagram  ethercatbase.o
    0x0810e828   0x0810e828   0x0000005a   Code   RO         8348    i.ecx_srconfirm     nicdrv.o
    0x0810e882   0x0810e882   0x000000d6   Code   RO         7949    i.ecx_statecheck    ethercatmain.o
    0x0810e958   0x0810e958   0x0000002a   Code   RO         8349    i.ecx_waitinframe   nicdrv.o
    0x0810e982   0x0810e982   0x00000002   PAD
    0x0810e984   0x0810e984   0x000001b8   Code   RO         8350    i.ecx_waitinframe_red  nicdrv.o
    0x0810eb3c   0x0810eb3c   0x0000004c   Code   RO         7414    i.ecx_writedatagramdata  ethercatbase.o
    0x0810eb88   0x0810eb88   0x00000018   Code   RO        10056    i.fabs              m_wv.l(fabs.o)
    0x0810eba0   0x0810eba0   0x0000001c   Code   RO          592    i.fputc             usart.o
    0x0810ebbc   0x0810ebbc   0x000000c0   Code   RO          426    i.low_level_output  eth.o
    0x0810ec7c   0x0810ec7c   0x000000f8   Code   RO         9091    i.prvAddNewTaskToReadyList  tasks.o
    0x0810ed74   0x0810ed74   0x00000048   Code   RO         9092    i.prvCheckTasksWaitingTermination  tasks.o
    0x0810edbc   0x0810edbc   0x0000009c   Code   RO         9093    i.prvCreateIdleTasks  tasks.o
    0x0810ee58   0x0810ee58   0x0000005e   Code   RO         9095    i.prvCreateTask     tasks.o
    0x0810eeb6   0x0810eeb6   0x00000050   Code   RO         9096    i.prvDeleteTCB      tasks.o
    0x0810ef06   0x0810ef06   0x00000002   PAD
    0x0810ef08   0x0810ef08   0x0000006c   Code   RO         9601    i.prvHeapInit       heap_4.o
    0x0810ef74   0x0810ef74   0x00000068   Code   RO         9099    i.prvInitialiseTaskLists  tasks.o
    0x0810efdc   0x0810efdc   0x00000030   Code   RO         9101    i.prvResetNextTaskUnblockTime  tasks.o
    0x0810f00c   0x0810f00c   0x00000014   Code   RO         9103    i.prvTaskCheckFreeStackSpace  tasks.o
    0x0810f020   0x0810f020   0x00000078   Code   RO         9104    i.prvTaskIsTaskSuspended  tasks.o
    0x0810f098   0x0810f098   0x000001fc   Code   RO         9604    i.pvPortMalloc      heap_4.o
    0x0810f294   0x0810f294   0x00000028   Code   RO         8601    i.uxListRemove      list.o
    0x0810f2bc   0x0810f2bc   0x00000048   Code   RO          187    i.vApplicationStackOverflowHook  main.o
    0x0810f304   0x0810f304   0x00000058   Code   RO         7286    i.vCmd_Task         serial_cmd.o
    0x0810f35c   0x0810f35c   0x0000001a   Code   RO         8602    i.vListInitialise   list.o
    0x0810f376   0x0810f376   0x00000034   Code   RO         8604    i.vListInsert       list.o
    0x0810f3aa   0x0810f3aa   0x00000018   Code   RO         8605    i.vListInsertEnd    list.o
    0x0810f3c2   0x0810f3c2   0x00000002   PAD
    0x0810f3c4   0x0810f3c4   0x000000d4   Code   RO         9130    i.vTaskResume       tasks.o
    0x0810f498   0x0810f498   0x00000070   Code   RO         9133    i.vTaskStartScheduler  tasks.o
    0x0810f508   0x0810f508   0x00000124   Code   RO         9134    i.vTaskSuspend      tasks.o
    0x0810f62c   0x0810f62c   0x000000bc   Code   RO         9136    i.vTaskSwitchContext  tasks.o
    0x0810f6e8   0x0810f6e8   0x00000038   Code   RO         9139    i.xTaskCreate       tasks.o
    0x0810f720   0x0810f720   0x000000a4   Code   RO         9148    i.xTaskGetHandle    tasks.o
    0x0810f7c4   0x0810f7c4   0x000001cc   Code   RO         9153    i.xTaskIncrementTick  tasks.o
    0x0810f990   0x0810f990   0x00000008   Data   RO         2144    .constdata          stm32h7xx_hal_dma.o
    0x0810f998   0x0810f998   0x0000001a   Data   RO         6545    .constdata          modbus_slave.o
    0x0810f9b2   0x0810f9b2   0x0000000c   Data   RO         8351    .constdata          nicdrv.o
    0x0810f9be   0x0810f9be   0x00000002   PAD
    0x0810f9c0   0x0810f9c0   0x000000c8   Data   RO        10063    .constdata          m_wv.l(rred.o)
    0x0810fa88   0x0810fa88   0x00000028   Data   RO        10067    .constdata          m_wv.l(sin_i.o)
    0x0810fab0   0x0810fab0   0x000000a6   Data   RO         6898    .conststring        motion_api.o



  Load Region LR$$.ARM.__AT_0x30040000 (Base: 0x30040000, Size: 0x00000000, Max: 0x00000060, ABSOLUTE)

    Execution Region ER$$.ARM.__AT_0x30040000 (Exec base: 0x30040000, Load base: 0x30040000, Size: 0x00000060, Max: 0x00000060, ABSOLUTE, UNINIT)

    Exec Addr    Load Addr    Size         Type   Attr      Idx    E Section Name        Object

    0x30040000        -       0x00000060   Zero   RW          427    .ARM.__AT_0x30040000  eth.o



  Load Region LR$$.ARM.__AT_0x30040060 (Base: 0x30040060, Size: 0x00000000, Max: 0x00000060, ABSOLUTE)

    Execution Region ER$$.ARM.__AT_0x30040060 (Exec base: 0x30040060, Load base: 0x30040060, Size: 0x00000060, Max: 0x00000060, ABSOLUTE, UNINIT)

    Exec Addr    Load Addr    Size         Type   Attr      Idx    E Section Name        Object

    0x30040060        -       0x00000060   Zero   RW          428    .ARM.__AT_0x30040060  eth.o



  Load Region LR$$.ARM.__AT_0x30040200 (Base: 0x30040200, Size: 0x00000000, Max: 0x000017e0, ABSOLUTE)

    Execution Region ER$$.ARM.__AT_0x30040200 (Exec base: 0x30040200, Load base: 0x30040200, Size: 0x000017e0, Max: 0x000017e0, ABSOLUTE, UNINIT)

    Exec Addr    Load Addr    Size         Type   Attr      Idx    E Section Name        Object

    0x30040200        -       0x000017e0   Zero   RW          429    .ARM.__AT_0x30040200  eth.o



  Load Region LR$$.ARM.__AT_0x30044000 (Base: 0x30044000, Size: 0x00000000, Max: 0x000017e0, ABSOLUTE)

    Execution Region ER$$.ARM.__AT_0x30044000 (Exec base: 0x30044000, Load base: 0x30044000, Size: 0x000017e0, Max: 0x000017e0, ABSOLUTE, UNINIT)

    Exec Addr    Load Addr    Size         Type   Attr      Idx    E Section Name        Object

    0x30044000        -       0x000017e0   Zero   RW          430    .ARM.__AT_0x30044000  eth.o


==============================================================================

Image component sizes


      Code (inc. data)   RO Data    RW Data    ZI Data      Debug   Object Name

        64          8          0          4          0       2306   bsp_timer.o
      1554        128          0         12       3056      10078   dm9000.o
      1272        698         65          0          0       1776   dm9161.o
      1912        560          0         12      12604      43328   eth.o
      2340        566        101          0          0       5109   ethercat_slave.o
      2892        780          0         38          0       3809   ethercat_task.o
      1078          0          0          0          0      11482   ethercatbase.o
      3286         32          0          0          0      15427   ethercatcoe.o
     10722        824        222          0          0      16531   ethercatconfig.o
      2296         16          0          0          0       6636   ethercatdc.o
      7124         60          0        104      88656      39681   ethercatmain.o
       980          6          0          0          0       5526   ethercatsoe.o
         0          0          0          0          0      42044   event_groups.o
       320         24          0          0        236       3070   fdcan.o
      1520         40          0          0          0       2651   gpio.o
       968         82          0         28      24576       6391   heap_4.o
       148          0          0          0          0       3702   list.o
      3702       1040          0         34       3324     104483   main.o
      7798        462        101         42       1284      21952   modbus_slave.o
     10806       1268        212         64       2704      26551   motion_api.o
      2618          8          0          0          0       8604   motion_profile.o
      1776         62         12          0          0      11681   nicdrv.o
       752        164       8723         12       1056      13343   param_store.o
       934         86          0         12          0      12001   port.o
       920        130          0          8        904      42046   rs485.o
      6174       1396         66         40         64      16870   serial_cmd.o
        36          8        664          0      32768        968   startup_stm32h743xx.o
       224         48          0          9          0      24106   stm32h7xx_hal.o
       526         44          0          0          0      42558   stm32h7xx_hal_cortex.o
      8662        166          8          0          0      13590   stm32h7xx_hal_dma.o
      4616         90          0          0          0      21618   stm32h7xx_hal_eth.o
      1878         28         92          0          0       8885   stm32h7xx_hal_fdcan.o
       532         52          0          0          0       2536   stm32h7xx_hal_gpio.o
        36          4          0          0          0        982   stm32h7xx_hal_msp.o
      3632        118          0          0          0       7793   stm32h7xx_hal_rcc.o
      4784        110          0          0          0       7437   stm32h7xx_hal_rcc_ex.o
       114          6          0          0          0       1963   stm32h7xx_hal_sram.o
      1358         82          0          0          0      10119   stm32h7xx_hal_tim.o
       198         26          0          0          0       3340   stm32h7xx_hal_tim_ex.o
       160         20          0          0         76       1723   stm32h7xx_hal_timebase_tim.o
      4094        170         24          0          0      37194   stm32h7xx_hal_uart.o
       108          0          0          0          0       3316   stm32h7xx_hal_uart_ex.o
       102         30          0          0          0       5572   stm32h7xx_it.o
       334         10          0          0          0       3944   stm32h7xx_ll_fmc.o
       260         40         16          8          0    1362858   system_stm32h7xx.o
      4380        382          0         64        260      36350   tasks.o
       336         26          0          0        228       2689   tim.o
       440         50          0          0        144      17223   usart.o

    ----------------------------------------------------------------------
    110830       9954      10360        504     171944    2093842   Object Totals
         0          0         32          0          0          0   (incl. Generated)
        64          4         22         13          4          0   (incl. Padding)

    ----------------------------------------------------------------------

      Code (inc. data)   RO Data    RW Data    ZI Data      Debug   Library Member Name

       528        110        152          0          0        348   atan.o
       448         68          0          0          0        180   atan2.o
       176         18          0          0          0        156   cos.o
       224         42         48          0          0        184   cos_i.o
        60         28          0          0          0        464   dunder.o
        24          0          0          0          0        124   fabs.o
        48          0          0          0          0        124   fpclassify.o
       112          0          0          0          0        116   poly.o
         0          0          8          0          0          0   qnan.o
       784        138        200          0          0        172   rred.o
       176         18          0          0          0        160   sin.o
       168         24         40          0          0        196   sin_i.o
       102          0          0          0          0        140   sqrt.o
        58          0          0          0          0        136   sqrtf.o
        86          0          0          0          0          0   __dczerorl2.o
         0          0          0          0          0          0   entry.o
         0          0          0          0          0          0   entry10a.o
         0          0          0          0          0          0   entry11a.o
         8          4          0          0          0          0   entry2.o
         4          0          0          0          0          0   entry5.o
         0          0          0          0          0          0   entry7b.o
         0          0          0          0          0          0   entry8b.o
         8          4          0          0          0          0   entry9a.o
        12          6          0          4          0         68   errno.o
        30          0          0          0          0          0   handlers.o
        36          8          0          0          0         68   init.o
         0          0          0          0          0          0   iusefp.o
        98          0          0          0          0         84   ldiv.o
        30          0          0          0          0         68   llshl.o
        36          0          0          0          0         68   llsshr.o
        32          0          0          0          0         68   llushr.o
        36          0          0          0          0         68   memcpya.o
        36          0          0          0          0        108   memseta.o
      2308         96          0          0          0        604   printfa.o
         0          0          0          4          0          0   stdout.o
        20          0          0          0          0         68   strchr.o
        18          0          0          0          0         68   strcpy.o
        14          0          0          0          0         68   strlen.o
        24          0          0          0          0         76   strncpy.o
        44          0          0          0          0         80   uidiv.o
        98          0          0          0          0         92   uldiv.o
        48          0          0          0          0         68   cdrcmple.o
       334          0          0          0          0        148   dadd.o
       222          0          0          0          0        100   ddiv.o
       186          0          0          0          0        176   depilogue.o
        48          0          0          0          0         68   dfixul.o
        40          0          0          0          0         80   dfltl.o
       228          0          0          0          0         96   dmul.o

    ----------------------------------------------------------------------
      7006        564        448          8          0       4892   Library Totals
        14          0          0          0          0          0   (incl. Padding)

    ----------------------------------------------------------------------

      Code (inc. data)   RO Data    RW Data    ZI Data      Debug   Library Name

      2908        446        448          0          0       2500   m_wv.l
      2978        118          0          8          0       1656   mc_w.l
      1106          0          0          0          0        736   mf_w.l

    ----------------------------------------------------------------------
      7006        564        448          8          0       4892   Library Totals

    ----------------------------------------------------------------------

==============================================================================


      Code (inc. data)   RO Data    RW Data    ZI Data      Debug   

    117836      10518      10808        512     171944    2056670   Grand Totals
    117836      10518      10808        132     171944    2056670   ELF Image Totals (compressed)
    117836      10518      10808        132          0          0   ROM Totals

==============================================================================

    Total RO  Size (Code + RO Data)               128644 ( 125.63kB)
    Total RW  Size (RW Data + ZI Data)            172456 ( 168.41kB)
    Total ROM Size (Code + RO Data + RW Data)     128776 ( 125.76kB)

==============================================================================

